ARM Linker, RVCT4.0 [Build 524] for uVision [Standard]

==============================================================================

Section Cross References

    spi_flash.o(.text) refers to stm32f10x_rcc.o(.text) for RCC_APB2PeriphClockCmd
    spi_flash.o(.text) refers to stm32f10x_gpio.o(.text) for GPIO_Init
    spi_flash.o(.text) refers to stm32f10x_spi.o(.text) for SPI_Init
    stm32f10x_it.o(.text) refers to main.o(.text) for Decrement_TimingDelay
    stm32f10x_it.o(.text) refers to stm32f10x_rtc.o(.text) for RTC_GetITStatus
    stm32f10x_it.o(.text) refers to stm32f10x_tim.o(.text) for TIM_GetITStatus
    stm32f10x_it.o(.text) refers to stm32f10x_usart.o(.text) for USART_GetITStatus
    stm32f10x_it.o(.text) refers to main.o(.data) for AbsoluteTimeTicks
    stm32f10x_it.o(.text) refers to rtc.o(.data) for OneSec
    stm32f10x_it.o(.text) refers to stm32f10x_it.o(.data) for capture
    usermain.o(.text) refers to main.o(.text) for resettime
    usermain.o(.text) refers to usermain_maichong.o(.text) for GetSingleEye
    usermain.o(.text) refers to usermain.o(.data) for j
    usermain.o(.text) refers to f2d.o(x$fpl$f2d) for __aeabi_f2d
    usermain.o(.text) refers to faddsub_clz.o(x$fpl$fsub) for __aeabi_fsub
    usermain.o(.text) refers to dleqf.o(x$fpl$dleqf) for __aeabi_cdcmple
    usermain.o(.text) refers to usermain.o(.constdata) for .constdata
    usermain_b.o(.text) refers to main.o(.text) for EyeChMax
    usermain_b.o(.text) refers to fflt_clz.o(x$fpl$fflt) for __aeabi_i2f
    usermain_b.o(.text) refers to fmul.o(x$fpl$fmul) for __aeabi_fmul
    usermain_b.o(.text) refers to ffix.o(x$fpl$ffix) for __aeabi_f2iz
    usermain_b.o(.text) refers to usermain_maichong.o(.text) for GetEyeMaxNum
    usermain_b.o(.text) refers to usermain_b.o(.data) for Run_Ball_1
    usermain_b.o(.text) refers to faddsub_clz.o(x$fpl$frsb) for __aeabi_frsub
    usermain_b.o(.text) refers to frleqf.o(x$fpl$frleqf) for __aeabi_cfrcmple
    usermain_c.o(.text) refers to rtc.o(.text) for rtc_timedsp
    key_selection.o(.text) refers to usermain_maichong.o(.text) for s_GetSingleEye
    key_selection.o(.text) refers to main.o(.text) for Printf
    key_selection.o(.text) refers to usermain_b.o(.text) for sub_main
    key_selection.o(.text) refers to fflt_clz.o(x$fpl$fflt) for __aeabi_i2f
    key_selection.o(.text) refers to f2d.o(x$fpl$f2d) for __aeabi_f2d
    key_selection.o(.text) refers to faddsub_clz.o(x$fpl$fsub) for __aeabi_fsub
    key_selection.o(.text) refers to key_selection.o(.data) for HTZ_Ch
    key_selection.o(.text) refers to usermain_c.o(.text) for main_c
    key_selection.o(.text) refers to usermain.o(.text) for main_a
    usermain_maichong.o(.text) refers to main.o(.text) for seconds
    usermain_maichong.o(.text) refers to faddsub_clz.o(x$fpl$fsub) for __aeabi_fsub
    usermain_maichong.o(.text) refers to f2d.o(x$fpl$f2d) for __aeabi_f2d
    usermain_maichong.o(.text) refers to drleqf.o(x$fpl$drleqf) for __aeabi_cdrcmple
    stm32f10x_vector.o(STACK) refers (Special) to heapauxi.o(.text) for __use_two_region_memory
    stm32f10x_vector.o(HEAP) refers (Special) to heapauxi.o(.text) for __use_two_region_memory
    stm32f10x_vector.o(RESET) refers (Special) to heapauxi.o(.text) for __use_two_region_memory
    stm32f10x_vector.o(RESET) refers to stm32f10x_vector.o(STACK) for __initial_sp
    stm32f10x_vector.o(RESET) refers to stm32f10x_vector.o(.text) for Reset_Handler
    stm32f10x_vector.o(RESET) refers to stm32f10x_it.o(.text) for NMIException
    stm32f10x_vector.o(.text) refers (Special) to heapauxi.o(.text) for __use_two_region_memory
    stm32f10x_vector.o(.text) refers to __main.o(!!!main) for __main
    stm32f10x_vector.o(.text) refers to stm32f10x_vector.o(HEAP) for Heap_Mem
    stm32f10x_vector.o(.text) refers to stm32f10x_vector.o(STACK) for Stack_Mem
    stm32f10x_adc.o(.text) refers to stm32f10x_rcc.o(.text) for RCC_APB2PeriphResetCmd
    stm32f10x_bkp.o(.text) refers to stm32f10x_rcc.o(.text) for RCC_BackupResetCmd
    stm32f10x_can.o(.text) refers to stm32f10x_rcc.o(.text) for RCC_APB1PeriphResetCmd
    stm32f10x_dac.o(.text) refers to stm32f10x_rcc.o(.text) for RCC_APB1PeriphResetCmd
    stm32f10x_gpio.o(.text) refers to stm32f10x_rcc.o(.text) for RCC_APB2PeriphResetCmd
    stm32f10x_i2c.o(.text) refers to stm32f10x_rcc.o(.text) for RCC_APB1PeriphResetCmd
    stm32f10x_nvic.o(.text) refers to cortexm3_macro.o(.text) for __SETPRIMASK
    stm32f10x_pwr.o(.text) refers to stm32f10x_rcc.o(.text) for RCC_APB1PeriphResetCmd
    stm32f10x_pwr.o(.text) refers to cortexm3_macro.o(.text) for __WFI
    stm32f10x_rcc.o(.text) refers to stm32f10x_rcc.o(.data) for .data
    stm32f10x_rcc.o(.text) refers to stm32f10x_rcc.o(.constdata) for .constdata
    stm32f10x_spi.o(.text) refers to stm32f10x_rcc.o(.text) for RCC_APB2PeriphResetCmd
    stm32f10x_tim.o(.text) refers to stm32f10x_rcc.o(.text) for RCC_APB2PeriphResetCmd
    stm32f10x_usart.o(.text) refers to stm32f10x_rcc.o(.text) for RCC_APB2PeriphResetCmd
[...]
    TIM5_IRQHandler                          0x080003d9   Thumb Code     2  stm32f10x_it.o(.text)
    SPI3_IRQHandler                          0x080003db   Thumb Code     2  stm32f10x_it.o(.text)
    UART4_IRQHandler                         0x080003dd   Thumb Code    50  stm32f10x_it.o(.text)
    UART5_IRQHandler                         0x0800040f   Thumb Code     2  stm32f10x_it.o(.text)
    TIM6_IRQHandler                          0x08000411   Thumb Code     2  stm32f10x_it.o(.text)
    TIM7_IRQHandler                          0x08000413   Thumb Code     2  stm32f10x_it.o(.text)
    DMA2_Channel1_IRQHandler                 0x08000415   Thumb Code     2  stm32f10x_it.o(.text)
    DMA2_Channel2_IRQHandler                 0x08000417   Thumb Code     2  stm32f10x_it.o(.text)
    DMA2_Channel3_IRQHandler                 0x08000419   Thumb Code     2  stm32f10x_it.o(.text)
    DMA2_Channel4_5_IRQHandler               0x0800041b   Thumb Code     2  stm32f10x_it.o(.text)
    main_a                                   0x08000461   Thumb Code  2710  usermain.o(.text)
    my_EyeChMax                              0x08000f5d   Thumb Code    34  usermain_b.o(.text)
    Run                                      0x08000f7f   Thumb Code     2  usermain_b.o(.text)
    Run_B                                    0x08000f81   Thumb Code    80  usermain_b.o(.text)
    findball_f                               0x08000fd1   Thumb Code   132  usermain_b.o(.text)
    Run_back                                 0x08001055   Thumb Code   542  usermain_b.o(.text)
    my_fwjc_cmp                              0x08001273   Thumb Code   204  usermain_b.o(.text)
    sub_findfootball                         0x0800133f   Thumb Code   960  usermain_b.o(.text)
    attack_goal                              0x080016ff   Thumb Code   840  usermain_b.o(.text)
    sub_main                                 0x08001a47   Thumb Code    68  usermain_b.o(.text)
    main_c                                   0x08001ab1   Thumb Code    10  usermain_c.o(.text)
    H_GetEyeMaxNum_Value                     0x08001abd   Thumb Code   188  key_selection.o(.text)
    test_main                                0x08001b79   Thumb Code    54  key_selection.o(.text)
    main_key_selection                       0x08001baf   Thumb Code  1750  key_selection.o(.text)
    GetSingleEye                             0x080022dd   Thumb Code   204  usermain_maichong.o(.text)
    GetEyeMaxNum                             0x080023a9   Thumb Code   168  usermain_maichong.o(.text)
    GetEyeMaxValue                           0x08002451   Thumb Code   168  usermain_maichong.o(.text)
    s_GetSingleEye                           0x080024f9   Thumb Code   162  usermain_maichong.o(.text)
    s_GetEyeMaxNum                           0x0800259b   Thumb Code   168  usermain_maichong.o(.text)
    s_GetEyeMaxValue                         0x08002643   Thumb Code   168  usermain_maichong.o(.text)
    __WFI                                    0x080026f5   Thumb Code     0  cortexm3_macro.o(.text)
    __WFE                                    0x080026f9   Thumb Code     0  cortexm3_macro.o(.text)
    __SEV                                    0x080026fd   Thumb Code     0  cortexm3_macro.o(.text)
    __ISB                                    0x08002701   Thumb Code     0  cortexm3_macro.o(.text)
    __DSB                                    0x08002707   Thumb Code     0  cortexm3_macro.o(.text)
    __DMB                                    0x0800270d   Thumb Code     0  cortexm3_macro.o(.text)
    __SVC                                    0x08002713   Thumb Code     0  cortexm3_macro.o(.text)
    __MRS_CONTROL                            0x08002717   Thumb Code     0  cortexm3_macro.o(.text)
    __MSR_CONTROL                            0x0800271d   Thumb Code     0  cortexm3_macro.o(.text)
    __MRS_PSP                                0x08002727   Thumb Code     0  cortexm3_macro.o(.text)
    __MSR_PSP                                0x0800272d   Thumb Code     0  cortexm3_macro.o(.text)
    __MRS_MSP                                0x08002733   Thumb Code     0  cortexm3_macro.o(.text)
    __MSR_MSP                                0x08002739   Thumb Code     0  cortexm3_macro.o(.text)
    __RESETPRIMASK                           0x0800273f   Thumb Code     0  cortexm3_macro.o(.text)
    __SETPRIMASK                             0x08002743   Thumb Code     0  cortexm3_macro.o(.text)
    __READ_PRIMASK                           0x08002747   Thumb Code     0  cortexm3_macro.o(.text)
    __SETFAULTMASK                           0x0800274d   Thumb Code     0  cortexm3_macro.o(.text)
    __RESETFAULTMASK                         0x08002751   Thumb Code     0  cortexm3_macro.o(.text)
    __READ_FAULTMASK                         0x08002755   Thumb Code     0  cortexm3_macro.o(.text)
    __BASEPRICONFIG                          0x0800275b   Thumb Code     0  cortexm3_macro.o(.text)
    __GetBASEPRI                             0x08002761   Thumb Code     0  cortexm3_macro.o(.text)
    __REV_HalfWord                           0x08002767   Thumb Code     0  cortexm3_macro.o(.text)
    __REV_Word                               0x0800276b   Thumb Code     0  cortexm3_macro.o(.text)
    Reset_Handler                            0x08002771   Thumb Code     4  stm32f10x_vector.o(.text)
    __user_initial_stackheap                 0x08002775   Thumb Code     0  stm32f10x_vector.o(.text)
    ADC_DeInit                               0x08002795   Thumb Code    90  stm32f10x_adc.o(.text)
    ADC_Init                                 0x080027ef   Thumb Code    68  stm32f10x_adc.o(.text)
    ADC_StructInit                           0x08002833   Thumb Code    18  stm32f10x_adc.o(.text)
    ADC_Cmd                                  0x08002845   Thumb Code    22  stm32f10x_adc.o(.text)
    ADC_DMACmd                               0x0800285b   Thumb Code    22  stm32f10x_adc.o(.text)
    ADC_ITConfig                             0x08002871   Thumb Code    24  stm32f10x_adc.o(.text)
    ADC_ResetCalibration                     0x08002889   Thumb Code    10  stm32f10x_adc.o(.text)
    ADC_GetResetCalibrationStatus            0x08002893   Thumb Code    20  stm32f10x_adc.o(.text)
    ADC_StartCalibration                     0x080028a7   Thumb Code    10  stm32f10x_adc.o(.text)
    ADC_GetCalibrationStatus                 0x080028b1   Thumb Code    20  stm32f10x_adc.o(.text)
    ADC_SoftwareStartConvCmd                 0x080028c5   Thumb Code    22  stm32f10x_adc.o(.text)
    ADC_GetSoftwareStartConvStatus           0x080028db   Thumb Code    20  stm32f10x_adc.o(.text)
    ADC_DiscModeChannelCountConfig           0x080028ef   Thumb Code    22  stm32f10x_adc.o(.text)
    ADC_DiscModeCmd                          0x08002905   Thumb Code    22  stm32f10x_adc.o(.text)
    ADC_RegularChannelConfig                 0x0800291b   Thumb Code   180  stm32f10x_adc.o(.text)
    ADC_ExternalTrigConvCmd                  0x080029cf   Thumb Code    22  stm32f10x_adc.o(.text)
    ADC_GetConversionValue                   0x080029e5   Thumb Code     8  stm32f10x_adc.o(.text)
    ADC_GetDualModeConversionValue           0x080029ed   Thumb Code     6  stm32f10x_adc.o(.text)
    ADC_AutoInjectedConvCmd                  0x080029f3   Thumb Code    22  stm32f10x_adc.o(.text)
    ADC_InjectedDiscModeCmd                  0x08002a09   Thumb Code    22  stm32f10x_adc.o(.text)
    ADC_ExternalTrigInjectedConvConfig       0x08002a1f   Thumb Code    14  stm32f10x_adc.o(.text)
    ADC_ExternalTrigInjectedConvCmd          0x08002a2d   Thumb Code    22  stm32f10x_adc.o(.text)
    ADC_SoftwareStartInjectedConvCmd         0x08002a43   Thumb Code    22  stm32f10x_adc.o(.text)
    ADC_GetSoftwareStartInjectedConvCmdStatus 0x08002a59   Thumb Code    20  stm32f10x_adc.o(.text)
    ADC_InjectedChannelConfig                0x08002a6d   Thumb Code   126  stm32f10x_adc.o(.text)
    ADC_InjectedSequencerLengthConfig        0x08002aeb   Thumb Code    22  stm32f10x_adc.o(.text)
    ADC_SetInjectedOffset                    0x08002b01   Thumb Code     4  stm32f10x_adc.o(.text)
    ADC_GetInjectedConversionValue           0x08002b05   Thumb Code    10  stm32f10x_adc.o(.text)
    ADC_AnalogWatchdogCmd                    0x08002b0f   Thumb Code    14  stm32f10x_adc.o(.text)
    ADC_AnalogWatchdogThresholdsConfig       0x08002b1d   Thumb Code     6  stm32f10x_adc.o(.text)
    ADC_AnalogWatchdogSingleChannelConfig    0x08002b23   Thumb Code    14  stm32f10x_adc.o(.text)
    ADC_TempSensorVrefintCmd                 0x08002b31   Thumb Code    38  stm32f10x_adc.o(.text)
    ADC_GetFlagStatus                        0x08002b57   Thumb Code    18  stm32f10x_adc.o(.text)
    ADC_ClearFlag                            0x08002b69   Thumb Code     6  stm32f10x_adc.o(.text)
    ADC_GetITStatus                          0x08002b6f   Thumb Code    62  stm32f10x_adc.o(.text)
    ADC_ClearITPendingBit                    0x08002bad   Thumb Code    10  stm32f10x_adc.o(.text)
    BKP_DeInit                               0x08002bb9   Thumb Code    16  stm32f10x_bkp.o(.text)
    BKP_TamperPinLevelConfig                 0x08002bc9   Thumb Code     6  stm32f10x_bkp.o(.text)
    BKP_TamperPinCmd                         0x08002bcf   Thumb Code     8  stm32f10x_bkp.o(.text)
    BKP_ITConfig                             0x08002bd7   Thumb Code     8  stm32f10x_bkp.o(.text)
    BKP_RTCOutputConfig                      0x08002bdf   Thumb Code    22  stm32f10x_bkp.o(.text)
    BKP_SetRTCCalibrationValue               0x08002bf5   Thumb Code    22  stm32f10x_bkp.o(.text)
    BKP_WriteBackupRegister                  0x08002c0b   Thumb Code    10  stm32f10x_bkp.o(.text)
    BKP_ReadBackupRegister                   0x08002c15   Thumb Code    12  stm32f10x_bkp.o(.text)
    BKP_GetFlagStatus                        0x08002c21   Thumb Code    10  stm32f10x_bkp.o(.text)
    BKP_ClearFlag                            0x08002c2b   Thumb Code    18  stm32f10x_bkp.o(.text)
    BKP_GetITStatus                          0x08002c3d   Thumb Code    10  stm32f10x_bkp.o(.text)
    BKP_ClearITPendingBit                    0x08002c47   Thumb Code    18  stm32f10x_bkp.o(.text)
    FLASH_SetLatency                         0x08002c65   Thumb Code    22  stm32f10x_flash.o(.text)
    FLASH_HalfCycleAccessCmd                 0x08002c7b   Thumb Code    22  stm32f10x_flash.o(.text)
    FLASH_PrefetchBufferCmd                  0x08002c91   Thumb Code    22  stm32f10x_flash.o(.text)
    FLASH_Unlock                             0x08002ca7   Thumb Code    12  stm32f10x_flash.o(.text)
    FLASH_Lock                               0x08002cb3   Thumb Code    14  stm32f10x_flash.o(.text)
    FLASH_GetStatus                          0x08002cc1   Thumb Code    50  stm32f10x_flash.o(.text)
    FLASH_WaitForLastOperation               0x08002d01   Thumb Code    42  stm32f10x_flash.o(.text)
    FLASH_ErasePage                          0x08002d2b   Thumb Code    76  stm32f10x_flash.o(.text)
    FLASH_EraseAllPages                      0x08002d77   Thumb Code    72  stm32f10x_flash.o(.text)
    FLASH_EraseOptionBytes                   0x08002dbf   Thumb Code   142  stm32f10x_flash.o(.text)
    FLASH_ProgramWord                        0x08002e4d   Thumb Code   100  stm32f10x_flash.o(.text)
    FLASH_ProgramHalfWord                    0x08002eb1   Thumb Code    64  stm32f10x_flash.o(.text)
    FLASH_ProgramOptionByteData              0x08002ef1   Thumb Code    72  stm32f10x_flash.o(.text)
    FLASH_EnableWriteProtection              0x08002f39   Thumb Code   188  stm32f10x_flash.o(.text)
    FLASH_ReadOutProtection                  0x08002ff5   Thumb Code   178  stm32f10x_flash.o(.text)
    FLASH_UserOptionByteConfig               0x080030a7   Thumb Code    94  stm32f10x_flash.o(.text)
    FLASH_GetUserOptionByte                  0x08003105   Thumb Code     8  stm32f10x_flash.o(.text)
    FLASH_GetWriteProtectionOptionByte       0x0800310d   Thumb Code     6  stm32f10x_flash.o(.text)
    FLASH_GetReadOutProtectionStatus         0x08003113   Thumb Code    20  stm32f10x_flash.o(.text)
    FLASH_GetPrefetchBufferStatus            0x08003127   Thumb Code    20  stm32f10x_flash.o(.text)
    FLASH_ITConfig                           0x0800313b   Thumb Code    26  stm32f10x_flash.o(.text)
    FLASH_GetFlagStatus                      0x08003155   Thumb Code    42  stm32f10x_flash.o(.text)
    FLASH_ClearFlag                          0x0800317f   Thumb Code     6  stm32f10x_flash.o(.text)
    GPIO_DeInit                              0x08003195   Thumb Code   188  stm32f10x_gpio.o(.text)
    GPIO_AFIODeInit                          0x08003251   Thumb Code    20  stm32f10x_gpio.o(.text)
    GPIO_Init                                0x08003265   Thumb Code   266  stm32f10x_gpio.o(.text)
    GPIO_StructInit                          0x0800336f   Thumb Code    16  stm32f10x_gpio.o(.text)
    GPIO_ReadInputDataBit                    0x0800337f   Thumb Code    18  stm32f10x_gpio.o(.text)
    GPIO_ReadInputData                       0x08003391   Thumb Code     8  stm32f10x_gpio.o(.text)
    GPIO_ReadOutputDataBit                   0x08003399   Thumb Code    18  stm32f10x_gpio.o(.text)
    GPIO_ReadOutputData                      0x080033ab   Thumb Code     8  stm32f10x_gpio.o(.text)
    GPIO_SetBits                             0x080033b3   Thumb Code     4  stm32f10x_gpio.o(.text)
    GPIO_ResetBits                           0x080033b7   Thumb Code     4  stm32f10x_gpio.o(.text)
    GPIO_WriteBit                            0x080033bb   Thumb Code    10  stm32f10x_gpio.o(.text)
    GPIO_Write                               0x080033c5   Thumb Code     4  stm32f10x_gpio.o(.text)
    GPIO_PinLockConfig                       0x080033c9   Thumb Code    18  stm32f10x_gpio.o(.text)
    GPIO_EventOutputConfig                   0x080033db   Thumb Code    24  stm32f10x_gpio.o(.text)
    GPIO_EventOutputCmd                      0x080033f3   Thumb Code     6  stm32f10x_gpio.o(.text)
    GPIO_PinRemapConfig                      0x080033f9   Thumb Code   104  stm32f10x_gpio.o(.text)
    GPIO_EXTILineConfig                      0x08003461   Thumb Code    60  stm32f10x_gpio.o(.text)
    I2C_DeInit                               0x080034ad   Thumb Code    64  stm32f10x_i2c.o(.text)
    I2C_Init                                 0x080034ed   Thumb Code   230  stm32f10x_i2c.o(.text)
    I2C_StructInit                           0x080035d3   Thumb Code    30  stm32f10x_i2c.o(.text)
    I2C_Cmd                                  0x080035f1   Thumb Code    24  stm32f10x_i2c.o(.text)
    I2C_DMACmd                               0x08003609   Thumb Code    24  stm32f10x_i2c.o(.text)
    I2C_DMALastTransferCmd                   0x08003621   Thumb Code    24  stm32f10x_i2c.o(.text)
    I2C_GenerateSTART                        0x08003639   Thumb Code    24  stm32f10x_i2c.o(.text)
    I2C_GenerateSTOP                         0x08003651   Thumb Code    24  stm32f10x_i2c.o(.text)
    I2C_AcknowledgeConfig                    0x08003669   Thumb Code    24  stm32f10x_i2c.o(.text)
    I2C_OwnAddress2Config                    0x08003681   Thumb Code    20  stm32f10x_i2c.o(.text)
    I2C_DualAddressCmd                       0x08003695   Thumb Code    24  stm32f10x_i2c.o(.text)
    I2C_GeneralCallCmd                       0x080036ad   Thumb Code    24  stm32f10x_i2c.o(.text)
    I2C_ITConfig                             0x080036c5   Thumb Code    24  stm32f10x_i2c.o(.text)
    I2C_SendData                             0x080036dd   Thumb Code     4  stm32f10x_i2c.o(.text)
    I2C_ReceiveData                          0x080036e1   Thumb Code     8  stm32f10x_i2c.o(.text)
    I2C_Send7bitAddress                      0x080036e9   Thumb Code    18  stm32f10x_i2c.o(.text)
    I2C_ReadRegister                         0x080036fb   Thumb Code     6  stm32f10x_i2c.o(.text)
    I2C_SoftwareResetCmd                     0x08003701   Thumb Code    22  stm32f10x_i2c.o(.text)
    I2C_SMBusAlertConfig                     0x08003717   Thumb Code    28  stm32f10x_i2c.o(.text)
    I2C_TransmitPEC                          0x08003733   Thumb Code    24  stm32f10x_i2c.o(.text)
    I2C_PECPositionConfig                    0x0800374b   Thumb Code    28  stm32f10x_i2c.o(.text)
    I2C_CalculatePEC                         0x08003767   Thumb Code    24  stm32f10x_i2c.o(.text)
    I2C_GetPEC                               0x0800377f   Thumb Code     8  stm32f10x_i2c.o(.text)
    I2C_ARPCmd                               0x08003787   Thumb Code    24  stm32f10x_i2c.o(.text)
    I2C_StretchClockCmd                      0x0800379f   Thumb Code    24  stm32f10x_i2c.o(.text)
    I2C_FastModeDutyCycleConfig              0x080037b7   Thumb Code    28  stm32f10x_i2c.o(.text)
    I2C_GetLastEvent                         0x080037d3   Thumb Code    26  stm32f10x_i2c.o(.text)
    I2C_CheckEvent                           0x080037ed   Thumb Code    38  stm32f10x_i2c.o(.text)
    I2C_GetFlagStatus                        0x08003813   Thumb Code    38  stm32f10x_i2c.o(.text)
    I2C_ClearFlag                            0x08003839   Thumb Code    52  stm32f10x_i2c.o(.text)
    I2C_GetITStatus                          0x0800386d   Thumb Code    56  stm32f10x_i2c.o(.text)
    I2C_ClearITPendingBit                    0x080038a5   Thumb Code    52  stm32f10x_i2c.o(.text)
    NVIC_DeInit                              0x080038d9   Thumb Code    54  stm32f10x_nvic.o(.text)
    NVIC_SCBDeInit                           0x0800390f   Thumb Code    92  stm32f10x_nvic.o(.text)
    NVIC_PriorityGroupConfig                 0x0800396b   Thumb Code    12  stm32f10x_nvic.o(.text)
    NVIC_Init                                0x08003977   Thumb Code   154  stm32f10x_nvic.o(.text)
    NVIC_StructInit                          0x08003a11   Thumb Code    12  stm32f10x_nvic.o(.text)
    NVIC_SETPRIMASK                          0x08003a1d   Thumb Code     8  stm32f10x_nvic.o(.text)
    NVIC_RESETPRIMASK                        0x08003a25   Thumb Code     8  stm32f10x_nvic.o(.text)
    NVIC_SETFAULTMASK                        0x08003a2d   Thumb Code     8  stm32f10x_nvic.o(.text)
    NVIC_RESETFAULTMASK                      0x08003a35   Thumb Code     8  stm32f10x_nvic.o(.text)
    NVIC_BASEPRICONFIG                       0x08003a3d   Thumb Code    12  stm32f10x_nvic.o(.text)
    NVIC_GetBASEPRI                          0x08003a49   Thumb Code     8  stm32f10x_nvic.o(.text)
    NVIC_GetCurrentPendingIRQChannel         0x08003a51   Thumb Code    10  stm32f10x_nvic.o(.text)
    NVIC_GetIRQChannelPendingBitStatus       0x08003a5b   Thumb Code    42  stm32f10x_nvic.o(.text)
    NVIC_SetIRQChannelPendingBit             0x08003a85   Thumb Code     6  stm32f10x_nvic.o(.text)
    NVIC_ClearIRQChannelPendingBit           0x08003a8b   Thumb Code    20  stm32f10x_nvic.o(.text)
    NVIC_GetCurrentActiveHandler             0x08003a9f   Thumb Code    10  stm32f10x_nvic.o(.text)
    NVIC_GetIRQChannelActiveBitStatus        0x08003aa9   Thumb Code    42  stm32f10x_nvic.o(.text)
    NVIC_GetCPUID                            0x08003ad3   Thumb Code     8  stm32f10x_nvic.o(.text)
    NVIC_SetVectorTable                      0x08003adb   Thumb Code    14  stm32f10x_nvic.o(.text)
    NVIC_GenerateSystemReset                 0x08003ae9   Thumb Code    12  stm32f10x_nvic.o(.text)
    NVIC_GenerateCoreReset                   0x08003af5   Thumb Code    12  stm32f10x_nvic.o(.text)
    NVIC_SystemLPConfig                      0x08003b01   Thumb Code    38  stm32f10x_nvic.o(.text)
    NVIC_SystemHandlerConfig                 0x08003b27   Thumb Code    52  stm32f10x_nvic.o(.text)
    NVIC_SystemHandlerPriorityConfig         0x08003b5b   Thumb Code    98  stm32f10x_nvic.o(.text)
    NVIC_GetSystemHandlerPendingBitStatus    0x08003bbd   Thumb Code    44  stm32f10x_nvic.o(.text)
    NVIC_SetSystemHandlerPendingBit          0x08003be9   Thumb Code    26  stm32f10x_nvic.o(.text)
    NVIC_ClearSystemHandlerPendingBit        0x08003c03   Thumb Code    30  stm32f10x_nvic.o(.text)
    NVIC_GetSystemHandlerActiveBitStatus     0x08003c21   Thumb Code    42  stm32f10x_nvic.o(.text)
    NVIC_GetFaultHandlerSources              0x08003c4b   Thumb Code    66  stm32f10x_nvic.o(.text)
    NVIC_GetFaultAddress                     0x08003c8d   Thumb Code    28  stm32f10x_nvic.o(.text)
    PWR_DeInit                               0x08003cc5   Thumb Code    22  stm32f10x_pwr.o(.text)
    PWR_BackupAccessCmd                      0x08003cdb   Thumb Code     6  stm32f10x_pwr.o(.text)
    PWR_PVDCmd                               0x08003ce1   Thumb Code     6  stm32f10x_pwr.o(.text)
    PWR_PVDLevelConfig                       0x08003ce7   Thumb Code    16  stm32f10x_pwr.o(.text)
    PWR_WakeUpPinCmd                         0x08003cf7   Thumb Code     8  stm32f10x_pwr.o(.text)
    PWR_EnterSTOPMode                        0x08003cff   Thumb Code    52  stm32f10x_pwr.o(.text)
    PWR_EnterSTANDBYMode                     0x08003d33   Thumb Code    46  stm32f10x_pwr.o(.text)
    PWR_GetFlagStatus                        0x08003d61   Thumb Code    20  stm32f10x_pwr.o(.text)
    PWR_ClearFlag                            0x08003d75   Thumb Code    14  stm32f10x_pwr.o(.text)
    RCC_DeInit                               0x08003d91   Thumb Code    62  stm32f10x_rcc.o(.text)
    RCC_HSEConfig                            0x08003dcf   Thumb Code    70  stm32f10x_rcc.o(.text)
    RCC_GetFlagStatus                        0x08003e15   Thumb Code    56  stm32f10x_rcc.o(.text)
    RCC_WaitForHSEStartUp                    0x08003e4d   Thumb Code    62  stm32f10x_rcc.o(.text)
    RCC_AdjustHSICalibrationValue            0x08003e8b   Thumb Code    18  stm32f10x_rcc.o(.text)
    RCC_HSICmd                               0x08003e9d   Thumb Code     6  stm32f10x_rcc.o(.text)
    RCC_PLLConfig                            0x08003ea3   Thumb Code    22  stm32f10x_rcc.o(.text)
    RCC_PLLCmd                               0x08003eb9   Thumb Code     6  stm32f10x_rcc.o(.text)
    RCC_SYSCLKConfig                         0x08003ebf   Thumb Code    16  stm32f10x_rcc.o(.text)
    RCC_GetSYSCLKSource                      0x08003ecf   Thumb Code    10  stm32f10x_rcc.o(.text)
    RCC_HCLKConfig                           0x08003ed9   Thumb Code    16  stm32f10x_rcc.o(.text)
    RCC_PCLK1Config                          0x08003ee9   Thumb Code    16  stm32f10x_rcc.o(.text)
    RCC_PCLK2Config                          0x08003ef9   Thumb Code    18  stm32f10x_rcc.o(.text)
    RCC_ITConfig                             0x08003f0b   Thumb Code    30  stm32f10x_rcc.o(.text)
    RCC_USBCLKConfig                         0x08003f29   Thumb Code     8  stm32f10x_rcc.o(.text)
    RCC_ADCCLKConfig                         0x08003f31   Thumb Code    16  stm32f10x_rcc.o(.text)
    RCC_LSEConfig                            0x08003f41   Thumb Code    50  stm32f10x_rcc.o(.text)
    RCC_LSICmd                               0x08003f73   Thumb Code     6  stm32f10x_rcc.o(.text)
    RCC_RTCCLKConfig                         0x08003f79   Thumb Code    12  stm32f10x_rcc.o(.text)
    RCC_RTCCLKCmd                            0x08003f85   Thumb Code     8  stm32f10x_rcc.o(.text)
    RCC_GetClocksFreq                        0x08003f8d   Thumb Code   194  stm32f10x_rcc.o(.text)
    RCC_AHBPeriphClockCmd                    0x0800404f   Thumb Code    26  stm32f10x_rcc.o(.text)
    RCC_APB2PeriphClockCmd                   0x08004069   Thumb Code    26  stm32f10x_rcc.o(.text)
    RCC_APB1PeriphClockCmd                   0x08004083   Thumb Code    26  stm32f10x_rcc.o(.text)
    RCC_APB2PeriphResetCmd                   0x0800409d   Thumb Code    26  stm32f10x_rcc.o(.text)
    RCC_APB1PeriphResetCmd                   0x080040b7   Thumb Code    26  stm32f10x_rcc.o(.text)
    RCC_BackupResetCmd                       0x080040d1   Thumb Code     8  stm32f10x_rcc.o(.text)
    RCC_ClockSecuritySystemCmd               0x080040d9   Thumb Code     6  stm32f10x_rcc.o(.text)
    RCC_MCOConfig                            0x080040df   Thumb Code     6  stm32f10x_rcc.o(.text)
    RCC_ClearFlag                            0x080040e5   Thumb Code    14  stm32f10x_rcc.o(.text)
    RCC_GetITStatus                          0x080040f3   Thumb Code    20  stm32f10x_rcc.o(.text)
    RCC_ClearITPendingBit                    0x08004107   Thumb Code     6  stm32f10x_rcc.o(.text)
    RTC_ITConfig                             0x08004131   Thumb Code    34  stm32f10x_rtc.o(.text)
    RTC_EnterConfigMode                      0x08004153   Thumb Code    18  stm32f10x_rtc.o(.text)
    RTC_ExitConfigMode                       0x08004165   Thumb Code    20  stm32f10x_rtc.o(.text)
    RTC_GetCounter                           0x08004179   Thumb Code    20  stm32f10x_rtc.o(.text)
    RTC_SetCounter                           0x0800418d   Thumb Code    28  stm32f10x_rtc.o(.text)
    RTC_SetPrescaler                         0x080041a9   Thumb Code    30  stm32f10x_rtc.o(.text)
    RTC_SetAlarm                             0x080041c7   Thumb Code    28  stm32f10x_rtc.o(.text)
    RTC_GetDivider                           0x080041e3   Thumb Code    22  stm32f10x_rtc.o(.text)
    RTC_WaitForLastTask                      0x080041f9   Thumb Code    16  stm32f10x_rtc.o(.text)
    RTC_WaitForSynchro                       0x08004209   Thumb Code    34  stm32f10x_rtc.o(.text)
    RTC_GetFlagStatus                        0x0800422b   Thumb Code    22  stm32f10x_rtc.o(.text)
    RTC_ClearFlag                            0x08004241   Thumb Code    20  stm32f10x_rtc.o(.text)
    RTC_GetITStatus                          0x08004255   Thumb Code    34  stm32f10x_rtc.o(.text)
    RTC_ClearITPendingBit                    0x08004277   Thumb Code    20  stm32f10x_rtc.o(.text)
    SysTick_CLKSourceConfig                  0x08004295   Thumb Code    40  stm32f10x_systick.o(.text)
    SysTick_SetReload                        0x080042bd   Thumb Code     8  stm32f10x_systick.o(.text)
    SysTick_CounterCmd                       0x080042c5   Thumb Code    54  stm32f10x_systick.o(.text)
    SysTick_ITConfig                         0x080042fb   Thumb Code    38  stm32f10x_systick.o(.text)
    SysTick_GetCounter                       0x08004321   Thumb Code     8  stm32f10x_systick.o(.text)
    SysTick_GetFlagStatus                    0x08004329   Thumb Code    46  stm32f10x_systick.o(.text)
    TIM_DeInit                               0x08004359   Thumb Code   214  stm32f10x_tim.o(.text)
    TIM_TimeBaseInit                         0x0800442f   Thumb Code    50  stm32f10x_tim.o(.text)
    TIM_OC1Init                              0x08004461   Thumb Code   110  stm32f10x_tim.o(.text)
    TIM_OC2Init                              0x080044cf   Thumb Code   140  stm32f10x_tim.o(.text)
    TIM_OC3Init                              0x0800455b   Thumb Code   136  stm32f10x_tim.o(.text)
    TIM_OC4Init                              0x080045e3   Thumb Code    98  stm32f10x_tim.o(.text)
    TIM_SetIC4Prescaler                      0x08004645   Thumb Code    22  stm32f10x_tim.o(.text)
    TIM_SetIC3Prescaler                      0x0800469d   Thumb Code    18  stm32f10x_tim.o(.text)
    TIM_SetIC2Prescaler                      0x080046eb   Thumb Code    22  stm32f10x_tim.o(.text)
    TIM_SetIC1Prescaler                      0x08004751   Thumb Code    18  stm32f10x_tim.o(.text)
    TIM_ICInit                               0x08004795   Thumb Code   110  stm32f10x_tim.o(.text)
    TIM_PWMIConfig                           0x08004803   Thumb Code   124  stm32f10x_tim.o(.text)
    TIM_BDTRConfig                           0x0800487f   Thumb Code    32  stm32f10x_tim.o(.text)
    TIM_TimeBaseStructInit                   0x0800489f   Thumb Code    18  stm32f10x_tim.o(.text)
    TIM_OCStructInit                         0x080048b1   Thumb Code    20  stm32f10x_tim.o(.text)
    TIM_ICStructInit                         0x080048c5   Thumb Code    18  stm32f10x_tim.o(.text)
    TIM_BDTRStructInit                       0x080048d7   Thumb Code    18  stm32f10x_tim.o(.text)
    TIM_Cmd                                  0x080048e9   Thumb Code    24  stm32f10x_tim.o(.text)
    TIM_CtrlPWMOutputs                       0x08004901   Thumb Code    30  stm32f10x_tim.o(.text)
    TIM_ITConfig                             0x0800491f   Thumb Code    24  stm32f10x_tim.o(.text)
    TIM_GenerateEvent                        0x08004937   Thumb Code     4  stm32f10x_tim.o(.text)
    TIM_DMAConfig                            0x0800493b   Thumb Code    10  stm32f10x_tim.o(.text)
    TIM_DMACmd                               0x08004945   Thumb Code    24  stm32f10x_tim.o(.text)
    TIM_InternalClockConfig                  0x0800495d   Thumb Code    12  stm32f10x_tim.o(.text)
    TIM_SelectInputTrigger                   0x08004969   Thumb Code    16  stm32f10x_tim.o(.text)
    TIM_ITRxExternalClockConfig              0x08004979   Thumb Code    24  stm32f10x_tim.o(.text)
    TIM_TIxExternalClockConfig               0x08004991   Thumb Code    62  stm32f10x_tim.o(.text)
    TIM_ETRConfig                            0x080049cf   Thumb Code    24  stm32f10x_tim.o(.text)
    TIM_ETRClockMode1Config                  0x080049e7   Thumb Code    54  stm32f10x_tim.o(.text)
    TIM_ETRClockMode2Config                  0x08004a1d   Thumb Code    32  stm32f10x_tim.o(.text)
    TIM_PrescalerConfig                      0x08004a3d   Thumb Code     6  stm32f10x_tim.o(.text)
    TIM_CounterModeConfig                    0x08004a43   Thumb Code    16  stm32f10x_tim.o(.text)
    TIM_EncoderInterfaceConfig               0x08004a53   Thumb Code    56  stm32f10x_tim.o(.text)
    TIM_ForcedOC1Config                      0x08004a8b   Thumb Code    16  stm32f10x_tim.o(.text)
    TIM_ForcedOC2Config                      0x08004a9b   Thumb Code    20  stm32f10x_tim.o(.text)
    TIM_ForcedOC3Config                      0x08004aaf   Thumb Code    16  stm32f10x_tim.o(.text)
    TIM_ForcedOC4Config                      0x08004abf   Thumb Code    20  stm32f10x_tim.o(.text)
    TIM_ARRPreloadConfig                     0x08004ad3   Thumb Code    24  stm32f10x_tim.o(.text)
    TIM_SelectCOM                            0x08004aeb   Thumb Code    24  stm32f10x_tim.o(.text)
    TIM_SelectCCDMA                          0x08004b03   Thumb Code    24  stm32f10x_tim.o(.text)
    TIM_CCPreloadControl                     0x08004b1b   Thumb Code    24  stm32f10x_tim.o(.text)
    TIM_OC1PreloadConfig                     0x08004b33   Thumb Code    16  stm32f10x_tim.o(.text)
    TIM_OC2PreloadConfig                     0x08004b43   Thumb Code    20  stm32f10x_tim.o(.text)
    TIM_OC3PreloadConfig                     0x08004b57   Thumb Code    16  stm32f10x_tim.o(.text)
    TIM_OC4PreloadConfig                     0x08004b67   Thumb Code    20  stm32f10x_tim.o(.text)
    TIM_OC1FastConfig                        0x08004b7b   Thumb Code    16  stm32f10x_tim.o(.text)
    TIM_OC2FastConfig                        0x08004b8b   Thumb Code    20  stm32f10x_tim.o(.text)
    TIM_OC3FastConfig                        0x08004b9f   Thumb Code    16  stm32f10x_tim.o(.text)
    TIM_OC4FastConfig                        0x08004baf   Thumb Code    20  stm32f10x_tim.o(.text)
    TIM_ClearOC1Ref                          0x08004bc3   Thumb Code    16  stm32f10x_tim.o(.text)
    TIM_ClearOC2Ref                          0x08004bd3   Thumb Code    18  stm32f10x_tim.o(.text)
    TIM_ClearOC3Ref                          0x08004be5   Thumb Code    16  stm32f10x_tim.o(.text)
    TIM_ClearOC4Ref                          0x08004bf5   Thumb Code    18  stm32f10x_tim.o(.text)
    TIM_OC1PolarityConfig                    0x08004c07   Thumb Code    16  stm32f10x_tim.o(.text)
    TIM_OC1NPolarityConfig                   0x08004c17   Thumb Code    16  stm32f10x_tim.o(.text)
    TIM_OC2PolarityConfig                    0x08004c27   Thumb Code    20  stm32f10x_tim.o(.text)
    TIM_OC2NPolarityConfig                   0x08004c3b   Thumb Code    20  stm32f10x_tim.o(.text)
    TIM_OC3PolarityConfig                    0x08004c4f   Thumb Code    20  stm32f10x_tim.o(.text)
    TIM_OC3NPolarityConfig                   0x08004c63   Thumb Code    20  stm32f10x_tim.o(.text)
    TIM_OC4PolarityConfig                    0x08004c77   Thumb Code    20  stm32f10x_tim.o(.text)
    TIM_CCxCmd                               0x08004c8b   Thumb Code    30  stm32f10x_tim.o(.text)
    TIM_CCxNCmd                              0x08004ca9   Thumb Code    30  stm32f10x_tim.o(.text)
    TIM_SelectOCxM                           0x08004cc7   Thumb Code   114  stm32f10x_tim.o(.text)
    TIM_UpdateDisableConfig                  0x08004d39   Thumb Code    24  stm32f10x_tim.o(.text)
    TIM_UpdateRequestConfig                  0x08004d51   Thumb Code    24  stm32f10x_tim.o(.text)
    TIM_SelectHallSensor                     0x08004d69   Thumb Code    24  stm32f10x_tim.o(.text)
    TIM_SelectOnePulseMode                   0x08004d81   Thumb Code    18  stm32f10x_tim.o(.text)
    TIM_SelectOutputTrigger                  0x08004d93   Thumb Code    18  stm32f10x_tim.o(.text)
    TIM_SelectSlaveMode                      0x08004da5   Thumb Code    18  stm32f10x_tim.o(.text)
    TIM_SelectMasterSlaveMode                0x08004db7   Thumb Code    18  stm32f10x_tim.o(.text)
    TIM_SetCounter                           0x08004dc9   Thumb Code     4  stm32f10x_tim.o(.text)
    TIM_SetAutoreload                        0x08004dcd   Thumb Code     4  stm32f10x_tim.o(.text)
    TIM_SetCompare1                          0x08004dd1   Thumb Code     4  stm32f10x_tim.o(.text)
    TIM_SetCompare2                          0x08004dd5   Thumb Code     4  stm32f10x_tim.o(.text)
    TIM_SetCompare3                          0x08004dd9   Thumb Code     4  stm32f10x_tim.o(.text)
    TIM_SetCompare4                          0x08004ddd   Thumb Code     6  stm32f10x_tim.o(.text)
    TIM_SetClockDivision                     0x08004de3   Thumb Code    14  stm32f10x_tim.o(.text)
    TIM_GetCapture1                          0x08004df1   Thumb Code     6  stm32f10x_tim.o(.text)
    TIM_GetCapture2                          0x08004df7   Thumb Code     6  stm32f10x_tim.o(.text)
    TIM_GetCapture3                          0x08004dfd   Thumb Code     6  stm32f10x_tim.o(.text)
    TIM_GetCapture4                          0x08004e03   Thumb Code     8  stm32f10x_tim.o(.text)
    TIM_GetCounter                           0x08004e0b   Thumb Code     6  stm32f10x_tim.o(.text)
    TIM_GetPrescaler                         0x08004e11   Thumb Code     6  stm32f10x_tim.o(.text)
    TIM_GetFlagStatus                        0x08004e17   Thumb Code    18  stm32f10x_tim.o(.text)
    TIM_ClearFlag                            0x08004e29   Thumb Code     6  stm32f10x_tim.o(.text)
    TIM_GetITStatus                          0x08004e2f   Thumb Code    34  stm32f10x_tim.o(.text)
    TIM_ClearITPendingBit                    0x08004e51   Thumb Code     6  stm32f10x_tim.o(.text)
    USART_DeInit                             0x08004e59   Thumb Code   146  stm32f10x_usart.o(.text)
    USART_Init                               0x08004eeb   Thumb Code   150  stm32f10x_usart.o(.text)
    USART_StructInit                         0x08004f81   Thumb Code    24  stm32f10x_usart.o(.text)
    USART_ClockInit                          0x08004f99   Thumb Code    32  stm32f10x_usart.o(.text)
    USART_ClockStructInit                    0x08004fb9   Thumb Code    12  stm32f10x_usart.o(.text)
    USART_Cmd                                0x08004fc5   Thumb Code    24  stm32f10x_usart.o(.text)
    USART_ITConfig                           0x08004fdd   Thumb Code    62  stm32f10x_usart.o(.text)
    USART_DMACmd                             0x0800501b   Thumb Code    24  stm32f10x_usart.o(.text)
    USART_SetAddress                         0x08005033   Thumb Code    18  stm32f10x_usart.o(.text)
    USART_WakeUpConfig                       0x08005045   Thumb Code    18  stm32f10x_usart.o(.text)
    USART_ReceiverWakeUpCmd                  0x08005057   Thumb Code    24  stm32f10x_usart.o(.text)
    USART_LINBreakDetectLengthConfig         0x0800506f   Thumb Code    18  stm32f10x_usart.o(.text)
    USART_LINCmd                             0x08005081   Thumb Code    24  stm32f10x_usart.o(.text)
    USART_SendData                           0x08005099   Thumb Code     8  stm32f10x_usart.o(.text)
    USART_ReceiveData                        0x080050a1   Thumb Code    10  stm32f10x_usart.o(.text)
    USART_SendBreak                          0x080050ab   Thumb Code    10  stm32f10x_usart.o(.text)
    USART_SetGuardTime                       0x080050b5   Thumb Code    16  stm32f10x_usart.o(.text)
    USART_SetPrescaler                       0x080050c5   Thumb Code    16  stm32f10x_usart.o(.text)
    USART_SmartCardCmd                       0x080050d5   Thumb Code    24  stm32f10x_usart.o(.text)
    USART_SmartCardNACKCmd                   0x080050ed   Thumb Code    24  stm32f10x_usart.o(.text)
    USART_HalfDuplexCmd                      0x08005105   Thumb Code    24  stm32f10x_usart.o(.text)
    USART_IrDAConfig                         0x0800511d   Thumb Code    18  stm32f10x_usart.o(.text)
    USART_IrDACmd                            0x0800512f   Thumb Code    24  stm32f10x_usart.o(.text)
    USART_GetFlagStatus                      0x08005147   Thumb Code    18  stm32f10x_usart.o(.text)
    USART_ClearFlag                          0x08005159   Thumb Code     6  stm32f10x_usart.o(.text)
    USART_GetITStatus                        0x0800515f   Thumb Code    74  stm32f10x_usart.o(.text)
    USART_ClearITPendingBit                  0x080051a9   Thumb Code    20  stm32f10x_usart.o(.text)
    LCD_WriteEnglish                         0x080051c9   Thumb Code    42  lcd5110_api.o(.text)
    LCD_WriteEnglishStr                      0x080051f3   Thumb Code    22  lcd5110_api.o(.text)
    LCD_WriteEnglishSring                    0x08005209   Thumb Code    34  lcd5110_api.o(.text)
    FindHanzi                                0x0800522b   Thumb Code    44  lcd5110_api.o(.text)
    LcdHanzi                                 0x08005257   Thumb Code   142  lcd5110_api.o(.text)
    LCD_WriteDot                             0x080052e5   Thumb Code   108  lcd5110_api.o(.text)
    DrawLine                                 0x08005351   Thumb Code   214  lcd5110_api.o(.text)
    CommitBuffer                             0x08005427   Thumb Code    58  lcd5110_api.o(.text)
    get_time_ticks                           0x0800546d   Thumb Code     6  main.o(.text)
    Delay_f                                  0x08005473   Thumb Code    14  main.o(.text)
    Delay1us                                 0x08005481   Thumb Code    24  main.o(.text)
    USART_Config                             0x08005499   Thumb Code   180  main.o(.text)
    RCC_Configuration                        0x0800554d   Thumb Code   172  main.o(.text)
    GPIO_Configuration                       0x080055f9   Thumb Code   366  main.o(.text)
    NVIC_Configuration                       0x08005767   Thumb Code   106  main.o(.text)
    SysTick_Config                           0x080057d1   Thumb Code    40  main.o(.text)
    Delay                                    0x080057f9   Thumb Code    16  main.o(.text)
    Decrement_TimingDelay                    0x08005809   Thumb Code    18  main.o(.text)
    SetDriverMatchParam                      0x0800581b   Thumb Code   122  main.o(.text)
    SetMotoParam                             0x08005895   Thumb Code    38  main.o(.text)
    Motor_PinConnection                      0x080058bb   Thumb Code   102  main.o(.text)
    Motor_PWMPinLow                          0x08005921   Thumb Code    54  main.o(.text)
    StopMoto                                 0x08005957   Thumb Code   144  main.o(.text)
    StopAllMoto                              0x080059e7   Thumb Code    28  main.o(.text)
    stop                                     0x08005a03   Thumb Code     8  main.o(.text)
    SetMoto                                  0x08005a0b   Thumb Code   498  main.o(.text)
    SetAllMoto                               0x08005bfd   Thumb Code    76  main.o(.text)
    InitMoto                                 0x08005c49   Thumb Code   298  main.o(.text)
    SetIOModeMask                            0x08005d73   Thumb Code    54  main.o(.text)
    SetGPIOMode                              0x08005da9   Thumb Code   188  main.o(.text)
    InitIOMode                               0x08005e65   Thumb Code    36  main.o(.text)
    wait                                     0x08005e89   Thumb Code    40  main.o(.text)
    DI                                       0x08005eb1   Thumb Code   210  main.o(.text)
    SetDO                                    0x08005f83   Thumb Code   526  main.o(.text)
    Chip_4051_Choose                         0x08006191   Thumb Code   488  main.o(.text)
    transform_AI_Num                         0x08006379   Thumb Code   164  main.o(.text)
    AI_InputMode                             0x0800641d   Thumb Code   234  main.o(.text)
    AI                                       0x08006507   Thumb Code  1006  main.o(.text)
    ADToV                                    0x080068f5   Thumb Code    88  main.o(.text)
    GetChipTemp                              0x0800694d   Thumb Code   100  main.o(.text)
    GetRTC                                   0x080069b1   Thumb Code    10  main.o(.text)
    MCLK_Config                              0x080069bb   Thumb Code   134  main.o(.text)
    itoa                                     0x08006a41   Thumb Code   384  main.o(.text)
    Printf                                   0x08006bc1   Thumb Code   452  main.o(.text)
    Printf_XY                                0x08006d85   Thumb Code   476  main.o(.text)
    InitI2C                                  0x08006f61   Thumb Code   116  main.o(.text)
    Read_I2C_Status                          0x08006fd5   Thumb Code   112  main.o(.text)
    I2C_Read_Data                            0x08007045   Thumb Code   364  main.o(.text)
    I2C_Read                                 0x080071b1   Thumb Code   230  main.o(.text)
    I2C_Write_Data                           0x08007297   Thumb Code   162  main.o(.text)
    I2C_Save                                 0x08007339   Thumb Code   242  main.o(.text)
    Sonar_Dis                                0x0800742b   Thumb Code    54  main.o(.text)
    Compass_Degree                           0x08007461   Thumb Code     6  main.o(.text)
    compute_current_width                    0x08007467   Thumb Code   120  main.o(.text)
    generate_edge_array                      0x080074df   Thumb Code   286  main.o(.text)
    SetServo                                 0x080075fd   Thumb Code   128  main.o(.text)
    InitSV                                   0x0800767d   Thumb Code   156  main.o(.text)
    UART_Set                                 0x08007719   Thumb Code   112  main.o(.text)
    UART_Check                               0x08007789   Thumb Code    64  main.o(.text)
    SCI_Send                                 0x080077c9   Thumb Code    54  main.o(.text)
    SCI_Receive                              0x080077ff   Thumb Code    50  main.o(.text)
    Get_Button                               0x08007831   Thumb Code    62  main.o(.text)
    Init_FLASH                               0x0800786f   Thumb Code    64  main.o(.text)
    FLASH_Read                               0x080078af   Thumb Code    40  main.o(.text)
    FLASH_Write                              0x080078d7   Thumb Code   154  main.o(.text)
    SetLED                                   0x08007971   Thumb Code    18  main.o(.text)
    EyeInMinEx                               0x08007983   Thumb Code    68  main.o(.text)
    EyeChMinEx                               0x080079c7   Thumb Code   134  main.o(.text)
    EyeInMaxEx                               0x08007a4d   Thumb Code    64  main.o(.text)
    EyeChMaxEx                               0x08007a8d   Thumb Code    76  main.o(.text)
    EyeInMin                                 0x08007ad9   Thumb Code    30  main.o(.text)
    EyeChMin                                 0x08007af7   Thumb Code    94  main.o(.text)
    EyeInMax                                 0x08007b55   Thumb Code    30  main.o(.text)
    EyeChMax                                 0x08007b73   Thumb Code    90  main.o(.text)
    resettime                                0x08007bcd   Thumb Code     8  main.o(.text)
    seconds                                  0x08007bd5   Thumb Code    46  main.o(.text)
    Drive                                    0x08007c03   Thumb Code    28  main.o(.text)
    SetMotor                                 0x08007c1f   Thumb Code    36  main.o(.text)
    StopMotor                                0x08007c43   Thumb Code    12  main.o(.text)
    microphone                               0x08007c4f   Thumb Code    12  main.o(.text)
    SCI_Set                                  0x08007c5b   Thumb Code   116  main.o(.text)
    serial_putchar                           0x08007ccf   Thumb Code    44  main.o(.text)
    serial_getchar                           0x08007cfb   Thumb Code    56  main.o(.text)
    ad2voltage                               0x08007d33   Thumb Code    52  main.o(.text)
    EnterCode                                0x08007d67   Thumb Code    24  main.o(.text)
    LCD5110_Syste_Init                       0x08007d7f   Thumb Code    56  main.o(.text)
    LCD_WriteByte                            0x08007db7   Thumb Code   130  main.o(.text)
    LCD_SetXY                                0x08007e39   Thumb Code    28  main.o(.text)
    LCD_Clear_5110                           0x08007e55   Thumb Code    50  main.o(.text)
    delay                                    0x08007e87   Thumb Code    26  main.o(.text)
    LCD_Init                                 0x08007ea1   Thumb Code    78  main.o(.text)
    InitArmRobot                             0x08007eef   Thumb Code    86  main.o(.text)
    uart_write_dec                           0x08007f45   Thumb Code    86  main.o(.text)
    main                                     0x08007f9b   Thumb Code    14  main.o(.text)
    Delay_trc                                0x08007fd9   Thumb Code    10  rtc.o(.text)
    RTC_Configuration                        0x08007fe3   Thumb Code    88  rtc.o(.text)
    Time_Regulate                            0x0800803b   Thumb Code   438  rtc.o(.text)
    rtc_timedsp                              0x080081f1   Thumb Code   532  rtc.o(.text)
    fputc                                    0x08008405   Thumb Code     2  rtc.o(.text)
    USART_Scanf                              0x08008407   Thumb Code   506  rtc.o(.text)
    Time_Adjust                              0x08008601   Thumb Code    22  rtc.o(.text)
    __2sprintf                               0x08008675   Thumb Code    34  noretval__2sprintf.o(.text)
    __printf                                 0x0800869d   Thumb Code   110  __printf.o(.text)
    _printf_int_dec                          0x0800870d   Thumb Code    96  _printf_dec.o(.text)
    _printf_int_hex                          0x0800877d   Thumb Code    86  _printf_hex_int.o(.text)
    _printf_longlong_hex                     0x0800877d   Thumb Code     0  _printf_hex_int.o(.text)
    __aeabi_memcpy                           0x080087d9   Thumb Code     0  rt_memcpy_v6.o(.text)
    __rt_memcpy                              0x080087d9   Thumb Code   140  rt_memcpy_v6.o(.text)
    _memcpy_lastbytes                        0x08008841   Thumb Code     0  rt_memcpy_v6.o(.text)
    __aeabi_memclr4                          0x08008865   Thumb Code     0  rt_memclr_w.o(.text)
    __aeabi_memclr8                          0x08008865   Thumb Code     0  rt_memclr_w.o(.text)
    __rt_memclr_w                            0x08008865   Thumb Code    78  rt_memclr_w.o(.text)
    _memset_w                                0x08008869   Thumb Code     0  rt_memclr_w.o(.text)
    __use_two_region_memory                  0x080088b3   Thumb Code     2  heapauxi.o(.text)
    __rt_heap_escrow$2region                 0x080088b5   Thumb Code     2  heapauxi.o(.text)
    __rt_heap_expand$2region                 0x080088b7   Thumb Code     2  heapauxi.o(.text)
    _printf_int_common                       0x080088b9   Thumb Code   174  _printf_intcommon.o(.text)
    __lib_sel_fp_printf                      0x08008967   Thumb Code     2  _printf_fp_dec.o(.text)
    _printf_fp_dec_real                      0x08008b4f   Thumb Code   608  _printf_fp_dec.o(.text)
    _printf_char_common                      0x08008dbb   Thumb Code    34  _printf_char_common.o(.text)
    _sputc                                   0x08008de1   Thumb Code    10  _sputc.o(.text)
    __aeabi_memcpy4                          0x08008deb   Thumb Code     0  rt_memcpy_w.o(.text)
    __aeabi_memcpy8                          0x08008deb   Thumb Code     0  rt_memcpy_w.o(.text)
    __rt_memcpy_w                            0x08008deb   Thumb Code   100  rt_memcpy_w.o(.text)
    _memcpy_lastbytes_aligned                0x08008e33   Thumb Code     0  rt_memcpy_w.o(.text)
    __rt_udiv10                              0x08008e4f   Thumb Code    16  rtudiv10.o(.text)
    __rt_locale                              0x08008e61   Thumb Code    12  rt_locale_intlibspace.o(.text)
    _ll_udiv10                               0x08008e6d   Thumb Code   138  lludiv10.o(.text)
    _printf_fp_infnan                        0x08008ef9   Thumb Code   108  _printf_fp_infnan.o(.text)
    _btod_etento                             0x08008f75   Thumb Code   202  bigflt0.o(.text)
    __user_libspace                          0x08009045   Thumb Code     8  libspace.o(.text)
    __user_perproc_libspace                  0x08009045   Thumb Code     0  libspace.o(.text)
    __user_perthread_libspace                0x08009045   Thumb Code     0  libspace.o(.text)
    __user_setup_stackheap                   0x0800904d   Thumb Code    74  sys_stackheap_outer.o(.text)
    exit                                     0x08009097   Thumb Code    12  exit.o(.text)
    strcmp                                   0x080090a5   Thumb Code   128  strcmpv7m.o(.text)
    _sys_exit                                0x08009125   Thumb Code    16  sys_exit.o(.text)
    __I$use$semihosting                      0x08009139   Thumb Code     0  use_no_semi.o(.text)
    __use_no_semihosting_swi                 0x08009139   Thumb Code     2  use_no_semi.o(.text)
    _btod_d2e                                0x0800913b   Thumb Code    62  btod.o(CL$$btod_d2e)
    _d2e_denorm_low                          0x08009179   Thumb Code    70  btod.o(CL$$btod_d2e_denorm_low)
    _d2e_norm_op1                            0x080091bf   Thumb Code    96  btod.o(CL$$btod_d2e_norm_op1)
    __btod_div_common                        0x0800921f   Thumb Code   696  btod.o(CL$$btod_div_common)
    _e2e                                     0x08009557   Thumb Code   198  btod.o(CL$$btod_e2e)
    _btod_ediv                               0x0800961d   Thumb Code    40  btod.o(CL$$btod_ediv)
    _btod_emul                               0x08009645   Thumb Code    40  btod.o(CL$$btod_emul)
    __btod_mult_common                       0x0800966d   Thumb Code   580  btod.o(CL$$btod_mult_common)
    __ARM_fpclassify                         0x080098b1   Thumb Code    40  fpclassify.o(i.__ARM_fpclassify)
    _get_lc_numeric                          0x080098d9   Thumb Code    44  lc_numeric_c.o(locale$$code)
    __aeabi_d2f                              0x08009905   Thumb Code     0  d2f.o(x$fpl$d2f)
    _d2f                                     0x08009905   Thumb Code   142  d2f.o(x$fpl$d2f)
    __fpl_inf_d2f                            0x0800998d   Thumb Code     0  d2f.o(x$fpl$d2f)
    __aeabi_dadd                             0x08009999   Thumb Code     0  daddsub_clz.o(x$fpl$dadd)
    _dadd                                    0x08009999   Thumb Code   424  daddsub_clz.o(x$fpl$dadd)
    __fpl_inf_dadd                           0x08009b0b   Thumb Code     0  daddsub_clz.o(x$fpl$dadd)
    __fpl_dcheck_NaN2                        0x08009b51   Thumb Code    10  dcheck.o(x$fpl$dcheck)
    __fpl_dcheck_NaN1                        0x08009b61   Thumb Code    10  dcheck1.o(x$fpl$dcheck1)
    __fpl_dcmp_InfNaN                        0x08009b71   Thumb Code   120  dcmpin.o(x$fpl$dcmpinfnan)
    __fpl_inf_dcmp                           0x08009b93   Thumb Code     0  dcmpin.o(x$fpl$dcmpinfnan)
    __fpl_fcmp_InfNaN                        0x08009be9   Thumb Code    88  fcmpin.o(x$fpl$dcmpinfnan)
    __fpl_inf_fcmp                           0x08009bfd   Thumb Code     0  fcmpin.o(x$fpl$dcmpinfnan)
    __aeabi_ddiv                             0x08009c41   Thumb Code     0  ddiv.o(x$fpl$ddiv)
    _ddiv                                    0x08009c41   Thumb Code   428  ddiv.o(x$fpl$ddiv)
    __fpl_inf_ddiv                           0x08009db5   Thumb Code     0  ddiv.o(x$fpl$ddiv)
    _ddiv_mantissas                          0x08009ded   Thumb Code   324  ddiv.o(x$fpl$ddiv)
    __aeabi_d2uiz                            0x0800a041   Thumb Code     0  dfixu.o(x$fpl$dfixu)
    _dfixu                                   0x0800a041   Thumb Code   110  dfixu.o(x$fpl$dfixu)
    __fpl_inf_dfixu                          0x0800a0a9   Thumb Code     0  dfixu.o(x$fpl$dfixu)
    __aeabi_i2d                              0x0800a0b5   Thumb Code     0  dflt_clz.o(x$fpl$dflt)
    _dflt                                    0x0800a0b5   Thumb Code    44  dflt_clz.o(x$fpl$dflt)
    __dflt_normalise                         0x0800a0c3   Thumb Code     0  dflt_clz.o(x$fpl$dflt)
    __aeabi_ui2d                             0x0800a0e1   Thumb Code     0  dflt_clz.o(x$fpl$dfltu)
    _dfltu                                   0x0800a0e1   Thumb Code    10  dflt_clz.o(x$fpl$dfltu)
    __aeabi_cdcmple                          0x0800a0ed   Thumb Code     0  dleqf.o(x$fpl$dleqf)
    _dcmple                                  0x0800a0ed   Thumb Code   106  dleqf.o(x$fpl$dleqf)
    __aeabi_dmul                             0x0800a15d   Thumb Code     0  dmul.o(x$fpl$dmul)
    _dmul                                    0x0800a15d   Thumb Code   440  dmul.o(x$fpl$dmul)
    __fpl_inf_dmul                           0x0800a2e7   Thumb Code     0  dmul.o(x$fpl$dmul)
    __aeabi_cdrcmple                         0x0800a325   Thumb Code     0  drleqf.o(x$fpl$drleqf)
    _drcmple                                 0x0800a325   Thumb Code   130  drleqf.o(x$fpl$drleqf)
    __aeabi_drsub                            0x0800a3ad   Thumb Code     0  daddsub_clz.o(x$fpl$drsb)
    _drsb                                    0x0800a3ad   Thumb Code    22  daddsub_clz.o(x$fpl$drsb)
    __aeabi_dsub                             0x0800a3c5   Thumb Code     0  daddsub_clz.o(x$fpl$dsub)
    _dsub                                    0x0800a3c5   Thumb Code   572  daddsub_clz.o(x$fpl$dsub)
    __fpl_inf_dsub                           0x0800a5c9   Thumb Code     0  daddsub_clz.o(x$fpl$dsub)
    __dunder                                 0x0800a60d   Thumb Code   234  dunder.o(x$fpl$dunder)
    __dunder_d                               0x0800a6f7   Thumb Code     2  dunder.o(x$fpl$dunder)
    __aeabi_f2d                              0x0800a6f9   Thumb Code     0  f2d.o(x$fpl$f2d)
    _f2d                                     0x0800a6f9   Thumb Code    76  f2d.o(x$fpl$f2d)
    __fpl_inf_f2d                            0x0800a73d   Thumb Code     0  f2d.o(x$fpl$f2d)
    __aeabi_fadd                             0x0800a749   Thumb Code     0  faddsub_clz.o(x$fpl$fadd)
    _fadd                                    0x0800a749   Thumb Code   248  faddsub_clz.o(x$fpl$fadd)
    __fpl_inf_fadd                           0x0800a823   Thumb Code     0  faddsub_clz.o(x$fpl$fadd)
    __fpl_fcheck_NaN2                        0x0800a849   Thumb Code     6  fcheck.o(x$fpl$fcheck)
    __fpl_fcheck_NaN1                        0x0800a855   Thumb Code     6  fcheck1.o(x$fpl$fcheck1)
    __aeabi_f2iz                             0x0800a861   Thumb Code     0  ffix.o(x$fpl$ffix)
    _ffix                                    0x0800a861   Thumb Code   108  ffix.o(x$fpl$ffix)
    __fpl_inf_ffix                           0x0800a8c3   Thumb Code     0  ffix.o(x$fpl$ffix)
    __aeabi_i2f                              0x0800a8d1   Thumb Code     0  fflt_clz.o(x$fpl$fflt)
    _fflt                                    0x0800a8d1   Thumb Code    50  fflt_clz.o(x$fpl$fflt)
    __fflt_normalise                         0x0800a8dd   Thumb Code     0  fflt_clz.o(x$fpl$fflt)
    __aeabi_ui2f                             0x0800a903   Thumb Code     0  fflt_clz.o(x$fpl$ffltu)
    _ffltu                                   0x0800a903   Thumb Code     8  fflt_clz.o(x$fpl$ffltu)
    __aeabi_fmul                             0x0800a90d   Thumb Code     0  fmul.o(x$fpl$fmul)
    _fmul                                    0x0800a90d   Thumb Code   258  fmul.o(x$fpl$fmul)
    __fpl_inf_fmul                           0x0800a9f9   Thumb Code     0  fmul.o(x$fpl$fmul)
    __fpl_normalise2                         0x0800aa15   Thumb Code    74  fnorm2_clz.o(x$fpl$fnorm2)
    __aeabi_cfrcmple                         0x0800aa61   Thumb Code     0  frleqf.o(x$fpl$frleqf)
    _frcmple                                 0x0800aa61   Thumb Code   102  frleqf.o(x$fpl$frleqf)
    __aeabi_frsub                            0x0800aacd   Thumb Code     0  faddsub_clz.o(x$fpl$frsb)
    _frsb                                    0x0800aacd   Thumb Code    20  faddsub_clz.o(x$fpl$frsb)
    __aeabi_fsub                             0x0800aae1   Thumb Code     0  faddsub_clz.o(x$fpl$fsub)
    _fsub                                    0x0800aae1   Thumb Code   282  faddsub_clz.o(x$fpl$fsub)
    __fpl_inf_fsub                           0x0800abdb   Thumb Code     0  faddsub_clz.o(x$fpl$fsub)
    __funder                                 0x0800ac05   Thumb Code   132  funder.o(x$fpl$funder)
    __funder_d                               0x0800ac89   Thumb Code     2  funder.o(x$fpl$funder)
    _printf_fp_dec                           0x0800ac8b   Thumb Code     4  printf1.o(x$fpl$printf1)
    __fpl_return_NaN                         0x0800ac8f   Thumb Code   100  retnan.o(x$fpl$retnan)
    __fpl_cmpreturn                          0x0800acf3   Thumb Code    48  trapv.o(x$fpl$trapveneer)
    __I$use$fp                               0x0800ad23   Thumb Code     0  usenofp.o(x$fpl$usenofp)
    hanziku                                  0x0800ad88   Data        2600  lcd5110_api.o(.constdata)
    Region$$Table$$Base                      0x0800b914   Number         0  anon$$obj.o(Region$$Table)
    Region$$Table$$Limit                     0x0800b934   Number         0  anon$$obj.o(Region$$Table)
    capture                                  0x20000000   Data           2  stm32f10x_it.o(.data)
    btn_1                                    0x20000004   Data           4  usermain.o(.data)
    MOTO_Dir                                 0x20000008   Data           4  usermain.o(.data)
    MOTO_val                                 0x2000000c   Data           4  usermain.o(.data)
    i                                        0x20000010   Data           4  usermain.o(.data)
    j                                        0x20000014   Data           4  usermain.o(.data)
    gi_1                                     0x20000018   Data           4  usermain_b.o(.data)
    eye_ch_all                               0x2000001c   Data           4  usermain_b.o(.data)
    psdf                                     0x20000020   Data           4  usermain_b.o(.data)
    psdb                                     0x20000024   Data           4  usermain_b.o(.data)
    psdl                                     0x20000028   Data           4  usermain_b.o(.data)
    psdr                                     0x2000002c   Data           4  usermain_b.o(.data)
    back_psd_distance                        0x20000030   Data           4  usermain_b.o(.data)
    psd_heng_cha                             0x20000034   Data           4  usermain_b.o(.data)
    psd_heng_middle                          0x20000038   Data           4  usermain_b.o(.data)
    compass_1                                0x2000003c   Data           4  usermain_b.o(.data)
    power_speed                              0x20000040   Data           4  usermain_b.o(.data)
    ball                                     0x20000044   Data           4  usermain_b.o(.data)
    ball_huoyan                              0x20000048   Data           4  usermain_b.o(.data)
    psdf_kaqiang                             0x2000004c   Data           4  usermain_b.o(.data)
    eye_ch_num                               0x20000050   Data           4  usermain_b.o(.data)
    eye_ch_left                              0x20000054   Data           4  usermain_b.o(.data)
    eye_ch_right                             0x20000058   Data           4  usermain_b.o(.data)
    gi_left_right                            0x2000005c   Data           4  usermain_b.o(.data)
    eye_ch_max_s                             0x20000060   Data           4  usermain_b.o(.data)
    tag_ball_distance                        0x20000064   Data           4  usermain_b.o(.data)
    my_cha                                   0x20000068   Data           4  usermain_b.o(.data)
    Run_LastPost_1                           0x2000006c   Data           4  usermain_b.o(.data)
    Run_LastPost_2                           0x20000070   Data           4  usermain_b.o(.data)
    Run_Ball_0                               0x20000074   Data           4  usermain_b.o(.data)
    Run_Ball_1                               0x20000078   Data           4  usermain_b.o(.data)
    Run_Ball_2                               0x2000007c   Data           4  usermain_b.o(.data)
    my_status                                0x20000080   Data           4  usermain_b.o(.data)
    eye_ch_du                                0x20000084   Data           4  usermain_b.o(.data)
    eye_ch_cmp                               0x20000088   Data           4  usermain_b.o(.data)
    ball_distance                            0x2000008c   Data           4  usermain_b.o(.data)
    ball_light_jb                            0x20000090   Data           4  usermain_b.o(.data)
    time                                     0x20000094   Data           4  usermain_b.o(.data)
    key                                      0x20000098   Data           4  usermain_b.o(.data)
    a                                        0x2000009c   Data           4  usermain_b.o(.data)
    kk_cnt                                   0x200000a0   Data           4  usermain_b.o(.data)
    t                                        0x200000a4   Data           4  usermain_b.o(.data)
    sum_key                                  0x200000a8   Data           4  key_selection.o(.data)
    num_1                                    0x200000ac   Data           4  key_selection.o(.data)
    num_2                                    0x200000b0   Data           4  key_selection.o(.data)
    test_num                                 0x200000b4   Data           4  key_selection.o(.data)
    HTZ_Ch                                   0x200000b8   Data           4  key_selection.o(.data)
    HTZ_In                                   0x200000bc   Data           4  key_selection.o(.data)
    font6x8                                  0x200000c5   Data         552  lcd5110_api.o(.data)
    AbsoluteTimeTicks                        0x200002f4   Data           4  main.o(.data)
    gdelaytimecount                          0x200002f8   Data           4  main.o(.data)
    CompassVal                               0x200002fc   Data           2  main.o(.data)
    CC3_Pos                                  0x200002fe   Data           2  main.o(.data)
    rcv_new                                  0x20000300   Data           1  main.o(.data)
    LCD_Level                                0x20000301   Data           1  main.o(.data)
    compass_value_old                        0x20000304   Data           4  main.o(.data)
    EraseCounter                             0x20000308   Data           4  main.o(.data)
    Address                                  0x2000030c   Data           4  main.o(.data)
    NbrOfPage                                0x20000310   Data           4  main.o(.data)
    t_time                                   0x20000314   Data           4  main.o(.data)
    CCR1_V                                   0x20000318   Data           2  main.o(.data)
    CCR2_V                                   0x2000031a   Data           2  main.o(.data)
    CCR3_V                                   0x2000031c   Data           2  main.o(.data)
    CCR4_V                                   0x2000031e   Data           2  main.o(.data)
    adc_array_index                          0x20000320   Data           2  main.o(.data)
    g_tim_test                               0x20000324   Data           4  main.o(.data)
    t1                                       0x20000328   Data           4  main.o(.data)
    t2                                       0x2000032c   Data           4  main.o(.data)
    t3                                       0x20000330   Data           4  main.o(.data)
    t4                                       0x20000334   Data           4  main.o(.data)
    TIME_Structure                           0x2000033c   Data           4  main.o(.data)
    UART4_RX_DATA                            0x20000340   Data           1  main.o(.data)
    UART4_RX_FLAG                            0x20000341   Data           1  main.o(.data)
    bank_number                              0x20000342   Data           1  main.o(.data)
    tick_counter                             0x20000343   Data           1  main.o(.data)
    edge_index                               0x20000344   Data           2  main.o(.data)
    FLASHStatus                              0x20000346   Data           1  main.o(.data)
    bootloader_entry                         0x20000348   Data           4  main.o(.data)
    GPIO_InitStructure                       0x2000034c   Data           4  main.o(.data)
    OneSec                                   0x20000350   Data           4  rtc.o(.data)
    NoOneSec                                 0x20000354   Data           4  rtc.o(.data)
    HSEStartUpStatus                         0x20000358   Data           1  rtc.o(.data)
    SecStatus                                0x2000035c   Data           4  rtc.o(.data)
    LCD_Buffer                               0x20000360   Data         504  lcd5110_api.o(.bss)
    MOTOR_Structure                          0x20000558   Data          18  main.o(.bss)
    RxBuffer_COMP                            0x2000056a   Data          12  main.o(.bss)
    RxBuffer_CC3                             0x20000576   Data          50  main.o(.bss)
    temp_RxBuffer_CC3                        0x200005a8   Data          50  main.o(.bss)
    IO_mode                                  0x200005da   Data          16  main.o(.bss)
    pulse_array                              0x200005ea   Data          68  main.o(.bss)
    edge_array                               0x2000062e   Data          64  main.o(.bss)
    virtual_clock                            0x2000066e   Data          34  main.o(.bss)
    adc_array                                0x20000690   Data        2200  main.o(.bss)
    __libspace_start                         0x20000f28   Data          96  libspace.o(.bss)
    __temporary_stack_top$libspace           0x20000f88   Data           0  libspace.o(.bss)



==============================================================================

Memory Map of the image

  Image Entry point : 0x08000131

  Load Region LR_IROM1 (Base: 0x08000000, Size: 0x0000bcb0, Max: 0x00080000, ABSOLUTE, COMPRESSED[0x0000bb30])

    Execution Region ER_IROM1 (Base: 0x08000000, Size: 0x0000b950, Max: 0x00080000, ABSOLUTE)

    Base Addr    Size         Type   Attr      Idx    E Section Name        Object

    0x08000000   0x00000130   Data   RO          232    RESET               stm32f10x_vector.o
    0x08000130   0x00000008   Code   RO          716  * !!!main             __main.o(c_w.l)
    0x08000138   0x00000034   Code   RO         1044    !!!scatter          __scatter.o(c_w.l)
    0x0800016c   0x0000005a   Code   RO         1042    !!dczerorl2         __dczerorl2.o(c_w.l)
    0x080001c6   0x00000002   PAD
    0x080001c8   0x0000001c   Code   RO         1046    !!handler_zi        __scatter_zi.o(c_w.l)
    0x080001e4   0x00000000   Code   RO          709    .ARM.Collect$$_printf_percent$$00000000  _printf_percent.o(c_w.l)
    0x080001e4   0x00000006   Code   RO          708    .ARM.Collect$$_printf_percent$$00000003  _printf_f.o(c_w.l)
    0x080001ea   0x00000006   Code   RO          707    .ARM.Collect$$_printf_percent$$00000009  _printf_d.o(c_w.l)
    0x080001f0   0x00000006   Code   RO          706    .ARM.Collect$$_printf_percent$$0000000C  _printf_x.o(c_w.l)
    0x080001f6   0x00000004   Code   RO          790    .ARM.Collect$$_printf_percent$$00000017  _printf_percent_end.o(c_w.l)
    0x080001fa   0x00000006   Code   RO          920    .ARM.Collect$$libinit$$00000000  libinit.o(c_w.l)
    0x08000200   0x00000000   Code   RO          923    .ARM.Collect$$libinit$$00000006  libinit2.o(c_w.l)
    0x08000200   0x00000000   Code   RO          925    .ARM.Collect$$libinit$$00000008  libinit2.o(c_w.l)
    0x08000200   0x00000000   Code   RO          927    .ARM.Collect$$libinit$$0000000A  libinit2.o(c_w.l)
    0x08000200   0x00000006   Code   RO          928    .ARM.Collect$$libinit$$0000000B  libinit2.o(c_w.l)
    0x08000206   0x00000000   Code   RO          930    .ARM.Collect$$libinit$$0000000D  libinit2.o(c_w.l)
    0x08000206   0x00000000   Code   RO          932    .ARM.Collect$$libinit$$0000000F  libinit2.o(c_w.l)
    0x08000206   0x00000000   Code   RO          934    .ARM.Collect$$libinit$$00000011  libinit2.o(c_w.l)
    0x08000206   0x0000000a   Code   RO          935    .ARM.Collect$$libinit$$00000012  libinit2.o(c_w.l)
    0x08000210   0x00000000   Code   RO          936    .ARM.Collect$$libinit$$00000013  libinit2.o(c_w.l)
    0x08000210   0x00000000   Code   RO          938    .ARM.Collect$$libinit$$00000015  libinit2.o(c_w.l)
    0x08000210   0x00000000   Code   RO          940    .ARM.Collect$$libinit$$00000017  libinit2.o(c_w.l)
    0x08000210   0x00000000   Code   RO          942    .ARM.Collect$$libinit$$00000019  libinit2.o(c_w.l)
    0x08000210   0x00000000   Code   RO          944    .ARM.Collect$$libinit$$0000001B  libinit2.o(c_w.l)
    0x08000210   0x00000000   Code   RO          946    .ARM.Collect$$libinit$$0000001D  libinit2.o(c_w.l)
    0x08000210   0x00000000   Code   RO          948    .ARM.Collect$$libinit$$0000001F  libinit2.o(c_w.l)
    0x08000210   0x00000000   Code   RO          950    .ARM.Collect$$libinit$$00000021  libinit2.o(c_w.l)
    0x08000210   0x00000000   Code   RO          954    .ARM.Collect$$libinit$$00000028  libinit2.o(c_w.l)
    0x08000210   0x00000000   Code   RO          956    .ARM.Collect$$libinit$$0000002A  libinit2.o(c_w.l)
    0x08000210   0x00000000   Code   RO          958    .ARM.Collect$$libinit$$0000002C  libinit2.o(c_w.l)
    0x08000210   0x00000000   Code   RO          960    .ARM.Collect$$libinit$$0000002E  libinit2.o(c_w.l)
    0x08000210   0x00000002   Code   RO          961    .ARM.Collect$$libinit$$0000002F  libinit2.o(c_w.l)
    0x08000212   0x00000002   Code   RO          992    .ARM.Collect$$libshutdown$$00000000  libshutdown.o(c_w.l)
    0x08000214   0x00000000   Code   RO         1003    .ARM.Collect$$libshutdown$$00000003  libshutdown2.o(c_w.l)
    0x08000214   0x00000000   Code   RO         1006    .ARM.Collect$$libshutdown$$00000006  libshutdown2.o(c_w.l)
    0x08000214   0x00000000   Code   RO         1009    .ARM.Collect$$libshutdown$$00000009  libshutdown2.o(c_w.l)
    0x08000214   0x00000000   Code   RO         1011    .ARM.Collect$$libshutdown$$0000000B  libshutdown2.o(c_w.l)
    0x08000214   0x00000000   Code   RO         1014    .ARM.Collect$$libshutdown$$0000000E  libshutdown2.o(c_w.l)
    0x08000214   0x00000002   Code   RO         1015    .ARM.Collect$$libshutdown$$0000000F  libshutdown2.o(c_w.l)
    0x08000216   0x00000000   Code   RO          778    .ARM.Collect$$rtentry$$00000000  rtentry.o(c_w.l)
    0x08000216   0x00000000   Code   RO          832    .ARM.Collect$$rtentry$$00000002  rtentry2.o(c_w.l)
    0x08000216   0x00000006   Code   RO          847    .ARM.Collect$$rtentry$$00000004  rtentry4.o(c_w.l)
    0x0800021c   0x00000000   Code   RO          834    .ARM.Collect$$rtentry$$00000009  rtentry2.o(c_w.l)
    0x0800021c   0x00000004   Code   RO          835    .ARM.Collect$$rtentry$$0000000A  rtentry2.o(c_w.l)
    0x08000220   0x00000000   Code   RO          837    .ARM.Collect$$rtentry$$0000000C  rtentry2.o(c_w.l)
    0x08000220   0x00000008   Code   RO          838    .ARM.Collect$$rtentry$$0000000D  rtentry2.o(c_w.l)
    0x08000228   0x00000000   Code   RO          962    .ARM.Collect$$rtexit$$00000000  rtexit.o(c_w.l)
    0x08000228   0x00000000   Code   RO          969    .ARM.Collect$$rtexit$$00000002  rtexit2.o(c_w.l)
    0x08000228   0x00000004   Code   RO          970    .ARM.Collect$$rtexit$$00000003  rtexit2.o(c_w.l)
    0x0800022c   0x00000004   Code   RO          971    .ARM.Collect$$rtexit$$00000004  rtexit2.o(c_w.l)
    0x08000230   0x00000230   Code   RO          102    .text               stm32f10x_it.o
    0x08000460   0x00000afc   Code   RO          150    .text               usermain.o
    0x08000f5c   0x00000b54   Code   RO          169    .text               usermain_b.o
    0x08001ab0   0x0000000a   Code   RO          184    .text               usermain_c.o
    0x08001aba   0x00000002   PAD
    0x08001abc   0x00000820   Code   RO          199    .text               key_selection.o
    0x080022dc   0x00000418   Code   RO          214    .text               usermain_maichong.o
    0x080026f4   0x0000007a   Code   RO          226    .text               cortexm3_macro.o
    0x0800276e   0x00000002   PAD
    0x08002770   0x00000024   Code   RO          233    .text               stm32f10x_vector.o
    0x08002794   0x00000422   Code   RO          237    .text               stm32f10x_adc.o
    0x08002bb6   0x00000002   PAD
    0x08002bb8   0x000000ac   Code   RO          249    .text               stm32f10x_bkp.o
    0x08002c64   0x00000530   Code   RO          333    .text               stm32f10x_flash.o
    0x08003194   0x00000318   Code   RO          357    .text               stm32f10x_gpio.o
    0x080034ac   0x0000042c   Code   RO          369    .text               stm32f10x_i2c.o
    0x080038d8   0x000003ec   Code   RO          402    .text               stm32f10x_nvic.o
    0x08003cc4   0x000000cc   Code   RO          414    .text               stm32f10x_pwr.o
    0x08003d90   0x000003a0   Code   RO          426    .text               stm32f10x_rcc.o
    0x08004130   0x00000164   Code   RO          441    .text               stm32f10x_rtc.o
    0x08004294   0x000000c2   Code   RO          477    .text               stm32f10x_systick.o
    0x08004356   0x00000002   PAD
    0x08004358   0x00000afe   Code   RO          489    .text               stm32f10x_tim.o
    0x08004e56   0x00000002   PAD
    0x08004e58   0x00000370   Code   RO          501    .text               stm32f10x_usart.o
    0x080051c8   0x000002a4   Code   RO          525    .text               lcd5110_api.o
    0x0800546c   0x00002b6c   Code   RO          558    .text               main.o
    0x08007fd8   0x0000069c   Code   RO          616    .text               rtc.o
    0x08008674   0x00000028   Code   RO          661    .text               noretval__2sprintf.o(c_w.l)
    0x0800869c   0x0000006e   Code   RO          663    .text               __printf.o(c_w.l)
    0x0800870a   0x00000002   PAD
    0x0800870c   0x00000070   Code   RO          665    .text               _printf_dec.o(c_w.l)
    0x0800877c   0x0000005c   Code   RO          670    .text               _printf_hex_int.o(c_w.l)
    0x080087d8   0x0000008c   Code   RO          710    .text               rt_memcpy_v6.o(c_w.l)
    0x08008864   0x0000004e   Code   RO          712    .text               rt_memclr_w.o(c_w.l)
    0x080088b2   0x00000006   Code   RO          714    .text               heapauxi.o(c_w.l)
    0x080088b8   0x000000ae   Code   RO          782    .text               _printf_intcommon.o(c_w.l)
    0x08008966   0x00000448   Code   RO          784    .text               _printf_fp_dec.o(c_w.l)
    0x08008dae   0x00000002   PAD
    0x08008db0   0x00000030   Code   RO          786    .text               _printf_char_common.o(c_w.l)
    0x08008de0   0x0000000a   Code   RO          788    .text               _sputc.o(c_w.l)
    0x08008dea   0x00000064   Code   RO          791    .text               rt_memcpy_w.o(c_w.l)
    0x08008e4e   0x00000010   Code   RO          793    .text               rtudiv10.o(c_w.l)
    0x08008e5e   0x00000002   PAD
    0x08008e60   0x0000000c   Code   RO          852    .text               rt_locale_intlibspace.o(c_w.l)
    0x08008e6c   0x0000008a   Code   RO          859    .text               lludiv10.o(c_w.l)
    0x08008ef6   0x00000002   PAD
    0x08008ef8   0x0000007c   Code   RO          861    .text               _printf_fp_infnan.o(c_w.l)
    0x08008f74   0x000000d0   Code   RO          865    .text               bigflt0.o(c_w.l)
    0x08009044   0x00000008   Code   RO          905    .text               libspace.o(c_w.l)
    0x0800904c   0x0000004a   Code   RO          908    .text               sys_stackheap_outer.o(c_w.l)
    0x08009096   0x0000000c   Code   RO          910    .text               exit.o(c_w.l)
    0x080090a2   0x00000002   PAD
    0x080090a4   0x00000080   Code   RO          912    .text               strcmpv7m.o(c_w.l)
    0x08009124   0x00000014   Code   RO          982    .text               sys_exit.o(c_w.l)
    0x08009138   0x00000002   Code   RO          993    .text               use_no_semi.o(c_w.l)
    0x0800913a   0x0000003e   Code   RO          868    CL$$btod_d2e        btod.o(c_w.l)
    0x08009178   0x00000046   Code   RO          870    CL$$btod_d2e_denorm_low  btod.o(c_w.l)
    0x080091be   0x00000060   Code   RO          869    CL$$btod_d2e_norm_op1  btod.o(c_w.l)
    0x0800921e   0x00000338   Code   RO          878    CL$$btod_div_common  btod.o(c_w.l)
    0x08009556   0x000000c6   Code   RO          875    CL$$btod_e2e        btod.o(c_w.l)
    0x0800961c   0x00000028   Code   RO          872    CL$$btod_ediv       btod.o(c_w.l)
    0x08009644   0x00000028   Code   RO          871    CL$$btod_emul       btod.o(c_w.l)
    0x0800966c   0x00000244   Code   RO          877    CL$$btod_mult_common  btod.o(c_w.l)
    0x080098b0   0x00000028   Code   RO          901    i.__ARM_fpclassify  fpclassify.o(m_ws.l)
    0x080098d8   0x0000002c   Code   RO          891    locale$$code        lc_numeric_c.o(c_w.l)
    0x08009904   0x00000094   Code   RO          718    x$fpl$d2f           d2f.o(fz_ws.l)
    0x08009998   0x000001b8   Code   RO          720    x$fpl$dadd          daddsub_clz.o(fz_ws.l)
    0x08009b50   0x00000010   Code   RO          795    x$fpl$dcheck        dcheck.o(fz_ws.l)
    0x08009b60   0x00000010   Code   RO          797    x$fpl$dcheck1       dcheck1.o(fz_ws.l)
    0x08009b70   0x00000078   Code   RO          799    x$fpl$dcmpinfnan    dcmpin.o(fz_ws.l)
    0x08009be8   0x00000058   Code   RO          807    x$fpl$dcmpinfnan    fcmpin.o(fz_ws.l)
    0x08009c40   0x00000400   Code   RO          727    x$fpl$ddiv          ddiv.o(fz_ws.l)
    0x0800a040   0x00000074   Code   RO          734    x$fpl$dfixu         dfixu.o(fz_ws.l)
    0x0800a0b4   0x0000002c   Code   RO          739    x$fpl$dflt          dflt_clz.o(fz_ws.l)
    0x0800a0e0   0x0000000a   Code   RO          738    x$fpl$dfltu         dflt_clz.o(fz_ws.l)
    0x0800a0ea   0x00000002   PAD
    0x0800a0ec   0x00000070   Code   RO          742    x$fpl$dleqf         dleqf.o(fz_ws.l)
    0x0800a15c   0x000001c8   Code   RO          744    x$fpl$dmul          dmul.o(fz_ws.l)
    0x0800a324   0x00000088   Code   RO          746    x$fpl$drleqf        drleqf.o(fz_ws.l)
    0x0800a3ac   0x00000016   Code   RO          721    x$fpl$drsb          daddsub_clz.o(fz_ws.l)
    0x0800a3c2   0x00000002   PAD
    0x0800a3c4   0x00000248   Code   RO          722    x$fpl$dsub          daddsub_clz.o(fz_ws.l)
    0x0800a60c   0x000000ec   Code   RO          801    x$fpl$dunder        dunder.o(fz_ws.l)
    0x0800a6f8   0x00000050   Code   RO          748    x$fpl$f2d           f2d.o(fz_ws.l)
    0x0800a748   0x00000100   Code   RO          750    x$fpl$fadd          faddsub_clz.o(fz_ws.l)
    0x0800a848   0x0000000c   Code   RO          803    x$fpl$fcheck        fcheck.o(fz_ws.l)
    0x0800a854   0x0000000c   Code   RO          805    x$fpl$fcheck1       fcheck1.o(fz_ws.l)
    0x0800a860   0x00000070   Code   RO          756    x$fpl$ffix          ffix.o(fz_ws.l)
    0x0800a8d0   0x00000032   Code   RO          761    x$fpl$fflt          fflt_clz.o(fz_ws.l)
    0x0800a902   0x00000008   Code   RO          760    x$fpl$ffltu         fflt_clz.o(fz_ws.l)
    0x0800a90a   0x00000002   PAD
    0x0800a90c   0x00000108   Code   RO          764    x$fpl$fmul          fmul.o(fz_ws.l)
    0x0800aa14   0x0000004a   Code   RO          809    x$fpl$fnorm2        fnorm2_clz.o(fz_ws.l)
    0x0800aa5e   0x00000002   PAD
    0x0800aa60   0x0000006c   Code   RO          766    x$fpl$frleqf        frleqf.o(fz_ws.l)
    0x0800aacc   0x00000014   Code   RO          751    x$fpl$frsb          faddsub_clz.o(fz_ws.l)
    0x0800aae0   0x00000124   Code   RO          752    x$fpl$fsub          faddsub_clz.o(fz_ws.l)
    0x0800ac04   0x00000086   Code   RO          811    x$fpl$funder        funder.o(fz_ws.l)
    0x0800ac8a   0x00000004   Code   RO          768    x$fpl$printf1       printf1.o(fz_ws.l)
    0x0800ac8e   0x00000064   Code   RO          897    x$fpl$retnan        retnan.o(fz_ws.l)
    0x0800acf2   0x00000030   Code   RO          899    x$fpl$trapveneer    trapv.o(fz_ws.l)
    0x0800ad22   0x00000000   Code   RO          821    x$fpl$usenofp       usenofp.o(fz_ws.l)
    0x0800ad22   0x00000002   PAD
    0x0800ad24   0x00000050   Data   RO          151    .constdata          usermain.o
    0x0800ad74   0x00000014   Data   RO          427    .constdata          stm32f10x_rcc.o
    0x0800ad88   0x00000a28   Data   RO          527    .constdata          lcd5110_api.o
    0x0800b7b0   0x00000008   Data   RO          560    .constdata          main.o
    0x0800b7b8   0x0000009d   Data   RO          617    .constdata          rtc.o
    0x0800b855   0x00000028   Data   RO          671    .constdata          _printf_hex_int.o(c_w.l)
    0x0800b87d   0x00000003   PAD
    0x0800b880   0x00000094   Data   RO          866    .constdata          bigflt0.o(c_w.l)
    0x0800b914   0x00000020   Data   RO         1040    Region$$Table       anon$$obj.o
    0x0800b934   0x0000001c   Data   RO          890    locale$$data        lc_numeric_c.o(c_w.l)


    Execution Region RW_IRAM1 (Base: 0x20000000, Size: 0x00001788, Max: 0x00010000, ABSOLUTE, COMPRESSED[0x000001e0])

    Base Addr    Size         Type   Attr      Idx    E Section Name        Object

    0x20000000   0x00000002   Data   RW          103    .data               stm32f10x_it.o
    0x20000002   0x00000002   PAD
    0x20000004   0x00000014   Data   RW          152    .data               usermain.o
    0x20000018   0x00000090   Data   RW          170    .data               usermain_b.o
    0x200000a8   0x00000018   Data   RW          200    .data               key_selection.o
    0x200000c0   0x00000005   Data   RW          428    .data               stm32f10x_rcc.o
    0x200000c5   0x00000228   Data   RW          528    .data               lcd5110_api.o
    0x200002ed   0x00000003   PAD
    0x200002f0   0x00000060   Data   RW          561    .data               main.o
    0x20000350   0x00000010   Data   RW          618    .data               rtc.o
    0x20000360   0x000001f8   Zero   RW          526    .bss                lcd5110_api.o
    0x20000558   0x000009d0   Zero   RW          559    .bss                main.o
    0x20000f28   0x00000060   Zero   RW          906    .bss                libspace.o(c_w.l)
    0x20000f88   0x00000400   Zero   RW          231    HEAP                stm32f10x_vector.o
    0x20001388   0x00000400   Zero   RW          230    STACK               stm32f10x_vector.o


==============================================================================

Image component sizes


      Code (inc. data)   RO Data    RW Data    ZI Data      Debug   Object Name

       122          0          0          0          0        296   cortexm3_macro.o
      2080        352          0         24          0       2761   key_selection.o
       676         12       2600        552        504       4596   lcd5110_api.o
     11116        544          8         96       2512      32514   main.o
      1692        480        157         16          0       2707   rtc.o
         0          0          0          0          0      87444   spi_flash.o
      1058         26          0          0          0      10481   stm32f10x_adc.o
       172         12          0          0          0       2248   stm32f10x_bkp.o
      1328         38          0          0          0       5854   stm32f10x_flash.o
       792         16          0          0          0       5031   stm32f10x_gpio.o
      1068         18          0          0          0       8920   stm32f10x_i2c.o
       560         68          0          2          0       9046   stm32f10x_it.o
      1004         28          0          0          0       7052   stm32f10x_nvic.o
       204         14          0          0          0       1907   stm32f10x_pwr.o
       928         36         20          5          0       8528   stm32f10x_rcc.o
       356         10          0          0          0       2638   stm32f10x_rtc.o
       194          0          0          0          0       1525   stm32f10x_systick.o
      2814         16          0          0          0      23716   stm32f10x_tim.o
       880         12          0          0          0       7591   stm32f10x_usart.o
        36         22        304          0       2048        268   stm32f10x_vector.o
      2812        374         80         20          0       2083   usermain.o
      2900        256          0        144          0       4465   usermain_b.o
        10          0          0          0          0        413   usermain_c.o
      1048         10          0          0          0       3562   usermain_maichong.o

    ----------------------------------------------------------------------
     33860       2344       3201        864       5064     235646   Object Totals
         0          0         32          0          0          0   (incl. Generated)
        10          0          0          5          0          2   (incl. Padding)

    ----------------------------------------------------------------------

      Code (inc. data)   RO Data    RW Data    ZI Data      Debug   Library Member Name

        90          0          0          0          0          0   __dczerorl2.o
         8          0          0          0          0         68   __main.o
       110          0          0          0          0         84   __printf.o
        52          8          0          0          0          0   __scatter.o
        28          0          0          0          0          0   __scatter_zi.o
        48          4          0          0          0         96   _printf_char_common.o
         6          0          0          0          0          0   _printf_d.o
       112         16          0          0          0         92   _printf_dec.o
         6          0          0          0          0          0   _printf_f.o
      1096          0          0          0          0        204   _printf_fp_dec.o
       124         16          0          0          0         84   _printf_fp_infnan.o
        92          6         40          0          0         84   _printf_hex_int.o
       174          0          0          0          0         88   _printf_intcommon.o
         0          0          0          0          0          0   _printf_percent.o
         4          0          0          0          0          0   _printf_percent_end.o
         6          0          0          0          0          0   _printf_x.o
        10          0          0          0          0         68   _sputc.o
       208          6        148          0          0         92   bigflt0.o
      1910        128          0          0          0        660   btod.o
       148          6          0          0          0         68   d2f.o
      1046         28          0          0          0        320   daddsub_clz.o
        16          6          0          0          0         68   dcheck.o
        16          6          0          0          0         68   dcheck1.o
       120          0          0          0          0         84   dcmpin.o
      1024        272          0          0          0        160   ddiv.o
       116          6          0          0          0         72   dfixu.o
        54          0          0          0          0        136   dflt_clz.o
       112          6          0          0          0         68   dleqf.o
       456         16          0          0          0        100   dmul.o
       136          6          0          0          0         68   drleqf.o
       236          0          0          0          0         92   dunder.o
        12          0          0          0          0         68   exit.o
        80          4          0          0          0         68   f2d.o
       568         18          0          0          0        204   faddsub_clz.o
        12          6          0          0          0         68   fcheck.o
        12          6          0          0          0         68   fcheck1.o
        88          0          0          0          0         68   fcmpin.o
       112          4          0          0          0         68   ffix.o
        58          0          0          0          0        136   fflt_clz.o
       264          6          0          0          0         68   fmul.o
        74          0          0          0          0         84   fnorm2_clz.o
        40          0          0          0          0         68   fpclassify.o
       108          6          0          0          0         68   frleqf.o
       134          0          0          0          0         84   funder.o
         6          0          0          0          0        148   heapauxi.o
        44         10         28          0          0         76   lc_numeric_c.o
         6          0          0          0          0          0   libinit.o
        18          0          0          0          0          0   libinit2.o
         2          0          0          0          0          0   libshutdown.o
         2          0          0          0          0          0   libshutdown2.o
         8          4          0          0         96         68   libspace.o
       138          0          0          0          0         76   lludiv10.o
        40          6          0          0          0         80   noretval__2sprintf.o
         4          0          0          0          0         68   printf1.o
       100          0          0          0          0         68   retnan.o
        12          6          0          0          0         68   rt_locale_intlibspace.o
        78          0          0          0          0         76   rt_memclr_w.o
       140          0          0          0          0         68   rt_memcpy_v6.o
       100          0          0          0          0         80   rt_memcpy_w.o
         0          0          0          0          0          0   rtentry.o
        12          0          0          0          0          0   rtentry2.o
         6          0          0          0          0          0   rtentry4.o
         0          0          0          0          0          0   rtexit.o
         8          0          0          0          0          0   rtexit2.o
        16          0          0          0          0         68   rtudiv10.o
       128          2          0          0          0         68   strcmpv7m.o
        20         10          0          0          0         68   sys_exit.o
        74          0          0          0          0         80   sys_stackheap_outer.o
        48          0          0          0          0         68   trapv.o
         2          0          0          0          0         68   use_no_semi.o
         0          0          0          0          0          0   usenofp.o

    ----------------------------------------------------------------------
     10160        624        219          0         96       5340   Library Totals
        22          0          3          0          0          0   (incl. Padding)

    ----------------------------------------------------------------------

      Code (inc. data)   RO Data    RW Data    ZI Data      Debug   Library Name

      4956        222        216          0         96       2780   c_w.l
      5142        402          0          0          0       2492   fz_ws.l
        40          0          0          0          0         68   m_ws.l

    ----------------------------------------------------------------------
     10160        624        219          0         96       5340   Library Totals

    ----------------------------------------------------------------------

==============================================================================


      Code (inc. data)   RO Data    RW Data    ZI Data      Debug   

     44020       2968       3420        864       5160     234988   Grand Totals
     44020       2968       3420        480       5160     234988   ELF Image Totals (compressed)
     44020       2968       3420        480          0          0   ROM Totals

==============================================================================

    Total RO  Size (Code + RO Data)                47440 (  46.33kB)
    Total RW  Size (RW Data + ZI Data)              6024 (   5.88kB)
    Total ROM Size (Code + RO Data + RW Data)      47920 (  46.80kB)

==============================================================================

