ARM Linker, RVCT4.0 [Build 524] for uVision [Standard]

==============================================================================

Section Cross References

    spi_flash.o(.text) refers to stm32f10x_rcc.o(.text) for RCC_APB2PeriphClockCmd
    spi_flash.o(.text) refers to stm32f10x_gpio.o(.text) for GPIO_Init
    spi_flash.o(.text) refers to stm32f10x_spi.o(.text) for SPI_Init
    stm32f10x_it.o(.text) refers to main.o(.text) for Decrement_TimingDelay
    stm32f10x_it.o(.text) refers to stm32f10x_rtc.o(.text) for RTC_GetITStatus
    stm32f10x_it.o(.text) refers to stm32f10x_tim.o(.text) for TIM_GetITStatus
    stm32f10x_it.o(.text) refers to stm32f10x_usart.o(.text) for USART_GetITStatus
    stm32f10x_it.o(.text) refers to main.o(.data) for AbsoluteTimeTicks
    stm32f10x_it.o(.text) refers to rtc.o(.data) for OneSec
    stm32f10x_it.o(.text) refers to stm32f10x_it.o(.data) for capture
    usermain.o(.text) refers to main.o(.text) for resettime
    usermain.o(.text) refers to usermain.o(.data) for j
    usermain.o(.text) refers to f2d.o(x$fpl$f2d) for __aeabi_f2d
    usermain.o(.text) refers to faddsub_clz.o(x$fpl$fsub) for __aeabi_fsub
    usermain.o(.text) refers to dleqf.o(x$fpl$dleqf) for __aeabi_cdcmple
    usermain.o(.text) refers to usermain.o(.constdata) for .constdata
    usermain_b.o(.text) refers to main.o(.text) for LCD_Clear_5110
    usermain_c.o(.text) refers to rtc.o(.text) for rtc_timedsp
    key_selection.o(.text) refers to usermain_maichong.o(.text) for s_GetSingleEye
    key_selection.o(.text) refers to main.o(.text) for Printf
    key_selection.o(.text) refers to usermain_b.o(.text) for sub_main
    key_selection.o(.text) refers to fflt_clz.o(x$fpl$fflt) for __aeabi_i2f
    key_selection.o(.text) refers to f2d.o(x$fpl$f2d) for __aeabi_f2d
    key_selection.o(.text) refers to faddsub_clz.o(x$fpl$fsub) for __aeabi_fsub
    key_selection.o(.text) refers to key_selection.o(.data) for HTZ_Ch
    key_selection.o(.text) refers to usermain_c.o(.text) for main_c
    key_selection.o(.text) refers to usermain.o(.text) for main_a
    usermain_maichong.o(.text) refers to main.o(.text) for seconds
    usermain_maichong.o(.text) refers to faddsub_clz.o(x$fpl$fsub) for __aeabi_fsub
    usermain_maichong.o(.text) refers to f2d.o(x$fpl$f2d) for __aeabi_f2d
    usermain_maichong.o(.text) refers to drleqf.o(x$fpl$drleqf) for __aeabi_cdrcmple
    stm32f10x_vector.o(STACK) refers (Special) to heapauxi.o(.text) for __use_two_region_memory
    stm32f10x_vector.o(HEAP) refers (Special) to heapauxi.o(.text) for __use_two_region_memory
    stm32f10x_vector.o(RESET) refers (Special) to heapauxi.o(.text) for __use_two_region_memory
    stm32f10x_vector.o(RESET) refers to stm32f10x_vector.o(STACK) for __initial_sp
    stm32f10x_vector.o(RESET) refers to stm32f10x_vector.o(.text) for Reset_Handler
    stm32f10x_vector.o(RESET) refers to stm32f10x_it.o(.text) for NMIException
    stm32f10x_vector.o(.text) refers (Special) to heapauxi.o(.text) for __use_two_region_memory
    stm32f10x_vector.o(.text) refers to __main.o(!!!main) for __main
    stm32f10x_vector.o(.text) refers to stm32f10x_vector.o(HEAP) for Heap_Mem
    stm32f10x_vector.o(.text) refers to stm32f10x_vector.o(STACK) for Stack_Mem
    stm32f10x_adc.o(.text) refers to stm32f10x_rcc.o(.text) for RCC_APB2PeriphResetCmd
    stm32f10x_bkp.o(.text) refers to stm32f10x_rcc.o(.text) for RCC_BackupResetCmd
    stm32f10x_can.o(.text) refers to stm32f10x_rcc.o(.text) for RCC_APB1PeriphResetCmd
    stm32f10x_dac.o(.text) refers to stm32f10x_rcc.o(.text) for RCC_APB1PeriphResetCmd
    stm32f10x_gpio.o(.text) refers to stm32f10x_rcc.o(.text) for RCC_APB2PeriphResetCmd
    stm32f10x_i2c.o(.text) refers to stm32f10x_rcc.o(.text) for RCC_APB1PeriphResetCmd
    stm32f10x_nvic.o(.text) refers to cortexm3_macro.o(.text) for __SETPRIMASK
    stm32f10x_pwr.o(.text) refers to stm32f10x_rcc.o(.text) for RCC_APB1PeriphResetCmd
    stm32f10x_pwr.o(.text) refers to cortexm3_macro.o(.text) for __WFI
    stm32f10x_rcc.o(.text) refers to stm32f10x_rcc.o(.data) for .data
    stm32f10x_rcc.o(.text) refers to stm32f10x_rcc.o(.constdata) for .constdata
    stm32f10x_spi.o(.text) refers to stm32f10x_rcc.o(.text) for RCC_APB2PeriphResetCmd
    stm32f10x_tim.o(.text) refers to stm32f10x_rcc.o(.text) for RCC_APB2PeriphResetCmd
    stm32f10x_usart.o(.text) refers to stm32f10x_rcc.o(.text) for RCC_APB2PeriphResetCmd
    stm32f10x_wwdg.o(.text) refers to stm32f10x_rcc.o(.text) for RCC_APB1PeriphResetCmd
    lcd5110_api.o(.text) refers to main.o(.text) for LCD_WriteByte
    lcd5110_api.o(.text) refers to lcd5110_api.o(.data) for font6x8
    lcd5110_api.o(.text) refers to lcd5110_api.o(.constdata) for hanziku
    lcd5110_api.o(.text) refers to lcd5110_api.o(.bss) for LCD_Buffer
    main.o(.text) refers (Special) to _printf_d.o(.ARM.Collect$$_printf_percent$$00000009) for _printf_d
    main.o(.text) refers (Special) to _printf_f.o(.ARM.Collect$$_printf_percent$$00000003) for _printf_f
[...]
    __rt_exit_exit                           0x0800022d   Thumb Code     0  rtexit2.o(.ARM.Collect$$rtexit$$00000004)
    NMIException                             0x08000231   Thumb Code     2  stm32f10x_it.o(.text)
    HardFaultException                       0x08000233   Thumb Code     4  stm32f10x_it.o(.text)
    MemManageException                       0x08000237   Thumb Code     4  stm32f10x_it.o(.text)
    BusFaultException                        0x0800023b   Thumb Code     4  stm32f10x_it.o(.text)
    UsageFaultException                      0x0800023f   Thumb Code     4  stm32f10x_it.o(.text)
    DebugMonitor                             0x08000243   Thumb Code     2  stm32f10x_it.o(.text)
    SVCHandler                               0x08000245   Thumb Code     2  stm32f10x_it.o(.text)
    PendSVC                                  0x08000247   Thumb Code     2  stm32f10x_it.o(.text)
    SysTickHandler                           0x08000249   Thumb Code    18  stm32f10x_it.o(.text)
    WWDG_IRQHandler                          0x0800025b   Thumb Code     2  stm32f10x_it.o(.text)
    PVD_IRQHandler                           0x0800025d   Thumb Code     2  stm32f10x_it.o(.text)
    TAMPER_IRQHandler                        0x0800025f   Thumb Code     2  stm32f10x_it.o(.text)
    RTC_IRQHandler                           0x08000261   Thumb Code    50  stm32f10x_it.o(.text)
    FLASH_IRQHandler                         0x08000293   Thumb Code     2  stm32f10x_it.o(.text)
    RCC_IRQHandler                           0x08000295   Thumb Code     2  stm32f10x_it.o(.text)
    EXTI0_IRQHandler                         0x08000297   Thumb Code     2  stm32f10x_it.o(.text)
    EXTI1_IRQHandler                         0x08000299   Thumb Code     2  stm32f10x_it.o(.text)
    EXTI2_IRQHandler                         0x0800029b   Thumb Code     2  stm32f10x_it.o(.text)
    EXTI3_IRQHandler                         0x0800029d   Thumb Code     2  stm32f10x_it.o(.text)
    EXTI4_IRQHandler                         0x0800029f   Thumb Code     2  stm32f10x_it.o(.text)
    DMA1_Channel1_IRQHandler                 0x080002a1   Thumb Code     2  stm32f10x_it.o(.text)
    DMA1_Channel2_IRQHandler                 0x080002a3   Thumb Code     2  stm32f10x_it.o(.text)
    DMA1_Channel3_IRQHandler                 0x080002a5   Thumb Code     2  stm32f10x_it.o(.text)
    DMA1_Channel4_IRQHandler                 0x080002a7   Thumb Code     2  stm32f10x_it.o(.text)
    DMA1_Channel5_IRQHandler                 0x080002a9   Thumb Code     2  stm32f10x_it.o(.text)
    DMA1_Channel6_IRQHandler                 0x080002ab   Thumb Code     2  stm32f10x_it.o(.text)
    DMA1_Channel7_IRQHandler                 0x080002ad   Thumb Code     2  stm32f10x_it.o(.text)
    ADC1_2_IRQHandler                        0x080002af   Thumb Code     2  stm32f10x_it.o(.text)
    USB_HP_CAN_TX_IRQHandler                 0x080002b1   Thumb Code     2  stm32f10x_it.o(.text)
    USB_LP_CAN_RX0_IRQHandler                0x080002b3   Thumb Code     2  stm32f10x_it.o(.text)
    CAN_RX1_IRQHandler                       0x080002b5   Thumb Code     2  stm32f10x_it.o(.text)
    CAN_SCE_IRQHandler                       0x080002b7   Thumb Code     2  stm32f10x_it.o(.text)
    EXTI9_5_IRQHandler                       0x080002b9   Thumb Code     2  stm32f10x_it.o(.text)
    TIM1_BRK_IRQHandler                      0x080002bb   Thumb Code     2  stm32f10x_it.o(.text)
    TIM1_UP_IRQHandler                       0x080002bd   Thumb Code     2  stm32f10x_it.o(.text)
    TIM1_TRG_COM_IRQHandler                  0x080002bf   Thumb Code     2  stm32f10x_it.o(.text)
    TIM1_CC_IRQHandler                       0x080002c1   Thumb Code     2  stm32f10x_it.o(.text)
    TIM2_IRQHandler                          0x080002c3   Thumb Code    26  stm32f10x_it.o(.text)
    TIM3_IRQHandler                          0x080002dd   Thumb Code     2  stm32f10x_it.o(.text)
    TIM4_IRQHandler                          0x080002df   Thumb Code   212  stm32f10x_it.o(.text)
    I2C1_EV_IRQHandler                       0x080003b3   Thumb Code     2  stm32f10x_it.o(.text)
    I2C1_ER_IRQHandler                       0x080003b5   Thumb Code     2  stm32f10x_it.o(.text)
    I2C2_EV_IRQHandler                       0x080003b7   Thumb Code     2  stm32f10x_it.o(.text)
    I2C2_ER_IRQHandler                       0x080003b9   Thumb Code     2  stm32f10x_it.o(.text)
    SPI1_IRQHandler                          0x080003bb   Thumb Code     2  stm32f10x_it.o(.text)
    SPI2_IRQHandler                          0x080003bd   Thumb Code     2  stm32f10x_it.o(.text)
    USART1_IRQHandler                        0x080003bf   Thumb Code     2  stm32f10x_it.o(.text)
    USART2_IRQHandler                        0x080003c1   Thumb Code     2  stm32f10x_it.o(.text)
    USART3_IRQHandler                        0x080003c3   Thumb Code     2  stm32f10x_it.o(.text)
    EXTI15_10_IRQHandler                     0x080003c5   Thumb Code     2  stm32f10x_it.o(.text)
    RTCAlarm_IRQHandler                      0x080003c7   Thumb Code     2  stm32f10x_it.o(.text)
    USBWakeUp_IRQHandler                     0x080003c9   Thumb Code     2  stm32f10x_it.o(.text)
    TIM8_BRK_IRQHandler                      0x080003cb   Thumb Code     2  stm32f10x_it.o(.text)
    TIM8_UP_IRQHandler                       0x080003cd   Thumb Code     2  stm32f10x_it.o(.text)
    TIM8_TRG_COM_IRQHandler                  0x080003cf   Thumb Code     2  stm32f10x_it.o(.text)
    TIM8_CC_IRQHandler                       0x080003d1   Thumb Code     2  stm32f10x_it.o(.text)
    ADC3_IRQHandler                          0x080003d3   Thumb Code     2  stm32f10x_it.o(.text)
    FSMC_IRQHandler                          0x080003d5   Thumb Code     2  stm32f10x_it.o(.text)
    SDIO_IRQHandler                          0x080003d7   Thumb Code     2  stm32f10x_it.o(.text)
    TIM5_IRQHandler                          0x080003d9   Thumb Code     2  stm32f10x_it.o(.text)
    SPI3_IRQHandler                          0x080003db   Thumb Code     2  stm32f10x_it.o(.text)
    UART4_IRQHandler                         0x080003dd   Thumb Code    50  stm32f10x_it.o(.text)
    UART5_IRQHandler                         0x0800040f   Thumb Code     2  stm32f10x_it.o(.text)
    TIM6_IRQHandler                          0x08000411   Thumb Code     2  stm32f10x_it.o(.text)
    TIM7_IRQHandler                          0x08000413   Thumb Code     2  stm32f10x_it.o(.text)
    DMA2_Channel1_IRQHandler                 0x08000415   Thumb Code     2  stm32f10x_it.o(.text)
    DMA2_Channel2_IRQHandler                 0x08000417   Thumb Code     2  stm32f10x_it.o(.text)
    DMA2_Channel3_IRQHandler                 0x08000419   Thumb Code     2  stm32f10x_it.o(.text)
    DMA2_Channel4_5_IRQHandler               0x0800041b   Thumb Code     2  stm32f10x_it.o(.text)
    main_a                                   0x08000461   Thumb Code  2170  usermain.o(.text)
    sub_main                                 0x08000db5   Thumb Code    22  usermain_b.o(.text)
    main_c                                   0x08000de5   Thumb Code    10  usermain_c.o(.text)
    H_GetEyeMaxNum_Value                     0x08000df1   Thumb Code   188  key_selection.o(.text)
    test_main                                0x08000ead   Thumb Code    54  key_selection.o(.text)
    main_key_selection                       0x08000ee3   Thumb Code  1442  key_selection.o(.text)
    GetSingleEye                             0x080014a5   Thumb Code   204  usermain_maichong.o(.text)
    GetEyeMaxNum                             0x08001571   Thumb Code   168  usermain_maichong.o(.text)
    GetEyeMaxValue                           0x08001619   Thumb Code   168  usermain_maichong.o(.text)
    s_GetSingleEye                           0x080016c1   Thumb Code   162  usermain_maichong.o(.text)
    s_GetEyeMaxNum                           0x08001763   Thumb Code   168  usermain_maichong.o(.text)
    s_GetEyeMaxValue                         0x0800180b   Thumb Code   168  usermain_maichong.o(.text)
    __WFI                                    0x080018bd   Thumb Code     0  cortexm3_macro.o(.text)
    __WFE                                    0x080018c1   Thumb Code     0  cortexm3_macro.o(.text)
    __SEV                                    0x080018c5   Thumb Code     0  cortexm3_macro.o(.text)
    __ISB                                    0x080018c9   Thumb Code     0  cortexm3_macro.o(.text)
    __DSB                                    0x080018cf   Thumb Code     0  cortexm3_macro.o(.text)
    __DMB                                    0x080018d5   Thumb Code     0  cortexm3_macro.o(.text)
    __SVC                                    0x080018db   Thumb Code     0  cortexm3_macro.o(.text)
    __MRS_CONTROL                            0x080018df   Thumb Code     0  cortexm3_macro.o(.text)
    __MSR_CONTROL                            0x080018e5   Thumb Code     0  cortexm3_macro.o(.text)
    __MRS_PSP                                0x080018ef   Thumb Code     0  cortexm3_macro.o(.text)
    __MSR_PSP                                0x080018f5   Thumb Code     0  cortexm3_macro.o(.text)
    __MRS_MSP                                0x080018fb   Thumb Code     0  cortexm3_macro.o(.text)
    __MSR_MSP                                0x08001901   Thumb Code     0  cortexm3_macro.o(.text)
    __RESETPRIMASK                           0x08001907   Thumb Code     0  cortexm3_macro.o(.text)
    __SETPRIMASK                             0x0800190b   Thumb Code     0  cortexm3_macro.o(.text)
    __READ_PRIMASK                           0x0800190f   Thumb Code     0  cortexm3_macro.o(.text)
    __SETFAULTMASK                           0x08001915   Thumb Code     0  cortexm3_macro.o(.text)
    __RESETFAULTMASK                         0x08001919   Thumb Code     0  cortexm3_macro.o(.text)
    __READ_FAULTMASK                         0x0800191d   Thumb Code     0  cortexm3_macro.o(.text)
    __BASEPRICONFIG                          0x08001923   Thumb Code     0  cortexm3_macro.o(.text)
    __GetBASEPRI                             0x08001929   Thumb Code     0  cortexm3_macro.o(.text)
    __REV_HalfWord                           0x0800192f   Thumb Code     0  cortexm3_macro.o(.text)
    __REV_Word                               0x08001933   Thumb Code     0  cortexm3_macro.o(.text)
    Reset_Handler                            0x08001939   Thumb Code     4  stm32f10x_vector.o(.text)
    __user_initial_stackheap                 0x0800193d   Thumb Code     0  stm32f10x_vector.o(.text)
    ADC_DeInit                               0x0800195d   Thumb Code    90  stm32f10x_adc.o(.text)
    ADC_Init                                 0x080019b7   Thumb Code    68  stm32f10x_adc.o(.text)
    ADC_StructInit                           0x080019fb   Thumb Code    18  stm32f10x_adc.o(.text)
    ADC_Cmd                                  0x08001a0d   Thumb Code    22  stm32f10x_adc.o(.text)
    ADC_DMACmd                               0x08001a23   Thumb Code    22  stm32f10x_adc.o(.text)
    ADC_ITConfig                             0x08001a39   Thumb Code    24  stm32f10x_adc.o(.text)
    ADC_ResetCalibration                     0x08001a51   Thumb Code    10  stm32f10x_adc.o(.text)
    ADC_GetResetCalibrationStatus            0x08001a5b   Thumb Code    20  stm32f10x_adc.o(.text)
    ADC_StartCalibration                     0x08001a6f   Thumb Code    10  stm32f10x_adc.o(.text)
    ADC_GetCalibrationStatus                 0x08001a79   Thumb Code    20  stm32f10x_adc.o(.text)
    ADC_SoftwareStartConvCmd                 0x08001a8d   Thumb Code    22  stm32f10x_adc.o(.text)
    ADC_GetSoftwareStartConvStatus           0x08001aa3   Thumb Code    20  stm32f10x_adc.o(.text)
    ADC_DiscModeChannelCountConfig           0x08001ab7   Thumb Code    22  stm32f10x_adc.o(.text)
    ADC_DiscModeCmd                          0x08001acd   Thumb Code    22  stm32f10x_adc.o(.text)
    ADC_RegularChannelConfig                 0x08001ae3   Thumb Code   180  stm32f10x_adc.o(.text)
    ADC_ExternalTrigConvCmd                  0x08001b97   Thumb Code    22  stm32f10x_adc.o(.text)
    ADC_GetConversionValue                   0x08001bad   Thumb Code     8  stm32f10x_adc.o(.text)
    ADC_GetDualModeConversionValue           0x08001bb5   Thumb Code     6  stm32f10x_adc.o(.text)
    ADC_AutoInjectedConvCmd                  0x08001bbb   Thumb Code    22  stm32f10x_adc.o(.text)
    ADC_InjectedDiscModeCmd                  0x08001bd1   Thumb Code    22  stm32f10x_adc.o(.text)
    ADC_ExternalTrigInjectedConvConfig       0x08001be7   Thumb Code    14  stm32f10x_adc.o(.text)
    ADC_ExternalTrigInjectedConvCmd          0x08001bf5   Thumb Code    22  stm32f10x_adc.o(.text)
    ADC_SoftwareStartInjectedConvCmd         0x08001c0b   Thumb Code    22  stm32f10x_adc.o(.text)
    ADC_GetSoftwareStartInjectedConvCmdStatus 0x08001c21   Thumb Code    20  stm32f10x_adc.o(.text)
    ADC_InjectedChannelConfig                0x08001c35   Thumb Code   126  stm32f10x_adc.o(.text)
    ADC_InjectedSequencerLengthConfig        0x08001cb3   Thumb Code    22  stm32f10x_adc.o(.text)
    ADC_SetInjectedOffset                    0x08001cc9   Thumb Code     4  stm32f10x_adc.o(.text)
    ADC_GetInjectedConversionValue           0x08001ccd   Thumb Code    10  stm32f10x_adc.o(.text)
    ADC_AnalogWatchdogCmd                    0x08001cd7   Thumb Code    14  stm32f10x_adc.o(.text)
    ADC_AnalogWatchdogThresholdsConfig       0x08001ce5   Thumb Code     6  stm32f10x_adc.o(.text)
    ADC_AnalogWatchdogSingleChannelConfig    0x08001ceb   Thumb Code    14  stm32f10x_adc.o(.text)
    ADC_TempSensorVrefintCmd                 0x08001cf9   Thumb Code    38  stm32f10x_adc.o(.text)
    ADC_GetFlagStatus                        0x08001d1f   Thumb Code    18  stm32f10x_adc.o(.text)
    ADC_ClearFlag                            0x08001d31   Thumb Code     6  stm32f10x_adc.o(.text)
    ADC_GetITStatus                          0x08001d37   Thumb Code    62  stm32f10x_adc.o(.text)
    ADC_ClearITPendingBit                    0x08001d75   Thumb Code    10  stm32f10x_adc.o(.text)
    BKP_DeInit                               0x08001d81   Thumb Code    16  stm32f10x_bkp.o(.text)
    BKP_TamperPinLevelConfig                 0x08001d91   Thumb Code     6  stm32f10x_bkp.o(.text)
    BKP_TamperPinCmd                         0x08001d97   Thumb Code     8  stm32f10x_bkp.o(.text)
    BKP_ITConfig                             0x08001d9f   Thumb Code     8  stm32f10x_bkp.o(.text)
    BKP_RTCOutputConfig                      0x08001da7   Thumb Code    22  stm32f10x_bkp.o(.text)
    BKP_SetRTCCalibrationValue               0x08001dbd   Thumb Code    22  stm32f10x_bkp.o(.text)
    BKP_WriteBackupRegister                  0x08001dd3   Thumb Code    10  stm32f10x_bkp.o(.text)
    BKP_ReadBackupRegister                   0x08001ddd   Thumb Code    12  stm32f10x_bkp.o(.text)
    BKP_GetFlagStatus                        0x08001de9   Thumb Code    10  stm32f10x_bkp.o(.text)
    BKP_ClearFlag                            0x08001df3   Thumb Code    18  stm32f10x_bkp.o(.text)
    BKP_GetITStatus                          0x08001e05   Thumb Code    10  stm32f10x_bkp.o(.text)
    BKP_ClearITPendingBit                    0x08001e0f   Thumb Code    18  stm32f10x_bkp.o(.text)
    FLASH_SetLatency                         0x08001e2d   Thumb Code    22  stm32f10x_flash.o(.text)
    FLASH_HalfCycleAccessCmd                 0x08001e43   Thumb Code    22  stm32f10x_flash.o(.text)
    FLASH_PrefetchBufferCmd                  0x08001e59   Thumb Code    22  stm32f10x_flash.o(.text)
    FLASH_Unlock                             0x08001e6f   Thumb Code    12  stm32f10x_flash.o(.text)
    FLASH_Lock                               0x08001e7b   Thumb Code    14  stm32f10x_flash.o(.text)
    FLASH_GetStatus                          0x08001e89   Thumb Code    50  stm32f10x_flash.o(.text)
    FLASH_WaitForLastOperation               0x08001ec9   Thumb Code    42  stm32f10x_flash.o(.text)
    FLASH_ErasePage                          0x08001ef3   Thumb Code    76  stm32f10x_flash.o(.text)
    FLASH_EraseAllPages                      0x08001f3f   Thumb Code    72  stm32f10x_flash.o(.text)
    FLASH_EraseOptionBytes                   0x08001f87   Thumb Code   142  stm32f10x_flash.o(.text)
    FLASH_ProgramWord                        0x08002015   Thumb Code   100  stm32f10x_flash.o(.text)
    FLASH_ProgramHalfWord                    0x08002079   Thumb Code    64  stm32f10x_flash.o(.text)
    FLASH_ProgramOptionByteData              0x080020b9   Thumb Code    72  stm32f10x_flash.o(.text)
    FLASH_EnableWriteProtection              0x08002101   Thumb Code   188  stm32f10x_flash.o(.text)
    FLASH_ReadOutProtection                  0x080021bd   Thumb Code   178  stm32f10x_flash.o(.text)
    FLASH_UserOptionByteConfig               0x0800226f   Thumb Code    94  stm32f10x_flash.o(.text)
    FLASH_GetUserOptionByte                  0x080022cd   Thumb Code     8  stm32f10x_flash.o(.text)
    FLASH_GetWriteProtectionOptionByte       0x080022d5   Thumb Code     6  stm32f10x_flash.o(.text)
    FLASH_GetReadOutProtectionStatus         0x080022db   Thumb Code    20  stm32f10x_flash.o(.text)
    FLASH_GetPrefetchBufferStatus            0x080022ef   Thumb Code    20  stm32f10x_flash.o(.text)
    FLASH_ITConfig                           0x08002303   Thumb Code    26  stm32f10x_flash.o(.text)
    FLASH_GetFlagStatus                      0x0800231d   Thumb Code    42  stm32f10x_flash.o(.text)
    FLASH_ClearFlag                          0x08002347   Thumb Code     6  stm32f10x_flash.o(.text)
    GPIO_DeInit                              0x0800235d   Thumb Code   188  stm32f10x_gpio.o(.text)
    GPIO_AFIODeInit                          0x08002419   Thumb Code    20  stm32f10x_gpio.o(.text)
    GPIO_Init                                0x0800242d   Thumb Code   266  stm32f10x_gpio.o(.text)
    GPIO_StructInit                          0x08002537   Thumb Code    16  stm32f10x_gpio.o(.text)
    GPIO_ReadInputDataBit                    0x08002547   Thumb Code    18  stm32f10x_gpio.o(.text)
    GPIO_ReadInputData                       0x08002559   Thumb Code     8  stm32f10x_gpio.o(.text)
    GPIO_ReadOutputDataBit                   0x08002561   Thumb Code    18  stm32f10x_gpio.o(.text)
    GPIO_ReadOutputData                      0x08002573   Thumb Code     8  stm32f10x_gpio.o(.text)
    GPIO_SetBits                             0x0800257b   Thumb Code     4  stm32f10x_gpio.o(.text)
    GPIO_ResetBits                           0x0800257f   Thumb Code     4  stm32f10x_gpio.o(.text)
    GPIO_WriteBit                            0x08002583   Thumb Code    10  stm32f10x_gpio.o(.text)
    GPIO_Write                               0x0800258d   Thumb Code     4  stm32f10x_gpio.o(.text)
    GPIO_PinLockConfig                       0x08002591   Thumb Code    18  stm32f10x_gpio.o(.text)
    GPIO_EventOutputConfig                   0x080025a3   Thumb Code    24  stm32f10x_gpio.o(.text)
    GPIO_EventOutputCmd                      0x080025bb   Thumb Code     6  stm32f10x_gpio.o(.text)
    GPIO_PinRemapConfig                      0x080025c1   Thumb Code   104  stm32f10x_gpio.o(.text)
    GPIO_EXTILineConfig                      0x08002629   Thumb Code    60  stm32f10x_gpio.o(.text)
    I2C_DeInit                               0x08002675   Thumb Code    64  stm32f10x_i2c.o(.text)
    I2C_Init                                 0x080026b5   Thumb Code   230  stm32f10x_i2c.o(.text)
    I2C_StructInit                           0x0800279b   Thumb Code    30  stm32f10x_i2c.o(.text)
    I2C_Cmd                                  0x080027b9   Thumb Code    24  stm32f10x_i2c.o(.text)
    I2C_DMACmd                               0x080027d1   Thumb Code    24  stm32f10x_i2c.o(.text)
    I2C_DMALastTransferCmd                   0x080027e9   Thumb Code    24  stm32f10x_i2c.o(.text)
    I2C_GenerateSTART                        0x08002801   Thumb Code    24  stm32f10x_i2c.o(.text)
    I2C_GenerateSTOP                         0x08002819   Thumb Code    24  stm32f10x_i2c.o(.text)
    I2C_AcknowledgeConfig                    0x08002831   Thumb Code    24  stm32f10x_i2c.o(.text)
    I2C_OwnAddress2Config                    0x08002849   Thumb Code    20  stm32f10x_i2c.o(.text)
    I2C_DualAddressCmd                       0x0800285d   Thumb Code    24  stm32f10x_i2c.o(.text)
    I2C_GeneralCallCmd                       0x08002875   Thumb Code    24  stm32f10x_i2c.o(.text)
    I2C_ITConfig                             0x0800288d   Thumb Code    24  stm32f10x_i2c.o(.text)
    I2C_SendData                             0x080028a5   Thumb Code     4  stm32f10x_i2c.o(.text)
    I2C_ReceiveData                          0x080028a9   Thumb Code     8  stm32f10x_i2c.o(.text)
    I2C_Send7bitAddress                      0x080028b1   Thumb Code    18  stm32f10x_i2c.o(.text)
    I2C_ReadRegister                         0x080028c3   Thumb Code     6  stm32f10x_i2c.o(.text)
    I2C_SoftwareResetCmd                     0x080028c9   Thumb Code    22  stm32f10x_i2c.o(.text)
    I2C_SMBusAlertConfig                     0x080028df   Thumb Code    28  stm32f10x_i2c.o(.text)
    I2C_TransmitPEC                          0x080028fb   Thumb Code    24  stm32f10x_i2c.o(.text)
    I2C_PECPositionConfig                    0x08002913   Thumb Code    28  stm32f10x_i2c.o(.text)
    I2C_CalculatePEC                         0x0800292f   Thumb Code    24  stm32f10x_i2c.o(.text)
    I2C_GetPEC                               0x08002947   Thumb Code     8  stm32f10x_i2c.o(.text)
    I2C_ARPCmd                               0x0800294f   Thumb Code    24  stm32f10x_i2c.o(.text)
    I2C_StretchClockCmd                      0x08002967   Thumb Code    24  stm32f10x_i2c.o(.text)
    I2C_FastModeDutyCycleConfig              0x0800297f   Thumb Code    28  stm32f10x_i2c.o(.text)
    I2C_GetLastEvent                         0x0800299b   Thumb Code    26  stm32f10x_i2c.o(.text)
    I2C_CheckEvent                           0x080029b5   Thumb Code    38  stm32f10x_i2c.o(.text)
    I2C_GetFlagStatus                        0x080029db   Thumb Code    38  stm32f10x_i2c.o(.text)
    I2C_ClearFlag                            0x08002a01   Thumb Code    52  stm32f10x_i2c.o(.text)
    I2C_GetITStatus                          0x08002a35   Thumb Code    56  stm32f10x_i2c.o(.text)
    I2C_ClearITPendingBit                    0x08002a6d   Thumb Code    52  stm32f10x_i2c.o(.text)
    NVIC_DeInit                              0x08002aa1   Thumb Code    54  stm32f10x_nvic.o(.text)
    NVIC_SCBDeInit                           0x08002ad7   Thumb Code    92  stm32f10x_nvic.o(.text)
    NVIC_PriorityGroupConfig                 0x08002b33   Thumb Code    12  stm32f10x_nvic.o(.text)
    NVIC_Init                                0x08002b3f   Thumb Code   154  stm32f10x_nvic.o(.text)
    NVIC_StructInit                          0x08002bd9   Thumb Code    12  stm32f10x_nvic.o(.text)
    NVIC_SETPRIMASK                          0x08002be5   Thumb Code     8  stm32f10x_nvic.o(.text)
    NVIC_RESETPRIMASK                        0x08002bed   Thumb Code     8  stm32f10x_nvic.o(.text)
    NVIC_SETFAULTMASK                        0x08002bf5   Thumb Code     8  stm32f10x_nvic.o(.text)
    NVIC_RESETFAULTMASK                      0x08002bfd   Thumb Code     8  stm32f10x_nvic.o(.text)
    NVIC_BASEPRICONFIG                       0x08002c05   Thumb Code    12  stm32f10x_nvic.o(.text)
    NVIC_GetBASEPRI                          0x08002c11   Thumb Code     8  stm32f10x_nvic.o(.text)
    NVIC_GetCurrentPendingIRQChannel         0x08002c19   Thumb Code    10  stm32f10x_nvic.o(.text)
    NVIC_GetIRQChannelPendingBitStatus       0x08002c23   Thumb Code    42  stm32f10x_nvic.o(.text)
    NVIC_SetIRQChannelPendingBit             0x08002c4d   Thumb Code     6  stm32f10x_nvic.o(.text)
    NVIC_ClearIRQChannelPendingBit           0x08002c53   Thumb Code    20  stm32f10x_nvic.o(.text)
    NVIC_GetCurrentActiveHandler             0x08002c67   Thumb Code    10  stm32f10x_nvic.o(.text)
    NVIC_GetIRQChannelActiveBitStatus        0x08002c71   Thumb Code    42  stm32f10x_nvic.o(.text)
    NVIC_GetCPUID                            0x08002c9b   Thumb Code     8  stm32f10x_nvic.o(.text)
    NVIC_SetVectorTable                      0x08002ca3   Thumb Code    14  stm32f10x_nvic.o(.text)
    NVIC_GenerateSystemReset                 0x08002cb1   Thumb Code    12  stm32f10x_nvic.o(.text)
    NVIC_GenerateCoreReset                   0x08002cbd   Thumb Code    12  stm32f10x_nvic.o(.text)
    NVIC_SystemLPConfig                      0x08002cc9   Thumb Code    38  stm32f10x_nvic.o(.text)
    NVIC_SystemHandlerConfig                 0x08002cef   Thumb Code    52  stm32f10x_nvic.o(.text)
    NVIC_SystemHandlerPriorityConfig         0x08002d23   Thumb Code    98  stm32f10x_nvic.o(.text)
    NVIC_GetSystemHandlerPendingBitStatus    0x08002d85   Thumb Code    44  stm32f10x_nvic.o(.text)
    NVIC_SetSystemHandlerPendingBit          0x08002db1   Thumb Code    26  stm32f10x_nvic.o(.text)
    NVIC_ClearSystemHandlerPendingBit        0x08002dcb   Thumb Code    30  stm32f10x_nvic.o(.text)
    NVIC_GetSystemHandlerActiveBitStatus     0x08002de9   Thumb Code    42  stm32f10x_nvic.o(.text)
    NVIC_GetFaultHandlerSources              0x08002e13   Thumb Code    66  stm32f10x_nvic.o(.text)
    NVIC_GetFaultAddress                     0x08002e55   Thumb Code    28  stm32f10x_nvic.o(.text)
    PWR_DeInit                               0x08002e8d   Thumb Code    22  stm32f10x_pwr.o(.text)
    PWR_BackupAccessCmd                      0x08002ea3   Thumb Code     6  stm32f10x_pwr.o(.text)
    PWR_PVDCmd                               0x08002ea9   Thumb Code     6  stm32f10x_pwr.o(.text)
    PWR_PVDLevelConfig                       0x08002eaf   Thumb Code    16  stm32f10x_pwr.o(.text)
    PWR_WakeUpPinCmd                         0x08002ebf   Thumb Code     8  stm32f10x_pwr.o(.text)
    PWR_EnterSTOPMode                        0x08002ec7   Thumb Code    52  stm32f10x_pwr.o(.text)
    PWR_EnterSTANDBYMode                     0x08002efb   Thumb Code    46  stm32f10x_pwr.o(.text)
    PWR_GetFlagStatus                        0x08002f29   Thumb Code    20  stm32f10x_pwr.o(.text)
    PWR_ClearFlag                            0x08002f3d   Thumb Code    14  stm32f10x_pwr.o(.text)
    RCC_DeInit                               0x08002f59   Thumb Code    62  stm32f10x_rcc.o(.text)
    RCC_HSEConfig                            0x08002f97   Thumb Code    70  stm32f10x_rcc.o(.text)
    RCC_GetFlagStatus                        0x08002fdd   Thumb Code    56  stm32f10x_rcc.o(.text)
    RCC_WaitForHSEStartUp                    0x08003015   Thumb Code    62  stm32f10x_rcc.o(.text)
    RCC_AdjustHSICalibrationValue            0x08003053   Thumb Code    18  stm32f10x_rcc.o(.text)
    RCC_HSICmd                               0x08003065   Thumb Code     6  stm32f10x_rcc.o(.text)
    RCC_PLLConfig                            0x0800306b   Thumb Code    22  stm32f10x_rcc.o(.text)
    RCC_PLLCmd                               0x08003081   Thumb Code     6  stm32f10x_rcc.o(.text)
    RCC_SYSCLKConfig                         0x08003087   Thumb Code    16  stm32f10x_rcc.o(.text)
    RCC_GetSYSCLKSource                      0x08003097   Thumb Code    10  stm32f10x_rcc.o(.text)
    RCC_HCLKConfig                           0x080030a1   Thumb Code    16  stm32f10x_rcc.o(.text)
    RCC_PCLK1Config                          0x080030b1   Thumb Code    16  stm32f10x_rcc.o(.text)
    RCC_PCLK2Config                          0x080030c1   Thumb Code    18  stm32f10x_rcc.o(.text)
    RCC_ITConfig                             0x080030d3   Thumb Code    30  stm32f10x_rcc.o(.text)
    RCC_USBCLKConfig                         0x080030f1   Thumb Code     8  stm32f10x_rcc.o(.text)
    RCC_ADCCLKConfig                         0x080030f9   Thumb Code    16  stm32f10x_rcc.o(.text)
    RCC_LSEConfig                            0x08003109   Thumb Code    50  stm32f10x_rcc.o(.text)
    RCC_LSICmd                               0x0800313b   Thumb Code     6  stm32f10x_rcc.o(.text)
    RCC_RTCCLKConfig                         0x08003141   Thumb Code    12  stm32f10x_rcc.o(.text)
    RCC_RTCCLKCmd                            0x0800314d   Thumb Code     8  stm32f10x_rcc.o(.text)
    RCC_GetClocksFreq                        0x08003155   Thumb Code   194  stm32f10x_rcc.o(.text)
    RCC_AHBPeriphClockCmd                    0x08003217   Thumb Code    26  stm32f10x_rcc.o(.text)
    RCC_APB2PeriphClockCmd                   0x08003231   Thumb Code    26  stm32f10x_rcc.o(.text)
    RCC_APB1PeriphClockCmd                   0x0800324b   Thumb Code    26  stm32f10x_rcc.o(.text)
    RCC_APB2PeriphResetCmd                   0x08003265   Thumb Code    26  stm32f10x_rcc.o(.text)
    RCC_APB1PeriphResetCmd                   0x0800327f   Thumb Code    26  stm32f10x_rcc.o(.text)
    RCC_BackupResetCmd                       0x08003299   Thumb Code     8  stm32f10x_rcc.o(.text)
    RCC_ClockSecuritySystemCmd               0x080032a1   Thumb Code     6  stm32f10x_rcc.o(.text)
    RCC_MCOConfig                            0x080032a7   Thumb Code     6  stm32f10x_rcc.o(.text)
    RCC_ClearFlag                            0x080032ad   Thumb Code    14  stm32f10x_rcc.o(.text)
    RCC_GetITStatus                          0x080032bb   Thumb Code    20  stm32f10x_rcc.o(.text)
    RCC_ClearITPendingBit                    0x080032cf   Thumb Code     6  stm32f10x_rcc.o(.text)
    RTC_ITConfig                             0x080032f9   Thumb Code    34  stm32f10x_rtc.o(.text)
    RTC_EnterConfigMode                      0x0800331b   Thumb Code    18  stm32f10x_rtc.o(.text)
    RTC_ExitConfigMode                       0x0800332d   Thumb Code    20  stm32f10x_rtc.o(.text)
    RTC_GetCounter                           0x08003341   Thumb Code    20  stm32f10x_rtc.o(.text)
    RTC_SetCounter                           0x08003355   Thumb Code    28  stm32f10x_rtc.o(.text)
    RTC_SetPrescaler                         0x08003371   Thumb Code    30  stm32f10x_rtc.o(.text)
    RTC_SetAlarm                             0x0800338f   Thumb Code    28  stm32f10x_rtc.o(.text)
    RTC_GetDivider                           0x080033ab   Thumb Code    22  stm32f10x_rtc.o(.text)
    RTC_WaitForLastTask                      0x080033c1   Thumb Code    16  stm32f10x_rtc.o(.text)
    RTC_WaitForSynchro                       0x080033d1   Thumb Code    34  stm32f10x_rtc.o(.text)
    RTC_GetFlagStatus                        0x080033f3   Thumb Code    22  stm32f10x_rtc.o(.text)
    RTC_ClearFlag                            0x08003409   Thumb Code    20  stm32f10x_rtc.o(.text)
    RTC_GetITStatus                          0x0800341d   Thumb Code    34  stm32f10x_rtc.o(.text)
    RTC_ClearITPendingBit                    0x0800343f   Thumb Code    20  stm32f10x_rtc.o(.text)
    SysTick_CLKSourceConfig                  0x0800345d   Thumb Code    40  stm32f10x_systick.o(.text)
    SysTick_SetReload                        0x08003485   Thumb Code     8  stm32f10x_systick.o(.text)
    SysTick_CounterCmd                       0x0800348d   Thumb Code    54  stm32f10x_systick.o(.text)
    SysTick_ITConfig                         0x080034c3   Thumb Code    38  stm32f10x_systick.o(.text)
    SysTick_GetCounter                       0x080034e9   Thumb Code     8  stm32f10x_systick.o(.text)
    SysTick_GetFlagStatus                    0x080034f1   Thumb Code    46  stm32f10x_systick.o(.text)
    TIM_DeInit                               0x08003521   Thumb Code   214  stm32f10x_tim.o(.text)
    TIM_TimeBaseInit                         0x080035f7   Thumb Code    50  stm32f10x_tim.o(.text)
    TIM_OC1Init                              0x08003629   Thumb Code   110  stm32f10x_tim.o(.text)
    TIM_OC2Init                              0x08003697   Thumb Code   140  stm32f10x_tim.o(.text)
    TIM_OC3Init                              0x08003723   Thumb Code   136  stm32f10x_tim.o(.text)
    TIM_OC4Init                              0x080037ab   Thumb Code    98  stm32f10x_tim.o(.text)
    TIM_SetIC4Prescaler                      0x0800380d   Thumb Code    22  stm32f10x_tim.o(.text)
    TIM_SetIC3Prescaler                      0x08003865   Thumb Code    18  stm32f10x_tim.o(.text)
    TIM_SetIC2Prescaler                      0x080038b3   Thumb Code    22  stm32f10x_tim.o(.text)
    TIM_SetIC1Prescaler                      0x08003919   Thumb Code    18  stm32f10x_tim.o(.text)
    TIM_ICInit                               0x0800395d   Thumb Code   110  stm32f10x_tim.o(.text)
    TIM_PWMIConfig                           0x080039cb   Thumb Code   124  stm32f10x_tim.o(.text)
    TIM_BDTRConfig                           0x08003a47   Thumb Code    32  stm32f10x_tim.o(.text)
    TIM_TimeBaseStructInit                   0x08003a67   Thumb Code    18  stm32f10x_tim.o(.text)
    TIM_OCStructInit                         0x08003a79   Thumb Code    20  stm32f10x_tim.o(.text)
    TIM_ICStructInit                         0x08003a8d   Thumb Code    18  stm32f10x_tim.o(.text)
    TIM_BDTRStructInit                       0x08003a9f   Thumb Code    18  stm32f10x_tim.o(.text)
    TIM_Cmd                                  0x08003ab1   Thumb Code    24  stm32f10x_tim.o(.text)
    TIM_CtrlPWMOutputs                       0x08003ac9   Thumb Code    30  stm32f10x_tim.o(.text)
    TIM_ITConfig                             0x08003ae7   Thumb Code    24  stm32f10x_tim.o(.text)
    TIM_GenerateEvent                        0x08003aff   Thumb Code     4  stm32f10x_tim.o(.text)
    TIM_DMAConfig                            0x08003b03   Thumb Code    10  stm32f10x_tim.o(.text)
    TIM_DMACmd                               0x08003b0d   Thumb Code    24  stm32f10x_tim.o(.text)
    TIM_InternalClockConfig                  0x08003b25   Thumb Code    12  stm32f10x_tim.o(.text)
    TIM_SelectInputTrigger                   0x08003b31   Thumb Code    16  stm32f10x_tim.o(.text)
    TIM_ITRxExternalClockConfig              0x08003b41   Thumb Code    24  stm32f10x_tim.o(.text)
    TIM_TIxExternalClockConfig               0x08003b59   Thumb Code    62  stm32f10x_tim.o(.text)
    TIM_ETRConfig                            0x08003b97   Thumb Code    24  stm32f10x_tim.o(.text)
    TIM_ETRClockMode1Config                  0x08003baf   Thumb Code    54  stm32f10x_tim.o(.text)
    TIM_ETRClockMode2Config                  0x08003be5   Thumb Code    32  stm32f10x_tim.o(.text)
    TIM_PrescalerConfig                      0x08003c05   Thumb Code     6  stm32f10x_tim.o(.text)
    TIM_CounterModeConfig                    0x08003c0b   Thumb Code    16  stm32f10x_tim.o(.text)
    TIM_EncoderInterfaceConfig               0x08003c1b   Thumb Code    56  stm32f10x_tim.o(.text)
    TIM_ForcedOC1Config                      0x08003c53   Thumb Code    16  stm32f10x_tim.o(.text)
    TIM_ForcedOC2Config                      0x08003c63   Thumb Code    20  stm32f10x_tim.o(.text)
    TIM_ForcedOC3Config                      0x08003c77   Thumb Code    16  stm32f10x_tim.o(.text)
    TIM_ForcedOC4Config                      0x08003c87   Thumb Code    20  stm32f10x_tim.o(.text)
    TIM_ARRPreloadConfig                     0x08003c9b   Thumb Code    24  stm32f10x_tim.o(.text)
    TIM_SelectCOM                            0x08003cb3   Thumb Code    24  stm32f10x_tim.o(.text)
    TIM_SelectCCDMA                          0x08003ccb   Thumb Code    24  stm32f10x_tim.o(.text)
    TIM_CCPreloadControl                     0x08003ce3   Thumb Code    24  stm32f10x_tim.o(.text)
    TIM_OC1PreloadConfig                     0x08003cfb   Thumb Code    16  stm32f10x_tim.o(.text)
    TIM_OC2PreloadConfig                     0x08003d0b   Thumb Code    20  stm32f10x_tim.o(.text)
    TIM_OC3PreloadConfig                     0x08003d1f   Thumb Code    16  stm32f10x_tim.o(.text)
    TIM_OC4PreloadConfig                     0x08003d2f   Thumb Code    20  stm32f10x_tim.o(.text)
    TIM_OC1FastConfig                        0x08003d43   Thumb Code    16  stm32f10x_tim.o(.text)
    TIM_OC2FastConfig                        0x08003d53   Thumb Code    20  stm32f10x_tim.o(.text)
    TIM_OC3FastConfig                        0x08003d67   Thumb Code    16  stm32f10x_tim.o(.text)
    TIM_OC4FastConfig                        0x08003d77   Thumb Code    20  stm32f10x_tim.o(.text)
    TIM_ClearOC1Ref                          0x08003d8b   Thumb Code    16  stm32f10x_tim.o(.text)
    TIM_ClearOC2Ref                          0x08003d9b   Thumb Code    18  stm32f10x_tim.o(.text)
    TIM_ClearOC3Ref                          0x08003dad   Thumb Code    16  stm32f10x_tim.o(.text)
    TIM_ClearOC4Ref                          0x08003dbd   Thumb Code    18  stm32f10x_tim.o(.text)
    TIM_OC1PolarityConfig                    0x08003dcf   Thumb Code    16  stm32f10x_tim.o(.text)
    TIM_OC1NPolarityConfig                   0x08003ddf   Thumb Code    16  stm32f10x_tim.o(.text)
    TIM_OC2PolarityConfig                    0x08003def   Thumb Code    20  stm32f10x_tim.o(.text)
    TIM_OC2NPolarityConfig                   0x08003e03   Thumb Code    20  stm32f10x_tim.o(.text)
    TIM_OC3PolarityConfig                    0x08003e17   Thumb Code    20  stm32f10x_tim.o(.text)
    TIM_OC3NPolarityConfig                   0x08003e2b   Thumb Code    20  stm32f10x_tim.o(.text)
    TIM_OC4PolarityConfig                    0x08003e3f   Thumb Code    20  stm32f10x_tim.o(.text)
    TIM_CCxCmd                               0x08003e53   Thumb Code    30  stm32f10x_tim.o(.text)
    TIM_CCxNCmd                              0x08003e71   Thumb Code    30  stm32f10x_tim.o(.text)
    TIM_SelectOCxM                           0x08003e8f   Thumb Code   114  stm32f10x_tim.o(.text)
    TIM_UpdateDisableConfig                  0x08003f01   Thumb Code    24  stm32f10x_tim.o(.text)
    TIM_UpdateRequestConfig                  0x08003f19   Thumb Code    24  stm32f10x_tim.o(.text)
    TIM_SelectHallSensor                     0x08003f31   Thumb Code    24  stm32f10x_tim.o(.text)
    TIM_SelectOnePulseMode                   0x08003f49   Thumb Code    18  stm32f10x_tim.o(.text)
    TIM_SelectOutputTrigger                  0x08003f5b   Thumb Code    18  stm32f10x_tim.o(.text)
    TIM_SelectSlaveMode                      0x08003f6d   Thumb Code    18  stm32f10x_tim.o(.text)
    TIM_SelectMasterSlaveMode                0x08003f7f   Thumb Code    18  stm32f10x_tim.o(.text)
    TIM_SetCounter                           0x08003f91   Thumb Code     4  stm32f10x_tim.o(.text)
    TIM_SetAutoreload                        0x08003f95   Thumb Code     4  stm32f10x_tim.o(.text)
    TIM_SetCompare1                          0x08003f99   Thumb Code     4  stm32f10x_tim.o(.text)
    TIM_SetCompare2                          0x08003f9d   Thumb Code     4  stm32f10x_tim.o(.text)
    TIM_SetCompare3                          0x08003fa1   Thumb Code     4  stm32f10x_tim.o(.text)
    TIM_SetCompare4                          0x08003fa5   Thumb Code     6  stm32f10x_tim.o(.text)
    TIM_SetClockDivision                     0x08003fab   Thumb Code    14  stm32f10x_tim.o(.text)
    TIM_GetCapture1                          0x08003fb9   Thumb Code     6  stm32f10x_tim.o(.text)
    TIM_GetCapture2                          0x08003fbf   Thumb Code     6  stm32f10x_tim.o(.text)
    TIM_GetCapture3                          0x08003fc5   Thumb Code     6  stm32f10x_tim.o(.text)
    TIM_GetCapture4                          0x08003fcb   Thumb Code     8  stm32f10x_tim.o(.text)
    TIM_GetCounter                           0x08003fd3   Thumb Code     6  stm32f10x_tim.o(.text)
    TIM_GetPrescaler                         0x08003fd9   Thumb Code     6  stm32f10x_tim.o(.text)
    TIM_GetFlagStatus                        0x08003fdf   Thumb Code    18  stm32f10x_tim.o(.text)
    TIM_ClearFlag                            0x08003ff1   Thumb Code     6  stm32f10x_tim.o(.text)
    TIM_GetITStatus                          0x08003ff7   Thumb Code    34  stm32f10x_tim.o(.text)
    TIM_ClearITPendingBit                    0x08004019   Thumb Code     6  stm32f10x_tim.o(.text)
    USART_DeInit                             0x08004021   Thumb Code   146  stm32f10x_usart.o(.text)
    USART_Init                               0x080040b3   Thumb Code   150  stm32f10x_usart.o(.text)
    USART_StructInit                         0x08004149   Thumb Code    24  stm32f10x_usart.o(.text)
    USART_ClockInit                          0x08004161   Thumb Code    32  stm32f10x_usart.o(.text)
    USART_ClockStructInit                    0x08004181   Thumb Code    12  stm32f10x_usart.o(.text)
    USART_Cmd                                0x0800418d   Thumb Code    24  stm32f10x_usart.o(.text)
    USART_ITConfig                           0x080041a5   Thumb Code    62  stm32f10x_usart.o(.text)
    USART_DMACmd                             0x080041e3   Thumb Code    24  stm32f10x_usart.o(.text)
    USART_SetAddress                         0x080041fb   Thumb Code    18  stm32f10x_usart.o(.text)
    USART_WakeUpConfig                       0x0800420d   Thumb Code    18  stm32f10x_usart.o(.text)
    USART_ReceiverWakeUpCmd                  0x0800421f   Thumb Code    24  stm32f10x_usart.o(.text)
    USART_LINBreakDetectLengthConfig         0x08004237   Thumb Code    18  stm32f10x_usart.o(.text)
    USART_LINCmd                             0x08004249   Thumb Code    24  stm32f10x_usart.o(.text)
    USART_SendData                           0x08004261   Thumb Code     8  stm32f10x_usart.o(.text)
    USART_ReceiveData                        0x08004269   Thumb Code    10  stm32f10x_usart.o(.text)
    USART_SendBreak                          0x08004273   Thumb Code    10  stm32f10x_usart.o(.text)
    USART_SetGuardTime                       0x0800427d   Thumb Code    16  stm32f10x_usart.o(.text)
    USART_SetPrescaler                       0x0800428d   Thumb Code    16  stm32f10x_usart.o(.text)
    USART_SmartCardCmd                       0x0800429d   Thumb Code    24  stm32f10x_usart.o(.text)
    USART_SmartCardNACKCmd                   0x080042b5   Thumb Code    24  stm32f10x_usart.o(.text)
    USART_HalfDuplexCmd                      0x080042cd   Thumb Code    24  stm32f10x_usart.o(.text)
    USART_IrDAConfig                         0x080042e5   Thumb Code    18  stm32f10x_usart.o(.text)
    USART_IrDACmd                            0x080042f7   Thumb Code    24  stm32f10x_usart.o(.text)
    USART_GetFlagStatus                      0x0800430f   Thumb Code    18  stm32f10x_usart.o(.text)
    USART_ClearFlag                          0x08004321   Thumb Code     6  stm32f10x_usart.o(.text)
    USART_GetITStatus                        0x08004327   Thumb Code    74  stm32f10x_usart.o(.text)
    USART_ClearITPendingBit                  0x08004371   Thumb Code    20  stm32f10x_usart.o(.text)
    LCD_WriteEnglish                         0x08004391   Thumb Code    42  lcd5110_api.o(.text)
    LCD_WriteEnglishStr                      0x080043bb   Thumb Code    22  lcd5110_api.o(.text)
    LCD_WriteEnglishSring                    0x080043d1   Thumb Code    34  lcd5110_api.o(.text)
    FindHanzi                                0x080043f3   Thumb Code    44  lcd5110_api.o(.text)
    LcdHanzi                                 0x0800441f   Thumb Code   142  lcd5110_api.o(.text)
    LCD_WriteDot                             0x080044ad   Thumb Code   108  lcd5110_api.o(.text)
    DrawLine                                 0x08004519   Thumb Code   214  lcd5110_api.o(.text)
    CommitBuffer                             0x080045ef   Thumb Code    58  lcd5110_api.o(.text)
    get_time_ticks                           0x08004635   Thumb Code     6  main.o(.text)
    Delay_f                                  0x0800463b   Thumb Code    14  main.o(.text)
    Delay1us                                 0x08004649   Thumb Code    24  main.o(.text)
    USART_Config                             0x08004661   Thumb Code   180  main.o(.text)
    RCC_Configuration                        0x08004715   Thumb Code   172  main.o(.text)
    GPIO_Configuration                       0x080047c1   Thumb Code   366  main.o(.text)
    NVIC_Configuration                       0x0800492f   Thumb Code   106  main.o(.text)
    SysTick_Config                           0x08004999   Thumb Code    40  main.o(.text)
    Delay                                    0x080049c1   Thumb Code    16  main.o(.text)
    Decrement_TimingDelay                    0x080049d1   Thumb Code    18  main.o(.text)
    SetDriverMatchParam                      0x080049e3   Thumb Code   122  main.o(.text)
    SetMotoParam                             0x08004a5d   Thumb Code    38  main.o(.text)
    Motor_PinConnection                      0x08004a83   Thumb Code   102  main.o(.text)
    Motor_PWMPinLow                          0x08004ae9   Thumb Code    54  main.o(.text)
    StopMoto                                 0x08004b1f   Thumb Code   144  main.o(.text)
    StopAllMoto                              0x08004baf   Thumb Code    28  main.o(.text)
    stop                                     0x08004bcb   Thumb Code     8  main.o(.text)
    SetMoto                                  0x08004bd3   Thumb Code   498  main.o(.text)
    SetAllMoto                               0x08004dc5   Thumb Code    76  main.o(.text)
    InitMoto                                 0x08004e11   Thumb Code   298  main.o(.text)
    SetIOModeMask                            0x08004f3b   Thumb Code    54  main.o(.text)
    SetGPIOMode                              0x08004f71   Thumb Code   188  main.o(.text)
    InitIOMode                               0x0800502d   Thumb Code    36  main.o(.text)
    wait                                     0x08005051   Thumb Code    40  main.o(.text)
    DI                                       0x08005079   Thumb Code   210  main.o(.text)
    SetDO                                    0x0800514b   Thumb Code   526  main.o(.text)
    Chip_4051_Choose                         0x08005359   Thumb Code   488  main.o(.text)
    transform_AI_Num                         0x08005541   Thumb Code   164  main.o(.text)
    AI_InputMode                             0x080055e5   Thumb Code   234  main.o(.text)
    AI                                       0x080056cf   Thumb Code  1006  main.o(.text)
    ADToV                                    0x08005abd   Thumb Code    88  main.o(.text)
    GetChipTemp                              0x08005b15   Thumb Code   100  main.o(.text)
    GetRTC                                   0x08005b79   Thumb Code    10  main.o(.text)
    MCLK_Config                              0x08005b83   Thumb Code   134  main.o(.text)
    itoa                                     0x08005c09   Thumb Code   384  main.o(.text)
    Printf                                   0x08005d89   Thumb Code   452  main.o(.text)
    Printf_XY                                0x08005f4d   Thumb Code   476  main.o(.text)
    InitI2C                                  0x08006129   Thumb Code   116  main.o(.text)
    Read_I2C_Status                          0x0800619d   Thumb Code   112  main.o(.text)
    I2C_Read_Data                            0x0800620d   Thumb Code   364  main.o(.text)
    I2C_Read                                 0x08006379   Thumb Code   230  main.o(.text)
    I2C_Write_Data                           0x0800645f   Thumb Code   162  main.o(.text)
    I2C_Save                                 0x08006501   Thumb Code   242  main.o(.text)
    Sonar_Dis                                0x080065f3   Thumb Code    54  main.o(.text)
    Compass_Degree                           0x08006629   Thumb Code     6  main.o(.text)
    compute_current_width                    0x0800662f   Thumb Code   120  main.o(.text)
    generate_edge_array                      0x080066a7   Thumb Code   286  main.o(.text)
    SetServo                                 0x080067c5   Thumb Code   128  main.o(.text)
    InitSV                                   0x08006845   Thumb Code   156  main.o(.text)
    UART_Set                                 0x080068e1   Thumb Code   112  main.o(.text)
    UART_Check                               0x08006951   Thumb Code    64  main.o(.text)
    SCI_Send                                 0x08006991   Thumb Code    54  main.o(.text)
    SCI_Receive                              0x080069c7   Thumb Code    50  main.o(.text)
    Get_Button                               0x080069f9   Thumb Code    62  main.o(.text)
    Init_FLASH                               0x08006a37   Thumb Code    64  main.o(.text)
    FLASH_Read                               0x08006a77   Thumb Code    40  main.o(.text)
    FLASH_Write                              0x08006a9f   Thumb Code   154  main.o(.text)
    SetLED                                   0x08006b39   Thumb Code    18  main.o(.text)
    EyeInMinEx                               0x08006b4b   Thumb Code    68  main.o(.text)
    EyeChMinEx                               0x08006b8f   Thumb Code   134  main.o(.text)
    EyeInMaxEx                               0x08006c15   Thumb Code    64  main.o(.text)
    EyeChMaxEx                               0x08006c55   Thumb Code    76  main.o(.text)
    EyeInMin                                 0x08006ca1   Thumb Code    30  main.o(.text)
    EyeChMin                                 0x08006cbf   Thumb Code    94  main.o(.text)
    EyeInMax                                 0x08006d1d   Thumb Code    30  main.o(.text)
    EyeChMax                                 0x08006d3b   Thumb Code    90  main.o(.text)
    resettime                                0x08006d95   Thumb Code     8  main.o(.text)
    seconds                                  0x08006d9d   Thumb Code    46  main.o(.text)
    Drive                                    0x08006dcb   Thumb Code    28  main.o(.text)
    SetMotor                                 0x08006de7   Thumb Code    36  main.o(.text)
    StopMotor                                0x08006e0b   Thumb Code    12  main.o(.text)
    microphone                               0x08006e17   Thumb Code    12  main.o(.text)
    SCI_Set                                  0x08006e23   Thumb Code   116  main.o(.text)
    serial_putchar                           0x08006e97   Thumb Code    44  main.o(.text)
    serial_getchar                           0x08006ec3   Thumb Code    56  main.o(.text)
    ad2voltage                               0x08006efb   Thumb Code    52  main.o(.text)
    EnterCode                                0x08006f2f   Thumb Code    24  main.o(.text)
    LCD5110_Syste_Init                       0x08006f47   Thumb Code    56  main.o(.text)
    LCD_WriteByte                            0x08006f7f   Thumb Code   130  main.o(.text)
    LCD_SetXY                                0x08007001   Thumb Code    28  main.o(.text)
    LCD_Clear_5110                           0x0800701d   Thumb Code    50  main.o(.text)
    delay                                    0x0800704f   Thumb Code    26  main.o(.text)
    LCD_Init                                 0x08007069   Thumb Code    78  main.o(.text)
    InitArmRobot                             0x080070b7   Thumb Code    86  main.o(.text)
    uart_write_dec                           0x0800710d   Thumb Code    86  main.o(.text)
    main                                     0x08007163   Thumb Code    14  main.o(.text)
    Delay_trc                                0x080071a1   Thumb Code    10  rtc.o(.text)
    RTC_Configuration                        0x080071ab   Thumb Code    88  rtc.o(.text)
    Time_Regulate                            0x08007203   Thumb Code   438  rtc.o(.text)
    rtc_timedsp                              0x080073b9   Thumb Code   532  rtc.o(.text)
    fputc                                    0x080075cd   Thumb Code     2  rtc.o(.text)
    USART_Scanf                              0x080075cf   Thumb Code   506  rtc.o(.text)
    Time_Adjust                              0x080077c9   Thumb Code    22  rtc.o(.text)
    __2sprintf                               0x0800783d   Thumb Code    34  noretval__2sprintf.o(.text)
    __printf                                 0x08007865   Thumb Code   110  __printf.o(.text)
    _printf_int_dec                          0x080078d5   Thumb Code    96  _printf_dec.o(.text)
    _printf_int_hex                          0x08007945   Thumb Code    86  _printf_hex_int.o(.text)
    _printf_longlong_hex                     0x08007945   Thumb Code     0  _printf_hex_int.o(.text)
    __aeabi_memcpy                           0x080079a1   Thumb Code     0  rt_memcpy_v6.o(.text)
    __rt_memcpy                              0x080079a1   Thumb Code   140  rt_memcpy_v6.o(.text)
    _memcpy_lastbytes                        0x08007a09   Thumb Code     0  rt_memcpy_v6.o(.text)
    __aeabi_memclr4                          0x08007a2d   Thumb Code     0  rt_memclr_w.o(.text)
    __aeabi_memclr8                          0x08007a2d   Thumb Code     0  rt_memclr_w.o(.text)
    __rt_memclr_w                            0x08007a2d   Thumb Code    78  rt_memclr_w.o(.text)
    _memset_w                                0x08007a31   Thumb Code     0  rt_memclr_w.o(.text)
    __use_two_region_memory                  0x08007a7b   Thumb Code     2  heapauxi.o(.text)
    __rt_heap_escrow$2region                 0x08007a7d   Thumb Code     2  heapauxi.o(.text)
    __rt_heap_expand$2region                 0x08007a7f   Thumb Code     2  heapauxi.o(.text)
    _printf_int_common                       0x08007a81   Thumb Code   174  _printf_intcommon.o(.text)
    __lib_sel_fp_printf                      0x08007b2f   Thumb Code     2  _printf_fp_dec.o(.text)
    _printf_fp_dec_real                      0x08007d17   Thumb Code   608  _printf_fp_dec.o(.text)
    _printf_char_common                      0x08007f83   Thumb Code    34  _printf_char_common.o(.text)
    _sputc                                   0x08007fa9   Thumb Code    10  _sputc.o(.text)
    __aeabi_memcpy4                          0x08007fb3   Thumb Code     0  rt_memcpy_w.o(.text)
    __aeabi_memcpy8                          0x08007fb3   Thumb Code     0  rt_memcpy_w.o(.text)
    __rt_memcpy_w                            0x08007fb3   Thumb Code   100  rt_memcpy_w.o(.text)
    _memcpy_lastbytes_aligned                0x08007ffb   Thumb Code     0  rt_memcpy_w.o(.text)
    __rt_udiv10                              0x08008017   Thumb Code    16  rtudiv10.o(.text)
    __rt_locale                              0x08008029   Thumb Code    12  rt_locale_intlibspace.o(.text)
    _ll_udiv10                               0x08008035   Thumb Code   138  lludiv10.o(.text)
    _printf_fp_infnan                        0x080080c1   Thumb Code   108  _printf_fp_infnan.o(.text)
    _btod_etento                             0x0800813d   Thumb Code   202  bigflt0.o(.text)
    __user_libspace                          0x0800820d   Thumb Code     8  libspace.o(.text)
    __user_perproc_libspace                  0x0800820d   Thumb Code     0  libspace.o(.text)
    __user_perthread_libspace                0x0800820d   Thumb Code     0  libspace.o(.text)
    __user_setup_stackheap                   0x08008215   Thumb Code    74  sys_stackheap_outer.o(.text)
    exit                                     0x0800825f   Thumb Code    12  exit.o(.text)
    strcmp                                   0x0800826d   Thumb Code   128  strcmpv7m.o(.text)
    _sys_exit                                0x080082ed   Thumb Code    16  sys_exit.o(.text)
    __I$use$semihosting                      0x08008301   Thumb Code     0  use_no_semi.o(.text)
    __use_no_semihosting_swi                 0x08008301   Thumb Code     2  use_no_semi.o(.text)
    _btod_d2e                                0x08008303   Thumb Code    62  btod.o(CL$$btod_d2e)
    _d2e_denorm_low                          0x08008341   Thumb Code    70  btod.o(CL$$btod_d2e_denorm_low)
    _d2e_norm_op1                            0x08008387   Thumb Code    96  btod.o(CL$$btod_d2e_norm_op1)
    __btod_div_common                        0x080083e7   Thumb Code   696  btod.o(CL$$btod_div_common)
    _e2e                                     0x0800871f   Thumb Code   198  btod.o(CL$$btod_e2e)
    _btod_ediv                               0x080087e5   Thumb Code    40  btod.o(CL$$btod_ediv)
    _btod_emul                               0x0800880d   Thumb Code    40  btod.o(CL$$btod_emul)
    __btod_mult_common                       0x08008835   Thumb Code   580  btod.o(CL$$btod_mult_common)
    __ARM_fpclassify                         0x08008a79   Thumb Code    40  fpclassify.o(i.__ARM_fpclassify)
    _get_lc_numeric                          0x08008aa1   Thumb Code    44  lc_numeric_c.o(locale$$code)
    __aeabi_d2f                              0x08008acd   Thumb Code     0  d2f.o(x$fpl$d2f)
    _d2f                                     0x08008acd   Thumb Code   142  d2f.o(x$fpl$d2f)
    __fpl_inf_d2f                            0x08008b55   Thumb Code     0  d2f.o(x$fpl$d2f)
    __aeabi_dadd                             0x08008b61   Thumb Code     0  daddsub_clz.o(x$fpl$dadd)
    _dadd                                    0x08008b61   Thumb Code   424  daddsub_clz.o(x$fpl$dadd)
    __fpl_inf_dadd                           0x08008cd3   Thumb Code     0  daddsub_clz.o(x$fpl$dadd)
    __fpl_dcheck_NaN2                        0x08008d19   Thumb Code    10  dcheck.o(x$fpl$dcheck)
    __fpl_dcheck_NaN1                        0x08008d29   Thumb Code    10  dcheck1.o(x$fpl$dcheck1)
    __fpl_dcmp_InfNaN                        0x08008d39   Thumb Code   120  dcmpin.o(x$fpl$dcmpinfnan)
    __fpl_inf_dcmp                           0x08008d5b   Thumb Code     0  dcmpin.o(x$fpl$dcmpinfnan)
    __fpl_fcmp_InfNaN                        0x08008db1   Thumb Code    88  fcmpin.o(x$fpl$dcmpinfnan)
    __fpl_inf_fcmp                           0x08008dc5   Thumb Code     0  fcmpin.o(x$fpl$dcmpinfnan)
    __aeabi_ddiv                             0x08008e09   Thumb Code     0  ddiv.o(x$fpl$ddiv)
    _ddiv                                    0x08008e09   Thumb Code   428  ddiv.o(x$fpl$ddiv)
    __fpl_inf_ddiv                           0x08008f7d   Thumb Code     0  ddiv.o(x$fpl$ddiv)
    _ddiv_mantissas                          0x08008fb5   Thumb Code   324  ddiv.o(x$fpl$ddiv)
    __aeabi_d2uiz                            0x08009209   Thumb Code     0  dfixu.o(x$fpl$dfixu)
    _dfixu                                   0x08009209   Thumb Code   110  dfixu.o(x$fpl$dfixu)
    __fpl_inf_dfixu                          0x08009271   Thumb Code     0  dfixu.o(x$fpl$dfixu)
    __aeabi_i2d                              0x0800927d   Thumb Code     0  dflt_clz.o(x$fpl$dflt)
    _dflt                                    0x0800927d   Thumb Code    44  dflt_clz.o(x$fpl$dflt)
    __dflt_normalise                         0x0800928b   Thumb Code     0  dflt_clz.o(x$fpl$dflt)
    __aeabi_ui2d                             0x080092a9   Thumb Code     0  dflt_clz.o(x$fpl$dfltu)
    _dfltu                                   0x080092a9   Thumb Code    10  dflt_clz.o(x$fpl$dfltu)
    __aeabi_cdcmple                          0x080092b5   Thumb Code     0  dleqf.o(x$fpl$dleqf)
    _dcmple                                  0x080092b5   Thumb Code   106  dleqf.o(x$fpl$dleqf)
    __aeabi_dmul                             0x08009325   Thumb Code     0  dmul.o(x$fpl$dmul)
    _dmul                                    0x08009325   Thumb Code   440  dmul.o(x$fpl$dmul)
    __fpl_inf_dmul                           0x080094af   Thumb Code     0  dmul.o(x$fpl$dmul)
    __aeabi_cdrcmple                         0x080094ed   Thumb Code     0  drleqf.o(x$fpl$drleqf)
    _drcmple                                 0x080094ed   Thumb Code   130  drleqf.o(x$fpl$drleqf)
    __aeabi_drsub                            0x08009575   Thumb Code     0  daddsub_clz.o(x$fpl$drsb)
    _drsb                                    0x08009575   Thumb Code    22  daddsub_clz.o(x$fpl$drsb)
    __aeabi_dsub                             0x0800958d   Thumb Code     0  daddsub_clz.o(x$fpl$dsub)
    _dsub                                    0x0800958d   Thumb Code   572  daddsub_clz.o(x$fpl$dsub)
    __fpl_inf_dsub                           0x08009791   Thumb Code     0  daddsub_clz.o(x$fpl$dsub)
    __dunder                                 0x080097d5   Thumb Code   234  dunder.o(x$fpl$dunder)
    __dunder_d                               0x080098bf   Thumb Code     2  dunder.o(x$fpl$dunder)
    __aeabi_f2d                              0x080098c1   Thumb Code     0  f2d.o(x$fpl$f2d)
    _f2d                                     0x080098c1   Thumb Code    76  f2d.o(x$fpl$f2d)
    __fpl_inf_f2d                            0x08009905   Thumb Code     0  f2d.o(x$fpl$f2d)
    __aeabi_fadd                             0x08009911   Thumb Code     0  faddsub_clz.o(x$fpl$fadd)
    _fadd                                    0x08009911   Thumb Code   248  faddsub_clz.o(x$fpl$fadd)
    __fpl_inf_fadd                           0x080099eb   Thumb Code     0  faddsub_clz.o(x$fpl$fadd)
    __fpl_fcheck_NaN2                        0x08009a11   Thumb Code     6  fcheck.o(x$fpl$fcheck)
    __fpl_fcheck_NaN1                        0x08009a1d   Thumb Code     6  fcheck1.o(x$fpl$fcheck1)
    __aeabi_i2f                              0x08009a29   Thumb Code     0  fflt_clz.o(x$fpl$fflt)
    _fflt                                    0x08009a29   Thumb Code    50  fflt_clz.o(x$fpl$fflt)
    __fflt_normalise                         0x08009a35   Thumb Code     0  fflt_clz.o(x$fpl$fflt)
    __aeabi_ui2f                             0x08009a5b   Thumb Code     0  fflt_clz.o(x$fpl$ffltu)
    _ffltu                                   0x08009a5b   Thumb Code     8  fflt_clz.o(x$fpl$ffltu)
    __aeabi_cfrcmple                         0x08009a65   Thumb Code     0  frleqf.o(x$fpl$frleqf)
    _frcmple                                 0x08009a65   Thumb Code   102  frleqf.o(x$fpl$frleqf)
    __aeabi_fsub                             0x08009ad1   Thumb Code     0  faddsub_clz.o(x$fpl$fsub)
    _fsub                                    0x08009ad1   Thumb Code   282  faddsub_clz.o(x$fpl$fsub)
    __fpl_inf_fsub                           0x08009bcb   Thumb Code     0  faddsub_clz.o(x$fpl$fsub)
    __funder                                 0x08009bf5   Thumb Code   132  funder.o(x$fpl$funder)
    __funder_d                               0x08009c79   Thumb Code     2  funder.o(x$fpl$funder)
    _printf_fp_dec                           0x08009c7b   Thumb Code     4  printf1.o(x$fpl$printf1)
    __fpl_return_NaN                         0x08009c7f   Thumb Code   100  retnan.o(x$fpl$retnan)
    __fpl_cmpreturn                          0x08009ce3   Thumb Code    48  trapv.o(x$fpl$trapveneer)
    __I$use$fp                               0x08009d13   Thumb Code     0  usenofp.o(x$fpl$usenofp)
    hanziku                                  0x08009d78   Data        2600  lcd5110_api.o(.constdata)
    Region$$Table$$Base                      0x0800a904   Number         0  anon$$obj.o(Region$$Table)
    Region$$Table$$Limit                     0x0800a924   Number         0  anon$$obj.o(Region$$Table)
    capture                                  0x20000000   Data           2  stm32f10x_it.o(.data)
    btn_1                                    0x20000004   Data           4  usermain.o(.data)
    MOTO_Dir                                 0x20000008   Data           4  usermain.o(.data)
    MOTO_val                                 0x2000000c   Data           4  usermain.o(.data)
    i                                        0x20000010   Data           4  usermain.o(.data)
    j                                        0x20000014   Data           4  usermain.o(.data)
    sum_key                                  0x20000018   Data           4  key_selection.o(.data)
    num_1                                    0x2000001c   Data           4  key_selection.o(.data)
    num_2                                    0x20000020   Data           4  key_selection.o(.data)
    test_num                                 0x20000024   Data           4  key_selection.o(.data)
    HTZ_Ch                                   0x20000028   Data           4  key_selection.o(.data)
    HTZ_In                                   0x2000002c   Data           4  key_selection.o(.data)
    font6x8                                  0x20000035   Data         552  lcd5110_api.o(.data)
    AbsoluteTimeTicks                        0x20000264   Data           4  main.o(.data)
    gdelaytimecount                          0x20000268   Data           4  main.o(.data)
    CompassVal                               0x2000026c   Data           2  main.o(.data)
    CC3_Pos                                  0x2000026e   Data           2  main.o(.data)
    rcv_new                                  0x20000270   Data           1  main.o(.data)
    LCD_Level                                0x20000271   Data           1  main.o(.data)
    compass_value_old                        0x20000274   Data           4  main.o(.data)
    EraseCounter                             0x20000278   Data           4  main.o(.data)
    Address                                  0x2000027c   Data           4  main.o(.data)
    NbrOfPage                                0x20000280   Data           4  main.o(.data)
    t_time                                   0x20000284   Data           4  main.o(.data)
    CCR1_V                                   0x20000288   Data           2  main.o(.data)
    CCR2_V                                   0x2000028a   Data           2  main.o(.data)
    CCR3_V                                   0x2000028c   Data           2  main.o(.data)
    CCR4_V                                   0x2000028e   Data           2  main.o(.data)
    adc_array_index                          0x20000290   Data           2  main.o(.data)
    g_tim_test                               0x20000294   Data           4  main.o(.data)
    t1                                       0x20000298   Data           4  main.o(.data)
    t2                                       0x2000029c   Data           4  main.o(.data)
    t3                                       0x200002a0   Data           4  main.o(.data)
    t4                                       0x200002a4   Data           4  main.o(.data)
    TIME_Structure                           0x200002ac   Data           4  main.o(.data)
    UART4_RX_DATA                            0x200002b0   Data           1  main.o(.data)
    UART4_RX_FLAG                            0x200002b1   Data           1  main.o(.data)
    bank_number                              0x200002b2   Data           1  main.o(.data)
    tick_counter                             0x200002b3   Data           1  main.o(.data)
    edge_index                               0x200002b4   Data           2  main.o(.data)
    FLASHStatus                              0x200002b6   Data           1  main.o(.data)
    bootloader_entry                         0x200002b8   Data           4  main.o(.data)
    GPIO_InitStructure                       0x200002bc   Data           4  main.o(.data)
    OneSec                                   0x200002c0   Data           4  rtc.o(.data)
    NoOneSec                                 0x200002c4   Data           4  rtc.o(.data)
    HSEStartUpStatus                         0x200002c8   Data           1  rtc.o(.data)
    SecStatus                                0x200002cc   Data           4  rtc.o(.data)
    LCD_Buffer                               0x200002d0   Data         504  lcd5110_api.o(.bss)
    MOTOR_Structure                          0x200004c8   Data          18  main.o(.bss)
    RxBuffer_COMP                            0x200004da   Data          12  main.o(.bss)
    RxBuffer_CC3                             0x200004e6   Data          50  main.o(.bss)
    temp_RxBuffer_CC3                        0x20000518   Data          50  main.o(.bss)
    IO_mode                                  0x2000054a   Data          16  main.o(.bss)
    pulse_array                              0x2000055a   Data          68  main.o(.bss)
    edge_array                               0x2000059e   Data          64  main.o(.bss)
    virtual_clock                            0x200005de   Data          34  main.o(.bss)
    adc_array                                0x20000600   Data        2200  main.o(.bss)
    __libspace_start                         0x20000e98   Data          96  libspace.o(.bss)
    __temporary_stack_top$libspace           0x20000ef8   Data           0  libspace.o(.bss)



==============================================================================

Memory Map of the image

  Image Entry point : 0x08000131

  Load Region LR_IROM1 (Base: 0x08000000, Size: 0x0000ac10, Max: 0x00080000, ABSOLUTE, COMPRESSED[0x0000ab10])

    Execution Region ER_IROM1 (Base: 0x08000000, Size: 0x0000a940, Max: 0x00080000, ABSOLUTE)

    Base Addr    Size         Type   Attr      Idx    E Section Name        Object

    0x08000000   0x00000130   Data   RO          232    RESET               stm32f10x_vector.o
    0x08000130   0x00000008   Code   RO          716  * !!!main             __main.o(c_w.l)
    0x08000138   0x00000034   Code   RO         1036    !!!scatter          __scatter.o(c_w.l)
    0x0800016c   0x0000005a   Code   RO         1034    !!dczerorl2         __dczerorl2.o(c_w.l)
    0x080001c6   0x00000002   PAD
    0x080001c8   0x0000001c   Code   RO         1038    !!handler_zi        __scatter_zi.o(c_w.l)
    0x080001e4   0x00000000   Code   RO          709    .ARM.Collect$$_printf_percent$$00000000  _printf_percent.o(c_w.l)
    0x080001e4   0x00000006   Code   RO          708    .ARM.Collect$$_printf_percent$$00000003  _printf_f.o(c_w.l)
    0x080001ea   0x00000006   Code   RO          707    .ARM.Collect$$_printf_percent$$00000009  _printf_d.o(c_w.l)
    0x080001f0   0x00000006   Code   RO          706    .ARM.Collect$$_printf_percent$$0000000C  _printf_x.o(c_w.l)
    0x080001f6   0x00000004   Code   RO          784    .ARM.Collect$$_printf_percent$$00000017  _printf_percent_end.o(c_w.l)
    0x080001fa   0x00000006   Code   RO          912    .ARM.Collect$$libinit$$00000000  libinit.o(c_w.l)
    0x08000200   0x00000000   Code   RO          915    .ARM.Collect$$libinit$$00000006  libinit2.o(c_w.l)
    0x08000200   0x00000000   Code   RO          917    .ARM.Collect$$libinit$$00000008  libinit2.o(c_w.l)
    0x08000200   0x00000000   Code   RO          919    .ARM.Collect$$libinit$$0000000A  libinit2.o(c_w.l)
    0x08000200   0x00000006   Code   RO          920    .ARM.Collect$$libinit$$0000000B  libinit2.o(c_w.l)
    0x08000206   0x00000000   Code   RO          922    .ARM.Collect$$libinit$$0000000D  libinit2.o(c_w.l)
    0x08000206   0x00000000   Code   RO          924    .ARM.Collect$$libinit$$0000000F  libinit2.o(c_w.l)
    0x08000206   0x00000000   Code   RO          926    .ARM.Collect$$libinit$$00000011  libinit2.o(c_w.l)
    0x08000206   0x0000000a   Code   RO          927    .ARM.Collect$$libinit$$00000012  libinit2.o(c_w.l)
    0x08000210   0x00000000   Code   RO          928    .ARM.Collect$$libinit$$00000013  libinit2.o(c_w.l)
    0x08000210   0x00000000   Code   RO          930    .ARM.Collect$$libinit$$00000015  libinit2.o(c_w.l)
    0x08000210   0x00000000   Code   RO          932    .ARM.Collect$$libinit$$00000017  libinit2.o(c_w.l)
    0x08000210   0x00000000   Code   RO          934    .ARM.Collect$$libinit$$00000019  libinit2.o(c_w.l)
    0x08000210   0x00000000   Code   RO          936    .ARM.Collect$$libinit$$0000001B  libinit2.o(c_w.l)
    0x08000210   0x00000000   Code   RO          938    .ARM.Collect$$libinit$$0000001D  libinit2.o(c_w.l)
    0x08000210   0x00000000   Code   RO          940    .ARM.Collect$$libinit$$0000001F  libinit2.o(c_w.l)
    0x08000210   0x00000000   Code   RO          942    .ARM.Collect$$libinit$$00000021  libinit2.o(c_w.l)
    0x08000210   0x00000000   Code   RO          946    .ARM.Collect$$libinit$$00000028  libinit2.o(c_w.l)
    0x08000210   0x00000000   Code   RO          948    .ARM.Collect$$libinit$$0000002A  libinit2.o(c_w.l)
    0x08000210   0x00000000   Code   RO          950    .ARM.Collect$$libinit$$0000002C  libinit2.o(c_w.l)
    0x08000210   0x00000000   Code   RO          952    .ARM.Collect$$libinit$$0000002E  libinit2.o(c_w.l)
    0x08000210   0x00000002   Code   RO          953    .ARM.Collect$$libinit$$0000002F  libinit2.o(c_w.l)
    0x08000212   0x00000002   Code   RO          984    .ARM.Collect$$libshutdown$$00000000  libshutdown.o(c_w.l)
    0x08000214   0x00000000   Code   RO          995    .ARM.Collect$$libshutdown$$00000003  libshutdown2.o(c_w.l)
    0x08000214   0x00000000   Code   RO          998    .ARM.Collect$$libshutdown$$00000006  libshutdown2.o(c_w.l)
    0x08000214   0x00000000   Code   RO         1001    .ARM.Collect$$libshutdown$$00000009  libshutdown2.o(c_w.l)
    0x08000214   0x00000000   Code   RO         1003    .ARM.Collect$$libshutdown$$0000000B  libshutdown2.o(c_w.l)
    0x08000214   0x00000000   Code   RO         1006    .ARM.Collect$$libshutdown$$0000000E  libshutdown2.o(c_w.l)
    0x08000214   0x00000002   Code   RO         1007    .ARM.Collect$$libshutdown$$0000000F  libshutdown2.o(c_w.l)
    0x08000216   0x00000000   Code   RO          772    .ARM.Collect$$rtentry$$00000000  rtentry.o(c_w.l)
    0x08000216   0x00000000   Code   RO          824    .ARM.Collect$$rtentry$$00000002  rtentry2.o(c_w.l)
    0x08000216   0x00000006   Code   RO          839    .ARM.Collect$$rtentry$$00000004  rtentry4.o(c_w.l)
    0x0800021c   0x00000000   Code   RO          826    .ARM.Collect$$rtentry$$00000009  rtentry2.o(c_w.l)
    0x0800021c   0x00000004   Code   RO          827    .ARM.Collect$$rtentry$$0000000A  rtentry2.o(c_w.l)
    0x08000220   0x00000000   Code   RO          829    .ARM.Collect$$rtentry$$0000000C  rtentry2.o(c_w.l)
    0x08000220   0x00000008   Code   RO          830    .ARM.Collect$$rtentry$$0000000D  rtentry2.o(c_w.l)
    0x08000228   0x00000000   Code   RO          954    .ARM.Collect$$rtexit$$00000000  rtexit.o(c_w.l)
    0x08000228   0x00000000   Code   RO          961    .ARM.Collect$$rtexit$$00000002  rtexit2.o(c_w.l)
    0x08000228   0x00000004   Code   RO          962    .ARM.Collect$$rtexit$$00000003  rtexit2.o(c_w.l)
    0x0800022c   0x00000004   Code   RO          963    .ARM.Collect$$rtexit$$00000004  rtexit2.o(c_w.l)
    0x08000230   0x00000230   Code   RO          102    .text               stm32f10x_it.o
    0x08000460   0x00000954   Code   RO          150    .text               usermain.o
    0x08000db4   0x00000030   Code   RO          169    .text               usermain_b.o
    0x08000de4   0x0000000a   Code   RO          184    .text               usermain_c.o
    0x08000dee   0x00000002   PAD
    0x08000df0   0x000006b4   Code   RO          199    .text               key_selection.o
    0x080014a4   0x00000418   Code   RO          214    .text               usermain_maichong.o
    0x080018bc   0x0000007a   Code   RO          226    .text               cortexm3_macro.o
    0x08001936   0x00000002   PAD
    0x08001938   0x00000024   Code   RO          233    .text               stm32f10x_vector.o
    0x0800195c   0x00000422   Code   RO          237    .text               stm32f10x_adc.o
    0x08001d7e   0x00000002   PAD
    0x08001d80   0x000000ac   Code   RO          249    .text               stm32f10x_bkp.o
    0x08001e2c   0x00000530   Code   RO          333    .text               stm32f10x_flash.o
    0x0800235c   0x00000318   Code   RO          357    .text               stm32f10x_gpio.o
    0x08002674   0x0000042c   Code   RO          369    .text               stm32f10x_i2c.o
    0x08002aa0   0x000003ec   Code   RO          402    .text               stm32f10x_nvic.o
    0x08002e8c   0x000000cc   Code   RO          414    .text               stm32f10x_pwr.o
    0x08002f58   0x000003a0   Code   RO          426    .text               stm32f10x_rcc.o
    0x080032f8   0x00000164   Code   RO          441    .text               stm32f10x_rtc.o
    0x0800345c   0x000000c2   Code   RO          477    .text               stm32f10x_systick.o
    0x0800351e   0x00000002   PAD
    0x08003520   0x00000afe   Code   RO          489    .text               stm32f10x_tim.o
    0x0800401e   0x00000002   PAD
    0x08004020   0x00000370   Code   RO          501    .text               stm32f10x_usart.o
    0x08004390   0x000002a4   Code   RO          525    .text               lcd5110_api.o
    0x08004634   0x00002b6c   Code   RO          558    .text               main.o
    0x080071a0   0x0000069c   Code   RO          616    .text               rtc.o
    0x0800783c   0x00000028   Code   RO          661    .text               noretval__2sprintf.o(c_w.l)
    0x08007864   0x0000006e   Code   RO          663    .text               __printf.o(c_w.l)
    0x080078d2   0x00000002   PAD
    0x080078d4   0x00000070   Code   RO          665    .text               _printf_dec.o(c_w.l)
    0x08007944   0x0000005c   Code   RO          670    .text               _printf_hex_int.o(c_w.l)
    0x080079a0   0x0000008c   Code   RO          710    .text               rt_memcpy_v6.o(c_w.l)
    0x08007a2c   0x0000004e   Code   RO          712    .text               rt_memclr_w.o(c_w.l)
    0x08007a7a   0x00000006   Code   RO          714    .text               heapauxi.o(c_w.l)
    0x08007a80   0x000000ae   Code   RO          776    .text               _printf_intcommon.o(c_w.l)
    0x08007b2e   0x00000448   Code   RO          778    .text               _printf_fp_dec.o(c_w.l)
    0x08007f76   0x00000002   PAD
    0x08007f78   0x00000030   Code   RO          780    .text               _printf_char_common.o(c_w.l)
    0x08007fa8   0x0000000a   Code   RO          782    .text               _sputc.o(c_w.l)
    0x08007fb2   0x00000064   Code   RO          785    .text               rt_memcpy_w.o(c_w.l)
    0x08008016   0x00000010   Code   RO          787    .text               rtudiv10.o(c_w.l)
    0x08008026   0x00000002   PAD
    0x08008028   0x0000000c   Code   RO          844    .text               rt_locale_intlibspace.o(c_w.l)
    0x08008034   0x0000008a   Code   RO          851    .text               lludiv10.o(c_w.l)
    0x080080be   0x00000002   PAD
    0x080080c0   0x0000007c   Code   RO          853    .text               _printf_fp_infnan.o(c_w.l)
    0x0800813c   0x000000d0   Code   RO          857    .text               bigflt0.o(c_w.l)
    0x0800820c   0x00000008   Code   RO          897    .text               libspace.o(c_w.l)
    0x08008214   0x0000004a   Code   RO          900    .text               sys_stackheap_outer.o(c_w.l)
    0x0800825e   0x0000000c   Code   RO          902    .text               exit.o(c_w.l)
    0x0800826a   0x00000002   PAD
    0x0800826c   0x00000080   Code   RO          904    .text               strcmpv7m.o(c_w.l)
    0x080082ec   0x00000014   Code   RO          974    .text               sys_exit.o(c_w.l)
    0x08008300   0x00000002   Code   RO          985    .text               use_no_semi.o(c_w.l)
    0x08008302   0x0000003e   Code   RO          860    CL$$btod_d2e        btod.o(c_w.l)
    0x08008340   0x00000046   Code   RO          862    CL$$btod_d2e_denorm_low  btod.o(c_w.l)
    0x08008386   0x00000060   Code   RO          861    CL$$btod_d2e_norm_op1  btod.o(c_w.l)
    0x080083e6   0x00000338   Code   RO          870    CL$$btod_div_common  btod.o(c_w.l)
    0x0800871e   0x000000c6   Code   RO          867    CL$$btod_e2e        btod.o(c_w.l)
    0x080087e4   0x00000028   Code   RO          864    CL$$btod_ediv       btod.o(c_w.l)
    0x0800880c   0x00000028   Code   RO          863    CL$$btod_emul       btod.o(c_w.l)
    0x08008834   0x00000244   Code   RO          869    CL$$btod_mult_common  btod.o(c_w.l)
    0x08008a78   0x00000028   Code   RO          893    i.__ARM_fpclassify  fpclassify.o(m_ws.l)
    0x08008aa0   0x0000002c   Code   RO          883    locale$$code        lc_numeric_c.o(c_w.l)
    0x08008acc   0x00000094   Code   RO          718    x$fpl$d2f           d2f.o(fz_ws.l)
    0x08008b60   0x000001b8   Code   RO          720    x$fpl$dadd          daddsub_clz.o(fz_ws.l)
    0x08008d18   0x00000010   Code   RO          789    x$fpl$dcheck        dcheck.o(fz_ws.l)
    0x08008d28   0x00000010   Code   RO          791    x$fpl$dcheck1       dcheck1.o(fz_ws.l)
    0x08008d38   0x00000078   Code   RO          793    x$fpl$dcmpinfnan    dcmpin.o(fz_ws.l)
    0x08008db0   0x00000058   Code   RO          801    x$fpl$dcmpinfnan    fcmpin.o(fz_ws.l)
    0x08008e08   0x00000400   Code   RO          727    x$fpl$ddiv          ddiv.o(fz_ws.l)
    0x08009208   0x00000074   Code   RO          734    x$fpl$dfixu         dfixu.o(fz_ws.l)
    0x0800927c   0x0000002c   Code   RO          739    x$fpl$dflt          dflt_clz.o(fz_ws.l)
    0x080092a8   0x0000000a   Code   RO          738    x$fpl$dfltu         dflt_clz.o(fz_ws.l)
    0x080092b2   0x00000002   PAD
    0x080092b4   0x00000070   Code   RO          742    x$fpl$dleqf         dleqf.o(fz_ws.l)
    0x08009324   0x000001c8   Code   RO          744    x$fpl$dmul          dmul.o(fz_ws.l)
    0x080094ec   0x00000088   Code   RO          746    x$fpl$drleqf        drleqf.o(fz_ws.l)
    0x08009574   0x00000016   Code   RO          721    x$fpl$drsb          daddsub_clz.o(fz_ws.l)
    0x0800958a   0x00000002   PAD
    0x0800958c   0x00000248   Code   RO          722    x$fpl$dsub          daddsub_clz.o(fz_ws.l)
    0x080097d4   0x000000ec   Code   RO          795    x$fpl$dunder        dunder.o(fz_ws.l)
    0x080098c0   0x00000050   Code   RO          748    x$fpl$f2d           f2d.o(fz_ws.l)
    0x08009910   0x00000100   Code   RO          750    x$fpl$fadd          faddsub_clz.o(fz_ws.l)
    0x08009a10   0x0000000c   Code   RO          797    x$fpl$fcheck        fcheck.o(fz_ws.l)
    0x08009a1c   0x0000000c   Code   RO          799    x$fpl$fcheck1       fcheck1.o(fz_ws.l)
    0x08009a28   0x00000032   Code   RO          757    x$fpl$fflt          fflt_clz.o(fz_ws.l)
    0x08009a5a   0x00000008   Code   RO          756    x$fpl$ffltu         fflt_clz.o(fz_ws.l)
    0x08009a62   0x00000002   PAD
    0x08009a64   0x0000006c   Code   RO          760    x$fpl$frleqf        frleqf.o(fz_ws.l)
    0x08009ad0   0x00000124   Code   RO          752    x$fpl$fsub          faddsub_clz.o(fz_ws.l)
    0x08009bf4   0x00000086   Code   RO          803    x$fpl$funder        funder.o(fz_ws.l)
    0x08009c7a   0x00000004   Code   RO          762    x$fpl$printf1       printf1.o(fz_ws.l)
    0x08009c7e   0x00000064   Code   RO          889    x$fpl$retnan        retnan.o(fz_ws.l)
    0x08009ce2   0x00000030   Code   RO          891    x$fpl$trapveneer    trapv.o(fz_ws.l)
    0x08009d12   0x00000000   Code   RO          813    x$fpl$usenofp       usenofp.o(fz_ws.l)
    0x08009d12   0x00000002   PAD
    0x08009d14   0x00000050   Data   RO          151    .constdata          usermain.o
    0x08009d64   0x00000014   Data   RO          427    .constdata          stm32f10x_rcc.o
    0x08009d78   0x00000a28   Data   RO          527    .constdata          lcd5110_api.o
    0x0800a7a0   0x00000008   Data   RO          560    .constdata          main.o
    0x0800a7a8   0x0000009d   Data   RO          617    .constdata          rtc.o
    0x0800a845   0x00000028   Data   RO          671    .constdata          _printf_hex_int.o(c_w.l)
    0x0800a86d   0x00000003   PAD
    0x0800a870   0x00000094   Data   RO          858    .constdata          bigflt0.o(c_w.l)
    0x0800a904   0x00000020   Data   RO         1032    Region$$Table       anon$$obj.o
    0x0800a924   0x0000001c   Data   RO          882    locale$$data        lc_numeric_c.o(c_w.l)


    Execution Region RW_IRAM1 (Base: 0x20000000, Size: 0x000016f8, Max: 0x00010000, ABSOLUTE, COMPRESSED[0x000001d0])

    Base Addr    Size         Type   Attr      Idx    E Section Name        Object

    0x20000000   0x00000002   Data   RW          103    .data               stm32f10x_it.o
    0x20000002   0x00000002   PAD
    0x20000004   0x00000014   Data   RW          152    .data               usermain.o
    0x20000018   0x00000018   Data   RW          200    .data               key_selection.o
    0x20000030   0x00000005   Data   RW          428    .data               stm32f10x_rcc.o
    0x20000035   0x00000228   Data   RW          528    .data               lcd5110_api.o
    0x2000025d   0x00000003   PAD
    0x20000260   0x00000060   Data   RW          561    .data               main.o
    0x200002c0   0x00000010   Data   RW          618    .data               rtc.o
    0x200002d0   0x000001f8   Zero   RW          526    .bss                lcd5110_api.o
    0x200004c8   0x000009d0   Zero   RW          559    .bss                main.o
    0x20000e98   0x00000060   Zero   RW          898    .bss                libspace.o(c_w.l)
    0x20000ef8   0x00000400   Zero   RW          231    HEAP                stm32f10x_vector.o
    0x200012f8   0x00000400   Zero   RW          230    STACK               stm32f10x_vector.o


==============================================================================

Image component sizes


      Code (inc. data)   RO Data    RW Data    ZI Data      Debug   Object Name

       122          0          0          0          0        296   cortexm3_macro.o
      1716        296          0         24          0       2397   key_selection.o
       676         12       2600        552        504       4596   lcd5110_api.o
     11116        544          8         96       2512      32514   main.o
      1692        480        157         16          0       2707   rtc.o
         0          0          0          0          0      87444   spi_flash.o
      1058         26          0          0          0      10481   stm32f10x_adc.o
       172         12          0          0          0       2248   stm32f10x_bkp.o
      1328         38          0          0          0       5854   stm32f10x_flash.o
       792         16          0          0          0       5031   stm32f10x_gpio.o
      1068         18          0          0          0       8920   stm32f10x_i2c.o
       560         68          0          2          0       9046   stm32f10x_it.o
      1004         28          0          0          0       7052   stm32f10x_nvic.o
       204         14          0          0          0       1907   stm32f10x_pwr.o
       928         36         20          5          0       8528   stm32f10x_rcc.o
       356         10          0          0          0       2638   stm32f10x_rtc.o
       194          0          0          0          0       1525   stm32f10x_systick.o
      2814         16          0          0          0      23716   stm32f10x_tim.o
       880         12          0          0          0       7591   stm32f10x_usart.o
        36         22        304          0       2048        268   stm32f10x_vector.o
      2388        352         80         20          0       1931   usermain.o
        48         26          0          0          0        427   usermain_b.o
        10          0          0          0          0        413   usermain_c.o
      1048         10          0          0          0       3562   usermain_maichong.o

    ----------------------------------------------------------------------
     30220       2036       3201        720       5064     231092   Object Totals
         0          0         32          0          0          0   (incl. Generated)
        10          0          0          5          0          2   (incl. Padding)

    ----------------------------------------------------------------------

      Code (inc. data)   RO Data    RW Data    ZI Data      Debug   Library Member Name

        90          0          0          0          0          0   __dczerorl2.o
         8          0          0          0          0         68   __main.o
       110          0          0          0          0         84   __printf.o
        52          8          0          0          0          0   __scatter.o
        28          0          0          0          0          0   __scatter_zi.o
        48          4          0          0          0         96   _printf_char_common.o
         6          0          0          0          0          0   _printf_d.o
       112         16          0          0          0         92   _printf_dec.o
         6          0          0          0          0          0   _printf_f.o
      1096          0          0          0          0        204   _printf_fp_dec.o
       124         16          0          0          0         84   _printf_fp_infnan.o
        92          6         40          0          0         84   _printf_hex_int.o
       174          0          0          0          0         88   _printf_intcommon.o
         0          0          0          0          0          0   _printf_percent.o
         4          0          0          0          0          0   _printf_percent_end.o
         6          0          0          0          0          0   _printf_x.o
        10          0          0          0          0         68   _sputc.o
       208          6        148          0          0         92   bigflt0.o
      1910        128          0          0          0        660   btod.o
       148          6          0          0          0         68   d2f.o
      1046         28          0          0          0        320   daddsub_clz.o
        16          6          0          0          0         68   dcheck.o
        16          6          0          0          0         68   dcheck1.o
       120          0          0          0          0         84   dcmpin.o
      1024        272          0          0          0        160   ddiv.o
       116          6          0          0          0         72   dfixu.o
        54          0          0          0          0        136   dflt_clz.o
       112          6          0          0          0         68   dleqf.o
       456         16          0          0          0        100   dmul.o
       136          6          0          0          0         68   drleqf.o
       236          0          0          0          0         92   dunder.o
        12          0          0          0          0         68   exit.o
        80          4          0          0          0         68   f2d.o
       548         18          0          0          0        136   faddsub_clz.o
        12          6          0          0          0         68   fcheck.o
        12          6          0          0          0         68   fcheck1.o
        88          0          0          0          0         68   fcmpin.o
        58          0          0          0          0        136   fflt_clz.o
        40          0          0          0          0         68   fpclassify.o
       108          6          0          0          0         68   frleqf.o
       134          0          0          0          0         84   funder.o
         6          0          0          0          0        148   heapauxi.o
        44         10         28          0          0         76   lc_numeric_c.o
         6          0          0          0          0          0   libinit.o
        18          0          0          0          0          0   libinit2.o
         2          0          0          0          0          0   libshutdown.o
         2          0          0          0          0          0   libshutdown2.o
         8          4          0          0         96         68   libspace.o
       138          0          0          0          0         76   lludiv10.o
        40          6          0          0          0         80   noretval__2sprintf.o
         4          0          0          0          0         68   printf1.o
       100          0          0          0          0         68   retnan.o
        12          6          0          0          0         68   rt_locale_intlibspace.o
        78          0          0          0          0         76   rt_memclr_w.o
       140          0          0          0          0         68   rt_memcpy_v6.o
       100          0          0          0          0         80   rt_memcpy_w.o
         0          0          0          0          0          0   rtentry.o
        12          0          0          0          0          0   rtentry2.o
         6          0          0          0          0          0   rtentry4.o
         0          0          0          0          0          0   rtexit.o
         8          0          0          0          0          0   rtexit2.o
        16          0          0          0          0         68   rtudiv10.o
       128          2          0          0          0         68   strcmpv7m.o
        20         10          0          0          0         68   sys_exit.o
        74          0          0          0          0         80   sys_stackheap_outer.o
        48          0          0          0          0         68   trapv.o
         2          0          0          0          0         68   use_no_semi.o
         0          0          0          0          0          0   usenofp.o

    ----------------------------------------------------------------------
      9688        614        219          0         96       5052   Library Totals
        20          0          3          0          0          0   (incl. Padding)

    ----------------------------------------------------------------------

      Code (inc. data)   RO Data    RW Data    ZI Data      Debug   Library Name

      4956        222        216          0         96       2780   c_w.l
      4672        392          0          0          0       2204   fz_ws.l
        40          0          0          0          0         68   m_ws.l

    ----------------------------------------------------------------------
      9688        614        219          0         96       5052   Library Totals

    ----------------------------------------------------------------------

==============================================================================


      Code (inc. data)   RO Data    RW Data    ZI Data      Debug   

     39908       2650       3420        720       5160     230396   Grand Totals
     39908       2650       3420        464       5160     230396   ELF Image Totals (compressed)
     39908       2650       3420        464          0          0   ROM Totals

==============================================================================

    Total RO  Size (Code + RO Data)                43328 (  42.31kB)
    Total RW  Size (RW Data + ZI Data)              5880 (   5.74kB)
    Total ROM Size (Code + RO Data + RW Data)      43792 (  42.77kB)

==============================================================================

